[ 50%] [32mBuilding CXX object CMakeFiles/talker_component.dir/src/talker_component.cpp.o[0m
[100%] [32m[1mLinking CXX shared library libtalker_component.so[0m
[100%] Built target talker_component
-- Install configuration: ""
-- Installing: /home/yixin/ros2_ws/install/composition_cpp/lib/libtalker_component.so
-- Set non-toolchain portion of runtime path of "/home/yixin/ros2_ws/install/composition_cpp/lib/libtalker_component.so" to ""
-- Up-to-date: /home/yixin/ros2_ws/install/composition_cpp/share/ament_index/resource_index/package_run_dependencies/composition_cpp
-- Up-to-date: /home/yixin/ros2_ws/install/composition_cpp/share/ament_index/resource_index/parent_prefix_path/composition_cpp
-- Up-to-date: /home/yixin/ros2_ws/install/composition_cpp/share/composition_cpp/environment/ament_prefix_path.sh
-- Up-to-date: /home/yixin/ros2_ws/install/composition_cpp/share/composition_cpp/environment/ament_prefix_path.dsv
-- Up-to-date: /home/yixin/ros2_ws/install/composition_cpp/share/composition_cpp/environment/path.sh
-- Up-to-date: /home/yixin/ros2_ws/install/composition_cpp/share/composition_cpp/environment/path.dsv
-- Up-to-date: /home/yixin/ros2_ws/install/composition_cpp/share/composition_cpp/local_setup.bash
-- Up-to-date: /home/yixin/ros2_ws/install/composition_cpp/share/composition_cpp/local_setup.sh
-- Up-to-date: /home/yixin/ros2_ws/install/composition_cpp/share/composition_cpp/local_setup.zsh
-- Up-to-date: /home/yixin/ros2_ws/install/composition_cpp/share/composition_cpp/local_setup.dsv
-- Installing: /home/yixin/ros2_ws/install/composition_cpp/share/composition_cpp/package.dsv
-- Up-to-date: /home/yixin/ros2_ws/install/composition_cpp/share/ament_index/resource_index/packages/composition_cpp
-- Up-to-date: /home/yixin/ros2_ws/install/composition_cpp/share/ament_index/resource_index/rclcpp_components/composition_cpp
-- Up-to-date: /home/yixin/ros2_ws/install/composition_cpp/share/composition_cpp/cmake/composition_cppConfig.cmake
-- Up-to-date: /home/yixin/ros2_ws/install/composition_cpp/share/composition_cpp/cmake/composition_cppConfig-version.cmake
-- Up-to-date: /home/yixin/ros2_ws/install/composition_cpp/share/composition_cpp/package.xml
