[0.192s] Invoking command in '/home/yixin/ros2_ws/build/composition_cpp': CMAKE_PREFIX_PATH=${CMAKE_PREFIX_PATH}:/home/yixin/ros2_ws/install/py_srvcli:/home/yixin/ros2_ws/install/py_pubsub:/home/yixin/ros2_ws/install/python_parameters:/home/yixin/ros2_ws/install/my_python_package:/home/yixin/ros2_ws/install/launch_testing_examples:/home/yixin/ros2_ws/install/examples_rclpy_pointcloud_publisher:/home/yixin/ros2_ws/install/examples_rclpy_minimal_subscriber:/home/yixin/ros2_ws/install/examples_rclpy_minimal_service:/home/yixin/ros2_ws/install/examples_rclpy_minimal_publisher:/home/yixin/ros2_ws/install/examples_rclpy_minimal_client:/home/yixin/ros2_ws/install/examples_rclpy_minimal_action_server:/home/yixin/ros2_ws/install/examples_rclpy_minimal_action_client:/home/yixin/ros2_ws/install/examples_rclpy_guard_conditions:/home/yixin/ros2_ws/install/examples_rclpy_executors:/opt/ros/jazzy DEBUGINFOD_URLS=https://debuginfod.ubuntu.com /usr/bin/cmake --build /home/yixin/ros2_ws/build/composition_cpp -- -j8 -l8
[0.609s] [ 50%] [32mBuilding CXX object CMakeFiles/talker_component.dir/src/talker_component.cpp.o[0m
[28.900s] [100%] [32m[1mLinking CXX shared library libtalker_component.so[0m
[29.915s] [100%] Built target talker_component
[29.971s] Invoked command in '/home/yixin/ros2_ws/build/composition_cpp' returned '0': CMAKE_PREFIX_PATH=${CMAKE_PREFIX_PATH}:/home/yixin/ros2_ws/install/py_srvcli:/home/yixin/ros2_ws/install/py_pubsub:/home/yixin/ros2_ws/install/python_parameters:/home/yixin/ros2_ws/install/my_python_package:/home/yixin/ros2_ws/install/launch_testing_examples:/home/yixin/ros2_ws/install/examples_rclpy_pointcloud_publisher:/home/yixin/ros2_ws/install/examples_rclpy_minimal_subscriber:/home/yixin/ros2_ws/install/examples_rclpy_minimal_service:/home/yixin/ros2_ws/install/examples_rclpy_minimal_publisher:/home/yixin/ros2_ws/install/examples_rclpy_minimal_client:/home/yixin/ros2_ws/install/examples_rclpy_minimal_action_server:/home/yixin/ros2_ws/install/examples_rclpy_minimal_action_client:/home/yixin/ros2_ws/install/examples_rclpy_guard_conditions:/home/yixin/ros2_ws/install/examples_rclpy_executors:/opt/ros/jazzy DEBUGINFOD_URLS=https://debuginfod.ubuntu.com /usr/bin/cmake --build /home/yixin/ros2_ws/build/composition_cpp -- -j8 -l8
[29.974s] Invoking command in '/home/yixin/ros2_ws/build/composition_cpp': CMAKE_PREFIX_PATH=${CMAKE_PREFIX_PATH}:/home/yixin/ros2_ws/install/py_srvcli:/home/yixin/ros2_ws/install/py_pubsub:/home/yixin/ros2_ws/install/python_parameters:/home/yixin/ros2_ws/install/my_python_package:/home/yixin/ros2_ws/install/launch_testing_examples:/home/yixin/ros2_ws/install/examples_rclpy_pointcloud_publisher:/home/yixin/ros2_ws/install/examples_rclpy_minimal_subscriber:/home/yixin/ros2_ws/install/examples_rclpy_minimal_service:/home/yixin/ros2_ws/install/examples_rclpy_minimal_publisher:/home/yixin/ros2_ws/install/examples_rclpy_minimal_client:/home/yixin/ros2_ws/install/examples_rclpy_minimal_action_server:/home/yixin/ros2_ws/install/examples_rclpy_minimal_action_client:/home/yixin/ros2_ws/install/examples_rclpy_guard_conditions:/home/yixin/ros2_ws/install/examples_rclpy_executors:/opt/ros/jazzy DEBUGINFOD_URLS=https://debuginfod.ubuntu.com /usr/bin/cmake --install /home/yixin/ros2_ws/build/composition_cpp
[30.412s] -- Install configuration: ""
[30.412s] -- Installing: /home/yixin/ros2_ws/install/composition_cpp/lib/libtalker_component.so
[30.412s] -- Set non-toolchain portion of runtime path of "/home/yixin/ros2_ws/install/composition_cpp/lib/libtalker_component.so" to ""
[30.412s] -- Up-to-date: /home/yixin/ros2_ws/install/composition_cpp/share/ament_index/resource_index/package_run_dependencies/composition_cpp
[30.412s] -- Up-to-date: /home/yixin/ros2_ws/install/composition_cpp/share/ament_index/resource_index/parent_prefix_path/composition_cpp
[30.412s] -- Up-to-date: /home/yixin/ros2_ws/install/composition_cpp/share/composition_cpp/environment/ament_prefix_path.sh
[30.412s] -- Up-to-date: /home/yixin/ros2_ws/install/composition_cpp/share/composition_cpp/environment/ament_prefix_path.dsv
[30.412s] -- Up-to-date: /home/yixin/ros2_ws/install/composition_cpp/share/composition_cpp/environment/path.sh
[30.412s] -- Up-to-date: /home/yixin/ros2_ws/install/composition_cpp/share/composition_cpp/environment/path.dsv
[30.412s] -- Up-to-date: /home/yixin/ros2_ws/install/composition_cpp/share/composition_cpp/local_setup.bash
[30.413s] -- Up-to-date: /home/yixin/ros2_ws/install/composition_cpp/share/composition_cpp/local_setup.sh
[30.413s] -- Up-to-date: /home/yixin/ros2_ws/install/composition_cpp/share/composition_cpp/local_setup.zsh
[30.413s] -- Up-to-date: /home/yixin/ros2_ws/install/composition_cpp/share/composition_cpp/local_setup.dsv
[30.413s] -- Installing: /home/yixin/ros2_ws/install/composition_cpp/share/composition_cpp/package.dsv
[30.417s] -- Up-to-date: /home/yixin/ros2_ws/install/composition_cpp/share/ament_index/resource_index/packages/composition_cpp
[30.418s] -- Up-to-date: /home/yixin/ros2_ws/install/composition_cpp/share/ament_index/resource_index/rclcpp_components/composition_cpp
[30.418s] -- Up-to-date: /home/yixin/ros2_ws/install/composition_cpp/share/composition_cpp/cmake/composition_cppConfig.cmake
[30.418s] -- Up-to-date: /home/yixin/ros2_ws/install/composition_cpp/share/composition_cpp/cmake/composition_cppConfig-version.cmake
[30.418s] -- Up-to-date: /home/yixin/ros2_ws/install/composition_cpp/share/composition_cpp/package.xml
[30.535s] Invoked command in '/home/yixin/ros2_ws/build/composition_cpp' returned '0': CMAKE_PREFIX_PATH=${CMAKE_PREFIX_PATH}:/home/yixin/ros2_ws/install/py_srvcli:/home/yixin/ros2_ws/install/py_pubsub:/home/yixin/ros2_ws/install/python_parameters:/home/yixin/ros2_ws/install/my_python_package:/home/yixin/ros2_ws/install/launch_testing_examples:/home/yixin/ros2_ws/install/examples_rclpy_pointcloud_publisher:/home/yixin/ros2_ws/install/examples_rclpy_minimal_subscriber:/home/yixin/ros2_ws/install/examples_rclpy_minimal_service:/home/yixin/ros2_ws/install/examples_rclpy_minimal_publisher:/home/yixin/ros2_ws/install/examples_rclpy_minimal_client:/home/yixin/ros2_ws/install/examples_rclpy_minimal_action_server:/home/yixin/ros2_ws/install/examples_rclpy_minimal_action_client:/home/yixin/ros2_ws/install/examples_rclpy_guard_conditions:/home/yixin/ros2_ws/install/examples_rclpy_executors:/opt/ros/jazzy DEBUGINFOD_URLS=https://debuginfod.ubuntu.com /usr/bin/cmake --install /home/yixin/ros2_ws/build/composition_cpp
