[0.040s] Invoking command in '/home/yixin/ros2_ws/build/more_interfaces': CMAKE_PREFIX_PATH=${CMAKE_PREFIX_PATH}:/home/yixin/ros2_ws/install/py_srvcli:/home/yixin/ros2_ws/install/py_pubsub:/home/yixin/ros2_ws/install/python_parameters:/home/yixin/ros2_ws/install/my_python_package:/home/yixin/ros2_ws/install/launch_testing_examples:/home/yixin/ros2_ws/install/examples_rclpy_pointcloud_publisher:/home/yixin/ros2_ws/install/examples_rclpy_minimal_subscriber:/home/yixin/ros2_ws/install/examples_rclpy_minimal_service:/home/yixin/ros2_ws/install/examples_rclpy_minimal_publisher:/home/yixin/ros2_ws/install/examples_rclpy_minimal_client:/home/yixin/ros2_ws/install/examples_rclpy_minimal_action_server:/home/yixin/ros2_ws/install/examples_rclpy_minimal_action_client:/home/yixin/ros2_ws/install/examples_rclpy_guard_conditions:/home/yixin/ros2_ws/install/examples_rclpy_executors:/opt/ros/jazzy DEBUGINFOD_URLS=https://debuginfod.ubuntu.com /usr/bin/cmake --build /home/yixin/ros2_ws/build/more_interfaces -- -j8 -l8
[0.248s] [  2%] Built target more_interfaces__rs
[0.252s] [  5%] Built target more_interfaces__rosidl_generator_type_description
[0.283s] [  5%] Built target ament_cmake_python_copy_more_interfaces
[0.342s] [  8%] Built target more_interfaces__cpp
[0.350s] [ 21%] Built target more_interfaces__rosidl_generator_c
[0.463s] [ 29%] Built target more_interfaces__rosidl_typesupport_fastrtps_cpp
[0.478s] [ 37%] Built target more_interfaces__rosidl_typesupport_fastrtps_c
[0.482s] [ 45%] Built target more_interfaces__rosidl_typesupport_c
[0.489s] [ 54%] Built target more_interfaces__rosidl_typesupport_introspection_cpp
[0.495s] [ 62%] Built target more_interfaces__rosidl_typesupport_introspection_c
[0.518s] [ 70%] Built target more_interfaces__rosidl_typesupport_cpp
[0.606s] [ 70%] Built target more_interfaces
[0.663s] [ 72%] [32mBuilding CXX object CMakeFiles/publish_address_book.dir/src/publish_address_book.cpp.o[0m
[0.700s] [ 75%] Built target more_interfaces__py
[0.816s] [ 81%] Built target more_interfaces__rosidl_generator_py
[0.944s] [ 86%] Built target more_interfaces_s__rosidl_typesupport_fastrtps_c
[0.952s] [ 91%] Built target more_interfaces_s__rosidl_typesupport_c
[0.978s] [ 97%] Built target more_interfaces_s__rosidl_typesupport_introspection_c
[1.197s] running egg_info
[1.267s] writing more_interfaces.egg-info/PKG-INFO
[1.267s] writing dependency_links to more_interfaces.egg-info/dependency_links.txt
[1.268s] writing top-level names to more_interfaces.egg-info/top_level.txt
[1.464s] reading manifest file 'more_interfaces.egg-info/SOURCES.txt'
[1.466s] writing manifest file 'more_interfaces.egg-info/SOURCES.txt'
[1.573s] [ 97%] Built target ament_cmake_python_build_more_interfaces_egg
[7.001s] [100%] [32m[1mLinking CXX executable publish_address_book[0m
[7.219s] [100%] Built target publish_address_book
[7.235s] Invoked command in '/home/yixin/ros2_ws/build/more_interfaces' returned '0': CMAKE_PREFIX_PATH=${CMAKE_PREFIX_PATH}:/home/yixin/ros2_ws/install/py_srvcli:/home/yixin/ros2_ws/install/py_pubsub:/home/yixin/ros2_ws/install/python_parameters:/home/yixin/ros2_ws/install/my_python_package:/home/yixin/ros2_ws/install/launch_testing_examples:/home/yixin/ros2_ws/install/examples_rclpy_pointcloud_publisher:/home/yixin/ros2_ws/install/examples_rclpy_minimal_subscriber:/home/yixin/ros2_ws/install/examples_rclpy_minimal_service:/home/yixin/ros2_ws/install/examples_rclpy_minimal_publisher:/home/yixin/ros2_ws/install/examples_rclpy_minimal_client:/home/yixin/ros2_ws/install/examples_rclpy_minimal_action_server:/home/yixin/ros2_ws/install/examples_rclpy_minimal_action_client:/home/yixin/ros2_ws/install/examples_rclpy_guard_conditions:/home/yixin/ros2_ws/install/examples_rclpy_executors:/opt/ros/jazzy DEBUGINFOD_URLS=https://debuginfod.ubuntu.com /usr/bin/cmake --build /home/yixin/ros2_ws/build/more_interfaces -- -j8 -l8
[7.249s] Invoking command in '/home/yixin/ros2_ws/build/more_interfaces': CMAKE_PREFIX_PATH=${CMAKE_PREFIX_PATH}:/home/yixin/ros2_ws/install/py_srvcli:/home/yixin/ros2_ws/install/py_pubsub:/home/yixin/ros2_ws/install/python_parameters:/home/yixin/ros2_ws/install/my_python_package:/home/yixin/ros2_ws/install/launch_testing_examples:/home/yixin/ros2_ws/install/examples_rclpy_pointcloud_publisher:/home/yixin/ros2_ws/install/examples_rclpy_minimal_subscriber:/home/yixin/ros2_ws/install/examples_rclpy_minimal_service:/home/yixin/ros2_ws/install/examples_rclpy_minimal_publisher:/home/yixin/ros2_ws/install/examples_rclpy_minimal_client:/home/yixin/ros2_ws/install/examples_rclpy_minimal_action_server:/home/yixin/ros2_ws/install/examples_rclpy_minimal_action_client:/home/yixin/ros2_ws/install/examples_rclpy_guard_conditions:/home/yixin/ros2_ws/install/examples_rclpy_executors:/opt/ros/jazzy DEBUGINFOD_URLS=https://debuginfod.ubuntu.com /usr/bin/cmake --install /home/yixin/ros2_ws/build/more_interfaces
[7.262s] -- Install configuration: ""
[7.262s] -- Up-to-date: /home/yixin/ros2_ws/install/more_interfaces/share/ament_index/resource_index/rosidl_interfaces/more_interfaces
[7.262s] -- Up-to-date: /home/yixin/ros2_ws/install/more_interfaces/share/more_interfaces/msg/AddressBook.json
[7.262s] -- Up-to-date: /home/yixin/ros2_ws/install/more_interfaces/include/more_interfaces/more_interfaces
[7.262s] -- Up-to-date: /home/yixin/ros2_ws/install/more_interfaces/include/more_interfaces/more_interfaces/msg
[7.262s] -- Up-to-date: /home/yixin/ros2_ws/install/more_interfaces/include/more_interfaces/more_interfaces/msg/rosidl_generator_c__visibility_control.h
[7.262s] -- Up-to-date: /home/yixin/ros2_ws/install/more_interfaces/include/more_interfaces/more_interfaces/msg/detail
[7.262s] -- Up-to-date: /home/yixin/ros2_ws/install/more_interfaces/include/more_interfaces/more_interfaces/msg/detail/address_book__functions.c
[7.262s] -- Up-to-date: /home/yixin/ros2_ws/install/more_interfaces/include/more_interfaces/more_interfaces/msg/detail/address_book__type_support.h
[7.262s] -- Up-to-date: /home/yixin/ros2_ws/install/more_interfaces/include/more_interfaces/more_interfaces/msg/detail/address_book__description.c
[7.262s] -- Up-to-date: /home/yixin/ros2_ws/install/more_interfaces/include/more_interfaces/more_interfaces/msg/detail/address_book__struct.h
[7.263s] -- Up-to-date: /home/yixin/ros2_ws/install/more_interfaces/include/more_interfaces/more_interfaces/msg/detail/address_book__functions.h
[7.263s] -- Installing: /home/yixin/ros2_ws/install/more_interfaces/include/more_interfaces/more_interfaces/msg/detail/address_book__type_support.c
[7.263s] -- Up-to-date: /home/yixin/ros2_ws/install/more_interfaces/include/more_interfaces/more_interfaces/msg/address_book.h
[7.263s] -- Up-to-date: /home/yixin/ros2_ws/install/more_interfaces/share/more_interfaces/environment/library_path.sh
[7.263s] -- Up-to-date: /home/yixin/ros2_ws/install/more_interfaces/share/more_interfaces/environment/library_path.dsv
[7.263s] -- Up-to-date: /home/yixin/ros2_ws/install/more_interfaces/lib/libmore_interfaces__rosidl_generator_c.so
[7.263s] -- Up-to-date: /home/yixin/ros2_ws/install/more_interfaces/include/more_interfaces/more_interfaces
[7.263s] -- Up-to-date: /home/yixin/ros2_ws/install/more_interfaces/include/more_interfaces/more_interfaces/msg
[7.263s] -- Up-to-date: /home/yixin/ros2_ws/install/more_interfaces/include/more_interfaces/more_interfaces/msg/detail
[7.263s] -- Up-to-date: /home/yixin/ros2_ws/install/more_interfaces/include/more_interfaces/more_interfaces/msg/detail/address_book__rosidl_typesupport_fastrtps_c.h
[7.263s] -- Up-to-date: /home/yixin/ros2_ws/install/more_interfaces/include/more_interfaces/more_interfaces/msg/rosidl_typesupport_fastrtps_c__visibility_control.h
[7.263s] -- Up-to-date: /home/yixin/ros2_ws/install/more_interfaces/lib/libmore_interfaces__rosidl_typesupport_fastrtps_c.so
[7.263s] -- Up-to-date: /home/yixin/ros2_ws/install/more_interfaces/include/more_interfaces/more_interfaces
[7.264s] -- Up-to-date: /home/yixin/ros2_ws/install/more_interfaces/include/more_interfaces/more_interfaces/msg
[7.264s] -- Up-to-date: /home/yixin/ros2_ws/install/more_interfaces/include/more_interfaces/more_interfaces/msg/detail
[7.264s] -- Up-to-date: /home/yixin/ros2_ws/install/more_interfaces/include/more_interfaces/more_interfaces/msg/detail/address_book__rosidl_typesupport_introspection_c.h
[7.264s] -- Installing: /home/yixin/ros2_ws/install/more_interfaces/include/more_interfaces/more_interfaces/msg/detail/address_book__type_support.c
[7.264s] -- Up-to-date: /home/yixin/ros2_ws/install/more_interfaces/include/more_interfaces/more_interfaces/msg/rosidl_typesupport_introspection_c__visibility_control.h
[7.264s] -- Up-to-date: /home/yixin/ros2_ws/install/more_interfaces/lib/libmore_interfaces__rosidl_typesupport_introspection_c.so
[7.265s] -- Up-to-date: /home/yixin/ros2_ws/install/more_interfaces/lib/libmore_interfaces__rosidl_typesupport_c.so
[7.265s] -- Up-to-date: /home/yixin/ros2_ws/install/more_interfaces/include/more_interfaces/more_interfaces
[7.265s] -- Up-to-date: /home/yixin/ros2_ws/install/more_interfaces/include/more_interfaces/more_interfaces/msg
[7.265s] -- Up-to-date: /home/yixin/ros2_ws/install/more_interfaces/include/more_interfaces/more_interfaces/msg/detail
[7.265s] -- Up-to-date: /home/yixin/ros2_ws/install/more_interfaces/include/more_interfaces/more_interfaces/msg/detail/address_book__builder.hpp
[7.265s] -- Up-to-date: /home/yixin/ros2_ws/install/more_interfaces/include/more_interfaces/more_interfaces/msg/detail/address_book__struct.hpp
[7.265s] -- Up-to-date: /home/yixin/ros2_ws/install/more_interfaces/include/more_interfaces/more_interfaces/msg/detail/address_book__type_support.hpp
[7.265s] -- Up-to-date: /home/yixin/ros2_ws/install/more_interfaces/include/more_interfaces/more_interfaces/msg/detail/address_book__traits.hpp
[7.265s] -- Up-to-date: /home/yixin/ros2_ws/install/more_interfaces/include/more_interfaces/more_interfaces/msg/rosidl_generator_cpp__visibility_control.hpp
[7.265s] -- Up-to-date: /home/yixin/ros2_ws/install/more_interfaces/include/more_interfaces/more_interfaces/msg/address_book.hpp
[7.266s] -- Up-to-date: /home/yixin/ros2_ws/install/more_interfaces/include/more_interfaces/more_interfaces
[7.266s] -- Up-to-date: /home/yixin/ros2_ws/install/more_interfaces/include/more_interfaces/more_interfaces/msg
[7.266s] -- Up-to-date: /home/yixin/ros2_ws/install/more_interfaces/include/more_interfaces/more_interfaces/msg/detail
[7.266s] -- Up-to-date: /home/yixin/ros2_ws/install/more_interfaces/include/more_interfaces/more_interfaces/msg/detail/dds_fastrtps
[7.266s] -- Up-to-date: /home/yixin/ros2_ws/install/more_interfaces/include/more_interfaces/more_interfaces/msg/detail/address_book__rosidl_typesupport_fastrtps_cpp.hpp
[7.266s] -- Up-to-date: /home/yixin/ros2_ws/install/more_interfaces/include/more_interfaces/more_interfaces/msg/rosidl_typesupport_fastrtps_cpp__visibility_control.h
[7.266s] -- Up-to-date: /home/yixin/ros2_ws/install/more_interfaces/lib/libmore_interfaces__rosidl_typesupport_fastrtps_cpp.so
[7.266s] -- Up-to-date: /home/yixin/ros2_ws/install/more_interfaces/include/more_interfaces/more_interfaces
[7.266s] -- Up-to-date: /home/yixin/ros2_ws/install/more_interfaces/include/more_interfaces/more_interfaces/msg
[7.266s] -- Up-to-date: /home/yixin/ros2_ws/install/more_interfaces/include/more_interfaces/more_interfaces/msg/detail
[7.266s] -- Up-to-date: /home/yixin/ros2_ws/install/more_interfaces/include/more_interfaces/more_interfaces/msg/detail/address_book__rosidl_typesupport_introspection_cpp.hpp
[7.266s] -- Up-to-date: /home/yixin/ros2_ws/install/more_interfaces/include/more_interfaces/more_interfaces/msg/detail/address_book__type_support.cpp
[7.266s] -- Up-to-date: /home/yixin/ros2_ws/install/more_interfaces/lib/libmore_interfaces__rosidl_typesupport_introspection_cpp.so
[7.267s] -- Up-to-date: /home/yixin/ros2_ws/install/more_interfaces/lib/libmore_interfaces__rosidl_typesupport_cpp.so
[7.267s] -- Up-to-date: /home/yixin/ros2_ws/install/more_interfaces/share/more_interfaces/environment/pythonpath.sh
[7.267s] -- Up-to-date: /home/yixin/ros2_ws/install/more_interfaces/share/more_interfaces/environment/pythonpath.dsv
[7.267s] -- Up-to-date: /home/yixin/ros2_ws/install/more_interfaces/lib/python3.12/site-packages/more_interfaces-0.0.0-py3.12.egg-info
[7.267s] -- Installing: /home/yixin/ros2_ws/install/more_interfaces/lib/python3.12/site-packages/more_interfaces-0.0.0-py3.12.egg-info/top_level.txt
[7.267s] -- Installing: /home/yixin/ros2_ws/install/more_interfaces/lib/python3.12/site-packages/more_interfaces-0.0.0-py3.12.egg-info/dependency_links.txt
[7.267s] -- Installing: /home/yixin/ros2_ws/install/more_interfaces/lib/python3.12/site-packages/more_interfaces-0.0.0-py3.12.egg-info/PKG-INFO
[7.268s] -- Installing: /home/yixin/ros2_ws/install/more_interfaces/lib/python3.12/site-packages/more_interfaces-0.0.0-py3.12.egg-info/SOURCES.txt
[7.268s] -- Up-to-date: /home/yixin/ros2_ws/install/more_interfaces/lib/python3.12/site-packages/more_interfaces
[7.268s] -- Up-to-date: /home/yixin/ros2_ws/install/more_interfaces/lib/python3.12/site-packages/more_interfaces/_more_interfaces_s.ep.rosidl_typesupport_c.c
[7.268s] -- Up-to-date: /home/yixin/ros2_ws/install/more_interfaces/lib/python3.12/site-packages/more_interfaces/more_interfaces_s__rosidl_typesupport_c.so
[7.268s] -- Up-to-date: /home/yixin/ros2_ws/install/more_interfaces/lib/python3.12/site-packages/more_interfaces/__init__.py
[7.268s] -- Up-to-date: /home/yixin/ros2_ws/install/more_interfaces/lib/python3.12/site-packages/more_interfaces/_more_interfaces_s.ep.rosidl_typesupport_introspection_c.c
[7.268s] -- Up-to-date: /home/yixin/ros2_ws/install/more_interfaces/lib/python3.12/site-packages/more_interfaces/_more_interfaces_s.ep.rosidl_typesupport_fastrtps_c.c
[7.268s] -- Up-to-date: /home/yixin/ros2_ws/install/more_interfaces/lib/python3.12/site-packages/more_interfaces/more_interfaces_s__rosidl_typesupport_fastrtps_c.so
[7.268s] -- Up-to-date: /home/yixin/ros2_ws/install/more_interfaces/lib/python3.12/site-packages/more_interfaces/msg
[7.268s] -- Up-to-date: /home/yixin/ros2_ws/install/more_interfaces/lib/python3.12/site-packages/more_interfaces/msg/__init__.py
[7.268s] -- Up-to-date: /home/yixin/ros2_ws/install/more_interfaces/lib/python3.12/site-packages/more_interfaces/msg/_address_book_s.c
[7.269s] -- Up-to-date: /home/yixin/ros2_ws/install/more_interfaces/lib/python3.12/site-packages/more_interfaces/msg/_address_book.py
[7.269s] -- Up-to-date: /home/yixin/ros2_ws/install/more_interfaces/lib/python3.12/site-packages/more_interfaces/more_interfaces_s__rosidl_typesupport_introspection_c.so
[7.308s] Listing '/home/yixin/ros2_ws/install/more_interfaces/lib/python3.12/site-packages/more_interfaces'...
[7.308s] Listing '/home/yixin/ros2_ws/install/more_interfaces/lib/python3.12/site-packages/more_interfaces/msg'...
[7.320s] -- Up-to-date: /home/yixin/ros2_ws/install/more_interfaces/lib/python3.12/site-packages/more_interfaces/more_interfaces_s__rosidl_typesupport_fastrtps_c.so
[7.320s] -- Up-to-date: /home/yixin/ros2_ws/install/more_interfaces/lib/python3.12/site-packages/more_interfaces/more_interfaces_s__rosidl_typesupport_introspection_c.so
[7.320s] -- Up-to-date: /home/yixin/ros2_ws/install/more_interfaces/lib/python3.12/site-packages/more_interfaces/more_interfaces_s__rosidl_typesupport_c.so
[7.321s] -- Up-to-date: /home/yixin/ros2_ws/install/more_interfaces/lib/libmore_interfaces__rosidl_generator_py.so
[7.321s] -- Up-to-date: /home/yixin/ros2_ws/install/more_interfaces/share/ament_index/resource_index/rust_packages/more_interfaces
[7.321s] -- Up-to-date: /home/yixin/ros2_ws/install/more_interfaces/share/more_interfaces/rust
[7.321s] -- Up-to-date: /home/yixin/ros2_ws/install/more_interfaces/share/more_interfaces/rust/Cargo.toml
[7.321s] -- Up-to-date: /home/yixin/ros2_ws/install/more_interfaces/share/more_interfaces/rust/src
[7.321s] -- Up-to-date: /home/yixin/ros2_ws/install/more_interfaces/share/more_interfaces/rust/src/msg.rs
[7.321s] -- Up-to-date: /home/yixin/ros2_ws/install/more_interfaces/share/more_interfaces/rust/src/lib.rs
[7.321s] -- Up-to-date: /home/yixin/ros2_ws/install/more_interfaces/share/more_interfaces/rust/src/msg
[7.322s] -- Up-to-date: /home/yixin/ros2_ws/install/more_interfaces/share/more_interfaces/rust/src/msg/rmw.rs
[7.322s] -- Up-to-date: /home/yixin/ros2_ws/install/more_interfaces/share/more_interfaces/rust/build.rs
[7.322s] -- Up-to-date: /home/yixin/ros2_ws/install/more_interfaces/share/more_interfaces/msg/AddressBook.idl
[7.322s] -- Up-to-date: /home/yixin/ros2_ws/install/more_interfaces/share/more_interfaces/msg/AddressBook.msg
[7.322s] -- Installing: /home/yixin/ros2_ws/install/more_interfaces/lib/more_interfaces/publish_address_book
[7.324s] -- Set non-toolchain portion of runtime path of "/home/yixin/ros2_ws/install/more_interfaces/lib/more_interfaces/publish_address_book" to ""
[7.324s] -- Up-to-date: /home/yixin/ros2_ws/install/more_interfaces/share/ament_index/resource_index/package_run_dependencies/more_interfaces
[7.324s] -- Up-to-date: /home/yixin/ros2_ws/install/more_interfaces/share/ament_index/resource_index/parent_prefix_path/more_interfaces
[7.324s] -- Up-to-date: /home/yixin/ros2_ws/install/more_interfaces/share/more_interfaces/environment/ament_prefix_path.sh
[7.324s] -- Up-to-date: /home/yixin/ros2_ws/install/more_interfaces/share/more_interfaces/environment/ament_prefix_path.dsv
[7.324s] -- Up-to-date: /home/yixin/ros2_ws/install/more_interfaces/share/more_interfaces/environment/path.sh
[7.324s] -- Up-to-date: /home/yixin/ros2_ws/install/more_interfaces/share/more_interfaces/environment/path.dsv
[7.324s] -- Up-to-date: /home/yixin/ros2_ws/install/more_interfaces/share/more_interfaces/local_setup.bash
[7.324s] -- Up-to-date: /home/yixin/ros2_ws/install/more_interfaces/share/more_interfaces/local_setup.sh
[7.324s] -- Up-to-date: /home/yixin/ros2_ws/install/more_interfaces/share/more_interfaces/local_setup.zsh
[7.324s] -- Up-to-date: /home/yixin/ros2_ws/install/more_interfaces/share/more_interfaces/local_setup.dsv
[7.324s] -- Installing: /home/yixin/ros2_ws/install/more_interfaces/share/more_interfaces/package.dsv
[7.325s] -- Up-to-date: /home/yixin/ros2_ws/install/more_interfaces/share/ament_index/resource_index/packages/more_interfaces
[7.325s] -- Up-to-date: /home/yixin/ros2_ws/install/more_interfaces/share/more_interfaces/cmake/export_more_interfaces__rosidl_generator_cExport.cmake
[7.325s] -- Up-to-date: /home/yixin/ros2_ws/install/more_interfaces/share/more_interfaces/cmake/export_more_interfaces__rosidl_generator_cExport-noconfig.cmake
[7.325s] -- Up-to-date: /home/yixin/ros2_ws/install/more_interfaces/share/more_interfaces/cmake/export_more_interfaces__rosidl_typesupport_fastrtps_cExport.cmake
[7.325s] -- Up-to-date: /home/yixin/ros2_ws/install/more_interfaces/share/more_interfaces/cmake/export_more_interfaces__rosidl_typesupport_fastrtps_cExport-noconfig.cmake
[7.325s] -- Up-to-date: /home/yixin/ros2_ws/install/more_interfaces/share/more_interfaces/cmake/more_interfaces__rosidl_typesupport_introspection_cExport.cmake
[7.325s] -- Up-to-date: /home/yixin/ros2_ws/install/more_interfaces/share/more_interfaces/cmake/more_interfaces__rosidl_typesupport_introspection_cExport-noconfig.cmake
[7.325s] -- Up-to-date: /home/yixin/ros2_ws/install/more_interfaces/share/more_interfaces/cmake/more_interfaces__rosidl_typesupport_cExport.cmake
[7.325s] -- Up-to-date: /home/yixin/ros2_ws/install/more_interfaces/share/more_interfaces/cmake/more_interfaces__rosidl_typesupport_cExport-noconfig.cmake
[7.325s] -- Up-to-date: /home/yixin/ros2_ws/install/more_interfaces/share/more_interfaces/cmake/export_more_interfaces__rosidl_generator_cppExport.cmake
[7.325s] -- Up-to-date: /home/yixin/ros2_ws/install/more_interfaces/share/more_interfaces/cmake/export_more_interfaces__rosidl_typesupport_fastrtps_cppExport.cmake
[7.325s] -- Up-to-date: /home/yixin/ros2_ws/install/more_interfaces/share/more_interfaces/cmake/export_more_interfaces__rosidl_typesupport_fastrtps_cppExport-noconfig.cmake
[7.326s] -- Up-to-date: /home/yixin/ros2_ws/install/more_interfaces/share/more_interfaces/cmake/more_interfaces__rosidl_typesupport_introspection_cppExport.cmake
[7.326s] -- Up-to-date: /home/yixin/ros2_ws/install/more_interfaces/share/more_interfaces/cmake/more_interfaces__rosidl_typesupport_introspection_cppExport-noconfig.cmake
[7.326s] -- Up-to-date: /home/yixin/ros2_ws/install/more_interfaces/share/more_interfaces/cmake/more_interfaces__rosidl_typesupport_cppExport.cmake
[7.326s] -- Up-to-date: /home/yixin/ros2_ws/install/more_interfaces/share/more_interfaces/cmake/more_interfaces__rosidl_typesupport_cppExport-noconfig.cmake
[7.326s] -- Up-to-date: /home/yixin/ros2_ws/install/more_interfaces/share/more_interfaces/cmake/export_more_interfaces__rosidl_generator_pyExport.cmake
[7.326s] -- Up-to-date: /home/yixin/ros2_ws/install/more_interfaces/share/more_interfaces/cmake/export_more_interfaces__rosidl_generator_pyExport-noconfig.cmake
[7.326s] -- Up-to-date: /home/yixin/ros2_ws/install/more_interfaces/share/more_interfaces/cmake/rosidl_cmake-extras.cmake
[7.326s] -- Up-to-date: /home/yixin/ros2_ws/install/more_interfaces/share/more_interfaces/cmake/ament_cmake_export_include_directories-extras.cmake
[7.326s] -- Up-to-date: /home/yixin/ros2_ws/install/more_interfaces/share/more_interfaces/cmake/ament_cmake_export_libraries-extras.cmake
[7.326s] -- Up-to-date: /home/yixin/ros2_ws/install/more_interfaces/share/more_interfaces/cmake/ament_cmake_export_targets-extras.cmake
[7.326s] -- Up-to-date: /home/yixin/ros2_ws/install/more_interfaces/share/more_interfaces/cmake/rosidl_cmake_export_typesupport_targets-extras.cmake
[7.327s] -- Up-to-date: /home/yixin/ros2_ws/install/more_interfaces/share/more_interfaces/cmake/ament_cmake_export_dependencies-extras.cmake
[7.327s] -- Up-to-date: /home/yixin/ros2_ws/install/more_interfaces/share/more_interfaces/cmake/rosidl_cmake_export_typesupport_libraries-extras.cmake
[7.327s] -- Up-to-date: /home/yixin/ros2_ws/install/more_interfaces/share/more_interfaces/cmake/rosidl_cmake_aggregate_target-extras.cmake
[7.327s] -- Up-to-date: /home/yixin/ros2_ws/install/more_interfaces/share/more_interfaces/cmake/more_interfacesConfig.cmake
[7.327s] -- Up-to-date: /home/yixin/ros2_ws/install/more_interfaces/share/more_interfaces/cmake/more_interfacesConfig-version.cmake
[7.327s] -- Up-to-date: /home/yixin/ros2_ws/install/more_interfaces/share/more_interfaces/package.xml
[7.330s] Invoked command in '/home/yixin/ros2_ws/build/more_interfaces' returned '0': CMAKE_PREFIX_PATH=${CMAKE_PREFIX_PATH}:/home/yixin/ros2_ws/install/py_srvcli:/home/yixin/ros2_ws/install/py_pubsub:/home/yixin/ros2_ws/install/python_parameters:/home/yixin/ros2_ws/install/my_python_package:/home/yixin/ros2_ws/install/launch_testing_examples:/home/yixin/ros2_ws/install/examples_rclpy_pointcloud_publisher:/home/yixin/ros2_ws/install/examples_rclpy_minimal_subscriber:/home/yixin/ros2_ws/install/examples_rclpy_minimal_service:/home/yixin/ros2_ws/install/examples_rclpy_minimal_publisher:/home/yixin/ros2_ws/install/examples_rclpy_minimal_client:/home/yixin/ros2_ws/install/examples_rclpy_minimal_action_server:/home/yixin/ros2_ws/install/examples_rclpy_minimal_action_client:/home/yixin/ros2_ws/install/examples_rclpy_guard_conditions:/home/yixin/ros2_ws/install/examples_rclpy_executors:/opt/ros/jazzy DEBUGINFOD_URLS=https://debuginfod.ubuntu.com /usr/bin/cmake --install /home/yixin/ros2_ws/build/more_interfaces
