[0.212s] Invoking command in '/home/yixin/ros2_ws/build/custom_action_interfaces': CMAKE_PREFIX_PATH=${CMAKE_PREFIX_PATH}:/home/yixin/ros2_ws/install/py_srvcli:/home/yixin/ros2_ws/install/py_pubsub:/home/yixin/ros2_ws/install/python_parameters:/home/yixin/ros2_ws/install/my_python_package:/home/yixin/ros2_ws/install/launch_testing_examples:/home/yixin/ros2_ws/install/examples_rclpy_pointcloud_publisher:/home/yixin/ros2_ws/install/examples_rclpy_minimal_subscriber:/home/yixin/ros2_ws/install/examples_rclpy_minimal_service:/home/yixin/ros2_ws/install/examples_rclpy_minimal_publisher:/home/yixin/ros2_ws/install/examples_rclpy_minimal_client:/home/yixin/ros2_ws/install/examples_rclpy_minimal_action_server:/home/yixin/ros2_ws/install/examples_rclpy_minimal_action_client:/home/yixin/ros2_ws/install/examples_rclpy_guard_conditions:/home/yixin/ros2_ws/install/examples_rclpy_executors:/opt/ros/jazzy DEBUGINFOD_URLS=https://debuginfod.ubuntu.com /usr/bin/cmake --build /home/yixin/ros2_ws/build/custom_action_interfaces -- -j8 -l8
[0.545s] [  2%] Built target custom_action_interfaces__rosidl_generator_type_description
[0.754s] [ 17%] Built target custom_action_interfaces__rosidl_generator_c
[0.781s] [ 17%] Built target ament_cmake_python_copy_custom_action_interfaces
[0.834s] [ 20%] Built target custom_action_interfaces__cpp
[1.053s] [ 29%] Built target custom_action_interfaces__rosidl_typesupport_introspection_c
[1.113s] [ 32%] [32mBuilding CXX object CMakeFiles/custom_action_interfaces__rosidl_typesupport_fastrtps_c.dir/rosidl_typesupport_fastrtps_c/custom_action_interfaces/action/detail/fibonacci__type_support_c.cpp.o[0m
[1.165s] [ 41%] Built target custom_action_interfaces__rosidl_typesupport_c
[1.201s] [ 44%] [32mBuilding CXX object CMakeFiles/custom_action_interfaces__rosidl_typesupport_fastrtps_cpp.dir/rosidl_typesupport_fastrtps_cpp/custom_action_interfaces/action/detail/dds_fastrtps/fibonacci__type_support.cpp.o[0m
[1.270s] [ 47%] [32mBuilding CXX object CMakeFiles/custom_action_interfaces__rosidl_typesupport_introspection_cpp.dir/rosidl_typesupport_introspection_cpp/custom_action_interfaces/action/detail/fibonacci__type_support.cpp.o[0m
[1.320s] [ 50%] [32mBuilding CXX object CMakeFiles/custom_action_interfaces__rosidl_typesupport_cpp.dir/rosidl_typesupport_cpp/custom_action_interfaces/action/fibonacci__type_support.cpp.o[0m
[4.157s] running egg_info
[4.620s] writing custom_action_interfaces.egg-info/PKG-INFO
[4.635s] writing dependency_links to custom_action_interfaces.egg-info/dependency_links.txt
[4.636s] writing top-level names to custom_action_interfaces.egg-info/top_level.txt
[5.712s] reading manifest file 'custom_action_interfaces.egg-info/SOURCES.txt'
[5.723s] writing manifest file 'custom_action_interfaces.egg-info/SOURCES.txt'
[6.313s] [ 50%] Built target ament_cmake_python_build_custom_action_interfaces_egg
[9.445s] [ 52%] [32m[1mLinking CXX shared library libcustom_action_interfaces__rosidl_typesupport_fastrtps_c.so[0m
[9.814s] [ 55%] Built target custom_action_interfaces__rosidl_typesupport_fastrtps_c
[10.556s] [ 58%] [32m[1mLinking CXX shared library libcustom_action_interfaces__rosidl_typesupport_cpp.so[0m
[11.112s] [ 61%] Built target custom_action_interfaces__rosidl_typesupport_cpp
[11.159s] [ 64%] [32m[1mLinking CXX shared library libcustom_action_interfaces__rosidl_typesupport_introspection_cpp.so[0m
[11.894s] [ 67%] Built target custom_action_interfaces__rosidl_typesupport_introspection_cpp
[12.571s] [ 70%] [32m[1mLinking CXX shared library libcustom_action_interfaces__rosidl_typesupport_fastrtps_cpp.so[0m
[13.358s] [ 73%] Built target custom_action_interfaces__rosidl_typesupport_fastrtps_cpp
[13.552s] [ 73%] Built target custom_action_interfaces
[13.681s] [ 76%] Built target custom_action_interfaces__py
[13.820s] [ 79%] [32mBuilding C object CMakeFiles/custom_action_interfaces__rosidl_generator_py.dir/rosidl_generator_py/custom_action_interfaces/action/_fibonacci_s.c.o[0m
[14.761s] [ 82%] [32m[1mLinking C shared library libcustom_action_interfaces__rosidl_generator_py.so[0m
[15.117s] [ 82%] Built target custom_action_interfaces__rosidl_generator_py
[15.275s] [ 85%] [32mBuilding C object CMakeFiles/custom_action_interfaces_s__rosidl_typesupport_introspection_c.dir/rosidl_generator_py/custom_action_interfaces/_custom_action_interfaces_s.ep.rosidl_typesupport_introspection_c.c.o[0m
[15.275s] [ 88%] [32mBuilding C object CMakeFiles/custom_action_interfaces_s__rosidl_typesupport_c.dir/rosidl_generator_py/custom_action_interfaces/_custom_action_interfaces_s.ep.rosidl_typesupport_c.c.o[0m
[15.316s] [ 91%] [32mBuilding C object CMakeFiles/custom_action_interfaces_s__rosidl_typesupport_fastrtps_c.dir/rosidl_generator_py/custom_action_interfaces/_custom_action_interfaces_s.ep.rosidl_typesupport_fastrtps_c.c.o[0m
[15.881s] [ 94%] [32m[1mLinking C shared module rosidl_generator_py/custom_action_interfaces/custom_action_interfaces_s__rosidl_typesupport_introspection_c.so[0m
[15.944s] [ 97%] [32m[1mLinking C shared module rosidl_generator_py/custom_action_interfaces/custom_action_interfaces_s__rosidl_typesupport_c.so[0m
[16.084s] [ 97%] Built target custom_action_interfaces_s__rosidl_typesupport_introspection_c
[16.154s] [ 97%] Built target custom_action_interfaces_s__rosidl_typesupport_c
[16.161s] [100%] [32m[1mLinking C shared module rosidl_generator_py/custom_action_interfaces/custom_action_interfaces_s__rosidl_typesupport_fastrtps_c.so[0m
[16.347s] [100%] Built target custom_action_interfaces_s__rosidl_typesupport_fastrtps_c
[16.436s] Invoked command in '/home/yixin/ros2_ws/build/custom_action_interfaces' returned '0': CMAKE_PREFIX_PATH=${CMAKE_PREFIX_PATH}:/home/yixin/ros2_ws/install/py_srvcli:/home/yixin/ros2_ws/install/py_pubsub:/home/yixin/ros2_ws/install/python_parameters:/home/yixin/ros2_ws/install/my_python_package:/home/yixin/ros2_ws/install/launch_testing_examples:/home/yixin/ros2_ws/install/examples_rclpy_pointcloud_publisher:/home/yixin/ros2_ws/install/examples_rclpy_minimal_subscriber:/home/yixin/ros2_ws/install/examples_rclpy_minimal_service:/home/yixin/ros2_ws/install/examples_rclpy_minimal_publisher:/home/yixin/ros2_ws/install/examples_rclpy_minimal_client:/home/yixin/ros2_ws/install/examples_rclpy_minimal_action_server:/home/yixin/ros2_ws/install/examples_rclpy_minimal_action_client:/home/yixin/ros2_ws/install/examples_rclpy_guard_conditions:/home/yixin/ros2_ws/install/examples_rclpy_executors:/opt/ros/jazzy DEBUGINFOD_URLS=https://debuginfod.ubuntu.com /usr/bin/cmake --build /home/yixin/ros2_ws/build/custom_action_interfaces -- -j8 -l8
[16.439s] Invoking command in '/home/yixin/ros2_ws/build/custom_action_interfaces': CMAKE_PREFIX_PATH=${CMAKE_PREFIX_PATH}:/home/yixin/ros2_ws/install/py_srvcli:/home/yixin/ros2_ws/install/py_pubsub:/home/yixin/ros2_ws/install/python_parameters:/home/yixin/ros2_ws/install/my_python_package:/home/yixin/ros2_ws/install/launch_testing_examples:/home/yixin/ros2_ws/install/examples_rclpy_pointcloud_publisher:/home/yixin/ros2_ws/install/examples_rclpy_minimal_subscriber:/home/yixin/ros2_ws/install/examples_rclpy_minimal_service:/home/yixin/ros2_ws/install/examples_rclpy_minimal_publisher:/home/yixin/ros2_ws/install/examples_rclpy_minimal_client:/home/yixin/ros2_ws/install/examples_rclpy_minimal_action_server:/home/yixin/ros2_ws/install/examples_rclpy_minimal_action_client:/home/yixin/ros2_ws/install/examples_rclpy_guard_conditions:/home/yixin/ros2_ws/install/examples_rclpy_executors:/opt/ros/jazzy DEBUGINFOD_URLS=https://debuginfod.ubuntu.com /usr/bin/cmake --install /home/yixin/ros2_ws/build/custom_action_interfaces
[21.901s] -- Install configuration: ""
[21.902s] -- Up-to-date: /home/yixin/ros2_ws/install/custom_action_interfaces/share/ament_index/resource_index/rosidl_interfaces/custom_action_interfaces
[21.902s] -- Up-to-date: /home/yixin/ros2_ws/install/custom_action_interfaces/share/custom_action_interfaces/action/Fibonacci.json
[21.902s] -- Up-to-date: /home/yixin/ros2_ws/install/custom_action_interfaces/include/custom_action_interfaces/custom_action_interfaces
[21.902s] -- Up-to-date: /home/yixin/ros2_ws/install/custom_action_interfaces/include/custom_action_interfaces/custom_action_interfaces/action
[21.902s] -- Up-to-date: /home/yixin/ros2_ws/install/custom_action_interfaces/include/custom_action_interfaces/custom_action_interfaces/action/detail
[21.903s] -- Up-to-date: /home/yixin/ros2_ws/install/custom_action_interfaces/include/custom_action_interfaces/custom_action_interfaces/action/detail/fibonacci__functions.c
[21.912s] -- Up-to-date: /home/yixin/ros2_ws/install/custom_action_interfaces/include/custom_action_interfaces/custom_action_interfaces/action/detail/fibonacci__type_support.h
[21.912s] -- Up-to-date: /home/yixin/ros2_ws/install/custom_action_interfaces/include/custom_action_interfaces/custom_action_interfaces/action/detail/fibonacci__struct.h
[21.912s] -- Up-to-date: /home/yixin/ros2_ws/install/custom_action_interfaces/include/custom_action_interfaces/custom_action_interfaces/action/detail/fibonacci__type_support.c
[21.912s] -- Up-to-date: /home/yixin/ros2_ws/install/custom_action_interfaces/include/custom_action_interfaces/custom_action_interfaces/action/detail/fibonacci__description.c
[21.912s] -- Up-to-date: /home/yixin/ros2_ws/install/custom_action_interfaces/include/custom_action_interfaces/custom_action_interfaces/action/detail/fibonacci__functions.h
[21.912s] -- Up-to-date: /home/yixin/ros2_ws/install/custom_action_interfaces/include/custom_action_interfaces/custom_action_interfaces/action/fibonacci.h
[21.912s] -- Up-to-date: /home/yixin/ros2_ws/install/custom_action_interfaces/include/custom_action_interfaces/custom_action_interfaces/msg
[21.913s] -- Up-to-date: /home/yixin/ros2_ws/install/custom_action_interfaces/include/custom_action_interfaces/custom_action_interfaces/msg/rosidl_generator_c__visibility_control.h
[21.913s] -- Up-to-date: /home/yixin/ros2_ws/install/custom_action_interfaces/share/custom_action_interfaces/environment/library_path.sh
[21.913s] -- Up-to-date: /home/yixin/ros2_ws/install/custom_action_interfaces/share/custom_action_interfaces/environment/library_path.dsv
[21.913s] -- Up-to-date: /home/yixin/ros2_ws/install/custom_action_interfaces/lib/libcustom_action_interfaces__rosidl_generator_c.so
[21.913s] -- Up-to-date: /home/yixin/ros2_ws/install/custom_action_interfaces/include/custom_action_interfaces/custom_action_interfaces
[21.913s] -- Up-to-date: /home/yixin/ros2_ws/install/custom_action_interfaces/include/custom_action_interfaces/custom_action_interfaces/action
[21.913s] -- Up-to-date: /home/yixin/ros2_ws/install/custom_action_interfaces/include/custom_action_interfaces/custom_action_interfaces/action/detail
[21.913s] -- Up-to-date: /home/yixin/ros2_ws/install/custom_action_interfaces/include/custom_action_interfaces/custom_action_interfaces/action/detail/fibonacci__rosidl_typesupport_fastrtps_c.h
[21.913s] -- Up-to-date: /home/yixin/ros2_ws/install/custom_action_interfaces/include/custom_action_interfaces/custom_action_interfaces/msg
[21.913s] -- Up-to-date: /home/yixin/ros2_ws/install/custom_action_interfaces/include/custom_action_interfaces/custom_action_interfaces/msg/rosidl_typesupport_fastrtps_c__visibility_control.h
[21.913s] -- Installing: /home/yixin/ros2_ws/install/custom_action_interfaces/lib/libcustom_action_interfaces__rosidl_typesupport_fastrtps_c.so
[21.913s] -- Set non-toolchain portion of runtime path of "/home/yixin/ros2_ws/install/custom_action_interfaces/lib/libcustom_action_interfaces__rosidl_typesupport_fastrtps_c.so" to ""
[21.914s] -- Up-to-date: /home/yixin/ros2_ws/install/custom_action_interfaces/include/custom_action_interfaces/custom_action_interfaces
[21.914s] -- Up-to-date: /home/yixin/ros2_ws/install/custom_action_interfaces/include/custom_action_interfaces/custom_action_interfaces/action
[21.914s] -- Up-to-date: /home/yixin/ros2_ws/install/custom_action_interfaces/include/custom_action_interfaces/custom_action_interfaces/action/detail
[21.914s] -- Up-to-date: /home/yixin/ros2_ws/install/custom_action_interfaces/include/custom_action_interfaces/custom_action_interfaces/action/detail/fibonacci__rosidl_typesupport_introspection_c.h
[21.914s] -- Up-to-date: /home/yixin/ros2_ws/install/custom_action_interfaces/include/custom_action_interfaces/custom_action_interfaces/action/detail/fibonacci__type_support.c
[21.914s] -- Up-to-date: /home/yixin/ros2_ws/install/custom_action_interfaces/include/custom_action_interfaces/custom_action_interfaces/msg
[21.914s] -- Up-to-date: /home/yixin/ros2_ws/install/custom_action_interfaces/include/custom_action_interfaces/custom_action_interfaces/msg/rosidl_typesupport_introspection_c__visibility_control.h
[21.914s] -- Up-to-date: /home/yixin/ros2_ws/install/custom_action_interfaces/lib/libcustom_action_interfaces__rosidl_typesupport_introspection_c.so
[21.914s] -- Up-to-date: /home/yixin/ros2_ws/install/custom_action_interfaces/lib/libcustom_action_interfaces__rosidl_typesupport_c.so
[21.914s] -- Up-to-date: /home/yixin/ros2_ws/install/custom_action_interfaces/include/custom_action_interfaces/custom_action_interfaces
[21.914s] -- Up-to-date: /home/yixin/ros2_ws/install/custom_action_interfaces/include/custom_action_interfaces/custom_action_interfaces/action
[21.914s] -- Up-to-date: /home/yixin/ros2_ws/install/custom_action_interfaces/include/custom_action_interfaces/custom_action_interfaces/action/detail
[21.915s] -- Up-to-date: /home/yixin/ros2_ws/install/custom_action_interfaces/include/custom_action_interfaces/custom_action_interfaces/action/detail/fibonacci__traits.hpp
[21.915s] -- Up-to-date: /home/yixin/ros2_ws/install/custom_action_interfaces/include/custom_action_interfaces/custom_action_interfaces/action/detail/fibonacci__builder.hpp
[21.915s] -- Up-to-date: /home/yixin/ros2_ws/install/custom_action_interfaces/include/custom_action_interfaces/custom_action_interfaces/action/detail/fibonacci__struct.hpp
[21.915s] -- Up-to-date: /home/yixin/ros2_ws/install/custom_action_interfaces/include/custom_action_interfaces/custom_action_interfaces/action/detail/fibonacci__type_support.hpp
[21.915s] -- Up-to-date: /home/yixin/ros2_ws/install/custom_action_interfaces/include/custom_action_interfaces/custom_action_interfaces/action/fibonacci.hpp
[21.915s] -- Up-to-date: /home/yixin/ros2_ws/install/custom_action_interfaces/include/custom_action_interfaces/custom_action_interfaces/msg
[21.915s] -- Up-to-date: /home/yixin/ros2_ws/install/custom_action_interfaces/include/custom_action_interfaces/custom_action_interfaces/msg/rosidl_generator_cpp__visibility_control.hpp
[21.915s] -- Up-to-date: /home/yixin/ros2_ws/install/custom_action_interfaces/include/custom_action_interfaces/custom_action_interfaces
[21.915s] -- Up-to-date: /home/yixin/ros2_ws/install/custom_action_interfaces/include/custom_action_interfaces/custom_action_interfaces/action
[21.915s] -- Up-to-date: /home/yixin/ros2_ws/install/custom_action_interfaces/include/custom_action_interfaces/custom_action_interfaces/action/detail
[21.915s] -- Up-to-date: /home/yixin/ros2_ws/install/custom_action_interfaces/include/custom_action_interfaces/custom_action_interfaces/action/detail/fibonacci__rosidl_typesupport_fastrtps_cpp.hpp
[21.924s] -- Up-to-date: /home/yixin/ros2_ws/install/custom_action_interfaces/include/custom_action_interfaces/custom_action_interfaces/action/detail/dds_fastrtps
[21.924s] -- Up-to-date: /home/yixin/ros2_ws/install/custom_action_interfaces/include/custom_action_interfaces/custom_action_interfaces/msg
[21.924s] -- Up-to-date: /home/yixin/ros2_ws/install/custom_action_interfaces/include/custom_action_interfaces/custom_action_interfaces/msg/rosidl_typesupport_fastrtps_cpp__visibility_control.h
[21.924s] -- Installing: /home/yixin/ros2_ws/install/custom_action_interfaces/lib/libcustom_action_interfaces__rosidl_typesupport_fastrtps_cpp.so
[21.924s] -- Set non-toolchain portion of runtime path of "/home/yixin/ros2_ws/install/custom_action_interfaces/lib/libcustom_action_interfaces__rosidl_typesupport_fastrtps_cpp.so" to ""
[21.924s] -- Up-to-date: /home/yixin/ros2_ws/install/custom_action_interfaces/include/custom_action_interfaces/custom_action_interfaces
[21.924s] -- Up-to-date: /home/yixin/ros2_ws/install/custom_action_interfaces/include/custom_action_interfaces/custom_action_interfaces/action
[21.924s] -- Up-to-date: /home/yixin/ros2_ws/install/custom_action_interfaces/include/custom_action_interfaces/custom_action_interfaces/action/detail
[21.924s] -- Up-to-date: /home/yixin/ros2_ws/install/custom_action_interfaces/include/custom_action_interfaces/custom_action_interfaces/action/detail/fibonacci__type_support.cpp
[21.925s] -- Up-to-date: /home/yixin/ros2_ws/install/custom_action_interfaces/include/custom_action_interfaces/custom_action_interfaces/action/detail/fibonacci__rosidl_typesupport_introspection_cpp.hpp
[21.925s] -- Installing: /home/yixin/ros2_ws/install/custom_action_interfaces/lib/libcustom_action_interfaces__rosidl_typesupport_introspection_cpp.so
[21.925s] -- Set non-toolchain portion of runtime path of "/home/yixin/ros2_ws/install/custom_action_interfaces/lib/libcustom_action_interfaces__rosidl_typesupport_introspection_cpp.so" to ""
[21.925s] -- Installing: /home/yixin/ros2_ws/install/custom_action_interfaces/lib/libcustom_action_interfaces__rosidl_typesupport_cpp.so
[21.925s] -- Set non-toolchain portion of runtime path of "/home/yixin/ros2_ws/install/custom_action_interfaces/lib/libcustom_action_interfaces__rosidl_typesupport_cpp.so" to ""
[21.925s] -- Up-to-date: /home/yixin/ros2_ws/install/custom_action_interfaces/share/custom_action_interfaces/environment/pythonpath.sh
[21.925s] -- Up-to-date: /home/yixin/ros2_ws/install/custom_action_interfaces/share/custom_action_interfaces/environment/pythonpath.dsv
[21.925s] -- Up-to-date: /home/yixin/ros2_ws/install/custom_action_interfaces/lib/python3.12/site-packages/custom_action_interfaces-0.0.0-py3.12.egg-info
[21.925s] -- Installing: /home/yixin/ros2_ws/install/custom_action_interfaces/lib/python3.12/site-packages/custom_action_interfaces-0.0.0-py3.12.egg-info/top_level.txt
[21.925s] -- Installing: /home/yixin/ros2_ws/install/custom_action_interfaces/lib/python3.12/site-packages/custom_action_interfaces-0.0.0-py3.12.egg-info/dependency_links.txt
[21.925s] -- Installing: /home/yixin/ros2_ws/install/custom_action_interfaces/lib/python3.12/site-packages/custom_action_interfaces-0.0.0-py3.12.egg-info/PKG-INFO
[21.925s] -- Installing: /home/yixin/ros2_ws/install/custom_action_interfaces/lib/python3.12/site-packages/custom_action_interfaces-0.0.0-py3.12.egg-info/SOURCES.txt
[21.925s] -- Up-to-date: /home/yixin/ros2_ws/install/custom_action_interfaces/lib/python3.12/site-packages/custom_action_interfaces
[21.926s] -- Installing: /home/yixin/ros2_ws/install/custom_action_interfaces/lib/python3.12/site-packages/custom_action_interfaces/custom_action_interfaces_s__rosidl_typesupport_c.so
[21.926s] -- Up-to-date: /home/yixin/ros2_ws/install/custom_action_interfaces/lib/python3.12/site-packages/custom_action_interfaces/__init__.py
[21.926s] -- Up-to-date: /home/yixin/ros2_ws/install/custom_action_interfaces/lib/python3.12/site-packages/custom_action_interfaces/_custom_action_interfaces_s.ep.rosidl_typesupport_introspection_c.c
[21.926s] -- Up-to-date: /home/yixin/ros2_ws/install/custom_action_interfaces/lib/python3.12/site-packages/custom_action_interfaces/action
[21.926s] -- Up-to-date: /home/yixin/ros2_ws/install/custom_action_interfaces/lib/python3.12/site-packages/custom_action_interfaces/action/_fibonacci.py
[21.926s] -- Up-to-date: /home/yixin/ros2_ws/install/custom_action_interfaces/lib/python3.12/site-packages/custom_action_interfaces/action/__init__.py
[21.926s] -- Up-to-date: /home/yixin/ros2_ws/install/custom_action_interfaces/lib/python3.12/site-packages/custom_action_interfaces/action/_fibonacci_s.c
[21.926s] -- Installing: /home/yixin/ros2_ws/install/custom_action_interfaces/lib/python3.12/site-packages/custom_action_interfaces/custom_action_interfaces_s__rosidl_typesupport_introspection_c.so
[21.926s] -- Up-to-date: /home/yixin/ros2_ws/install/custom_action_interfaces/lib/python3.12/site-packages/custom_action_interfaces/_custom_action_interfaces_s.ep.rosidl_typesupport_c.c
[21.926s] -- Up-to-date: /home/yixin/ros2_ws/install/custom_action_interfaces/lib/python3.12/site-packages/custom_action_interfaces/_custom_action_interfaces_s.ep.rosidl_typesupport_fastrtps_c.c
[21.926s] -- Installing: /home/yixin/ros2_ws/install/custom_action_interfaces/lib/python3.12/site-packages/custom_action_interfaces/custom_action_interfaces_s__rosidl_typesupport_fastrtps_c.so
[21.926s] Listing '/home/yixin/ros2_ws/install/custom_action_interfaces/lib/python3.12/site-packages/custom_action_interfaces'...
[21.927s] Listing '/home/yixin/ros2_ws/install/custom_action_interfaces/lib/python3.12/site-packages/custom_action_interfaces/action'...
[21.927s] -- Installing: /home/yixin/ros2_ws/install/custom_action_interfaces/lib/python3.12/site-packages/custom_action_interfaces/custom_action_interfaces_s__rosidl_typesupport_fastrtps_c.so
[21.927s] -- Set non-toolchain portion of runtime path of "/home/yixin/ros2_ws/install/custom_action_interfaces/lib/python3.12/site-packages/custom_action_interfaces/custom_action_interfaces_s__rosidl_typesupport_fastrtps_c.so" to ""
[21.927s] -- Installing: /home/yixin/ros2_ws/install/custom_action_interfaces/lib/python3.12/site-packages/custom_action_interfaces/custom_action_interfaces_s__rosidl_typesupport_introspection_c.so
[21.927s] -- Set non-toolchain portion of runtime path of "/home/yixin/ros2_ws/install/custom_action_interfaces/lib/python3.12/site-packages/custom_action_interfaces/custom_action_interfaces_s__rosidl_typesupport_introspection_c.so" to ""
[21.927s] -- Installing: /home/yixin/ros2_ws/install/custom_action_interfaces/lib/python3.12/site-packages/custom_action_interfaces/custom_action_interfaces_s__rosidl_typesupport_c.so
[21.927s] -- Set non-toolchain portion of runtime path of "/home/yixin/ros2_ws/install/custom_action_interfaces/lib/python3.12/site-packages/custom_action_interfaces/custom_action_interfaces_s__rosidl_typesupport_c.so" to ""
[21.927s] -- Installing: /home/yixin/ros2_ws/install/custom_action_interfaces/lib/libcustom_action_interfaces__rosidl_generator_py.so
[21.927s] -- Set non-toolchain portion of runtime path of "/home/yixin/ros2_ws/install/custom_action_interfaces/lib/libcustom_action_interfaces__rosidl_generator_py.so" to ""
[21.935s] -- Up-to-date: /home/yixin/ros2_ws/install/custom_action_interfaces/share/custom_action_interfaces/action/Fibonacci.idl
[21.936s] -- Up-to-date: /home/yixin/ros2_ws/install/custom_action_interfaces/share/custom_action_interfaces/action/Fibonacci.action
[21.936s] -- Up-to-date: /home/yixin/ros2_ws/install/custom_action_interfaces/share/ament_index/resource_index/package_run_dependencies/custom_action_interfaces
[21.936s] -- Up-to-date: /home/yixin/ros2_ws/install/custom_action_interfaces/share/ament_index/resource_index/parent_prefix_path/custom_action_interfaces
[21.936s] -- Up-to-date: /home/yixin/ros2_ws/install/custom_action_interfaces/share/custom_action_interfaces/environment/ament_prefix_path.sh
[21.936s] -- Up-to-date: /home/yixin/ros2_ws/install/custom_action_interfaces/share/custom_action_interfaces/environment/ament_prefix_path.dsv
[21.936s] -- Up-to-date: /home/yixin/ros2_ws/install/custom_action_interfaces/share/custom_action_interfaces/environment/path.sh
[21.936s] -- Up-to-date: /home/yixin/ros2_ws/install/custom_action_interfaces/share/custom_action_interfaces/environment/path.dsv
[21.936s] -- Up-to-date: /home/yixin/ros2_ws/install/custom_action_interfaces/share/custom_action_interfaces/local_setup.bash
[21.936s] -- Up-to-date: /home/yixin/ros2_ws/install/custom_action_interfaces/share/custom_action_interfaces/local_setup.sh
[21.936s] -- Up-to-date: /home/yixin/ros2_ws/install/custom_action_interfaces/share/custom_action_interfaces/local_setup.zsh
[21.937s] -- Up-to-date: /home/yixin/ros2_ws/install/custom_action_interfaces/share/custom_action_interfaces/local_setup.dsv
[21.937s] -- Installing: /home/yixin/ros2_ws/install/custom_action_interfaces/share/custom_action_interfaces/package.dsv
[21.937s] -- Up-to-date: /home/yixin/ros2_ws/install/custom_action_interfaces/share/ament_index/resource_index/packages/custom_action_interfaces
[21.937s] -- Up-to-date: /home/yixin/ros2_ws/install/custom_action_interfaces/share/custom_action_interfaces/cmake/export_custom_action_interfaces__rosidl_generator_cExport.cmake
[21.937s] -- Up-to-date: /home/yixin/ros2_ws/install/custom_action_interfaces/share/custom_action_interfaces/cmake/export_custom_action_interfaces__rosidl_generator_cExport-noconfig.cmake
[21.937s] -- Up-to-date: /home/yixin/ros2_ws/install/custom_action_interfaces/share/custom_action_interfaces/cmake/export_custom_action_interfaces__rosidl_typesupport_fastrtps_cExport.cmake
[21.937s] -- Up-to-date: /home/yixin/ros2_ws/install/custom_action_interfaces/share/custom_action_interfaces/cmake/export_custom_action_interfaces__rosidl_typesupport_fastrtps_cExport-noconfig.cmake
[21.937s] -- Up-to-date: /home/yixin/ros2_ws/install/custom_action_interfaces/share/custom_action_interfaces/cmake/custom_action_interfaces__rosidl_typesupport_introspection_cExport.cmake
[21.937s] -- Up-to-date: /home/yixin/ros2_ws/install/custom_action_interfaces/share/custom_action_interfaces/cmake/custom_action_interfaces__rosidl_typesupport_introspection_cExport-noconfig.cmake
[21.937s] -- Up-to-date: /home/yixin/ros2_ws/install/custom_action_interfaces/share/custom_action_interfaces/cmake/custom_action_interfaces__rosidl_typesupport_cExport.cmake
[21.937s] -- Up-to-date: /home/yixin/ros2_ws/install/custom_action_interfaces/share/custom_action_interfaces/cmake/custom_action_interfaces__rosidl_typesupport_cExport-noconfig.cmake
[21.937s] -- Up-to-date: /home/yixin/ros2_ws/install/custom_action_interfaces/share/custom_action_interfaces/cmake/export_custom_action_interfaces__rosidl_generator_cppExport.cmake
[21.938s] -- Up-to-date: /home/yixin/ros2_ws/install/custom_action_interfaces/share/custom_action_interfaces/cmake/export_custom_action_interfaces__rosidl_typesupport_fastrtps_cppExport.cmake
[21.938s] -- Up-to-date: /home/yixin/ros2_ws/install/custom_action_interfaces/share/custom_action_interfaces/cmake/export_custom_action_interfaces__rosidl_typesupport_fastrtps_cppExport-noconfig.cmake
[21.938s] -- Up-to-date: /home/yixin/ros2_ws/install/custom_action_interfaces/share/custom_action_interfaces/cmake/custom_action_interfaces__rosidl_typesupport_introspection_cppExport.cmake
[21.938s] -- Up-to-date: /home/yixin/ros2_ws/install/custom_action_interfaces/share/custom_action_interfaces/cmake/custom_action_interfaces__rosidl_typesupport_introspection_cppExport-noconfig.cmake
[21.938s] -- Up-to-date: /home/yixin/ros2_ws/install/custom_action_interfaces/share/custom_action_interfaces/cmake/custom_action_interfaces__rosidl_typesupport_cppExport.cmake
[21.938s] -- Up-to-date: /home/yixin/ros2_ws/install/custom_action_interfaces/share/custom_action_interfaces/cmake/custom_action_interfaces__rosidl_typesupport_cppExport-noconfig.cmake
[21.944s] -- Up-to-date: /home/yixin/ros2_ws/install/custom_action_interfaces/share/custom_action_interfaces/cmake/export_custom_action_interfaces__rosidl_generator_pyExport.cmake
[21.944s] -- Up-to-date: /home/yixin/ros2_ws/install/custom_action_interfaces/share/custom_action_interfaces/cmake/export_custom_action_interfaces__rosidl_generator_pyExport-noconfig.cmake
[21.944s] -- Up-to-date: /home/yixin/ros2_ws/install/custom_action_interfaces/share/custom_action_interfaces/cmake/rosidl_cmake-extras.cmake
[21.944s] -- Up-to-date: /home/yixin/ros2_ws/install/custom_action_interfaces/share/custom_action_interfaces/cmake/ament_cmake_export_dependencies-extras.cmake
[21.944s] -- Up-to-date: /home/yixin/ros2_ws/install/custom_action_interfaces/share/custom_action_interfaces/cmake/ament_cmake_export_include_directories-extras.cmake
[21.944s] -- Up-to-date: /home/yixin/ros2_ws/install/custom_action_interfaces/share/custom_action_interfaces/cmake/ament_cmake_export_libraries-extras.cmake
[21.944s] -- Up-to-date: /home/yixin/ros2_ws/install/custom_action_interfaces/share/custom_action_interfaces/cmake/ament_cmake_export_targets-extras.cmake
[21.944s] -- Up-to-date: /home/yixin/ros2_ws/install/custom_action_interfaces/share/custom_action_interfaces/cmake/rosidl_cmake_export_typesupport_targets-extras.cmake
[21.944s] -- Up-to-date: /home/yixin/ros2_ws/install/custom_action_interfaces/share/custom_action_interfaces/cmake/rosidl_cmake_export_typesupport_libraries-extras.cmake
[21.944s] -- Up-to-date: /home/yixin/ros2_ws/install/custom_action_interfaces/share/custom_action_interfaces/cmake/custom_action_interfacesConfig.cmake
[21.944s] -- Up-to-date: /home/yixin/ros2_ws/install/custom_action_interfaces/share/custom_action_interfaces/cmake/custom_action_interfacesConfig-version.cmake
[21.945s] -- Up-to-date: /home/yixin/ros2_ws/install/custom_action_interfaces/share/custom_action_interfaces/package.xml
[22.128s] Invoked command in '/home/yixin/ros2_ws/build/custom_action_interfaces' returned '0': CMAKE_PREFIX_PATH=${CMAKE_PREFIX_PATH}:/home/yixin/ros2_ws/install/py_srvcli:/home/yixin/ros2_ws/install/py_pubsub:/home/yixin/ros2_ws/install/python_parameters:/home/yixin/ros2_ws/install/my_python_package:/home/yixin/ros2_ws/install/launch_testing_examples:/home/yixin/ros2_ws/install/examples_rclpy_pointcloud_publisher:/home/yixin/ros2_ws/install/examples_rclpy_minimal_subscriber:/home/yixin/ros2_ws/install/examples_rclpy_minimal_service:/home/yixin/ros2_ws/install/examples_rclpy_minimal_publisher:/home/yixin/ros2_ws/install/examples_rclpy_minimal_client:/home/yixin/ros2_ws/install/examples_rclpy_minimal_action_server:/home/yixin/ros2_ws/install/examples_rclpy_minimal_action_client:/home/yixin/ros2_ws/install/examples_rclpy_guard_conditions:/home/yixin/ros2_ws/install/examples_rclpy_executors:/opt/ros/jazzy DEBUGINFOD_URLS=https://debuginfod.ubuntu.com /usr/bin/cmake --install /home/yixin/ros2_ws/build/custom_action_interfaces
