[0.198s] Invoking command in '/home/yixin/ros2_ws/build/polygon_base': CMAKE_PREFIX_PATH=${CMAKE_PREFIX_PATH}:/home/yixin/ros2_ws/install/py_srvcli:/home/yixin/ros2_ws/install/py_pubsub:/home/yixin/ros2_ws/install/python_parameters:/home/yixin/ros2_ws/install/my_python_package:/home/yixin/ros2_ws/install/launch_testing_examples:/home/yixin/ros2_ws/install/examples_rclpy_pointcloud_publisher:/home/yixin/ros2_ws/install/examples_rclpy_minimal_subscriber:/home/yixin/ros2_ws/install/examples_rclpy_minimal_service:/home/yixin/ros2_ws/install/examples_rclpy_minimal_publisher:/home/yixin/ros2_ws/install/examples_rclpy_minimal_client:/home/yixin/ros2_ws/install/examples_rclpy_minimal_action_server:/home/yixin/ros2_ws/install/examples_rclpy_minimal_action_client:/home/yixin/ros2_ws/install/examples_rclpy_guard_conditions:/home/yixin/ros2_ws/install/examples_rclpy_executors:/opt/ros/jazzy DEBUGINFOD_URLS=https://debuginfod.ubuntu.com /usr/bin/cmake --build /home/yixin/ros2_ws/build/polygon_base -- -j8 -l8
[0.575s] [ 50%] [32mBuilding CXX object CMakeFiles/area_node.dir/src/area_node.cpp.o[0m
[21.053s] [100%] [32m[1mLinking CXX executable area_node[0m
[21.516s] [100%] Built target area_node
[21.590s] Invoked command in '/home/yixin/ros2_ws/build/polygon_base' returned '0': CMAKE_PREFIX_PATH=${CMAKE_PREFIX_PATH}:/home/yixin/ros2_ws/install/py_srvcli:/home/yixin/ros2_ws/install/py_pubsub:/home/yixin/ros2_ws/install/python_parameters:/home/yixin/ros2_ws/install/my_python_package:/home/yixin/ros2_ws/install/launch_testing_examples:/home/yixin/ros2_ws/install/examples_rclpy_pointcloud_publisher:/home/yixin/ros2_ws/install/examples_rclpy_minimal_subscriber:/home/yixin/ros2_ws/install/examples_rclpy_minimal_service:/home/yixin/ros2_ws/install/examples_rclpy_minimal_publisher:/home/yixin/ros2_ws/install/examples_rclpy_minimal_client:/home/yixin/ros2_ws/install/examples_rclpy_minimal_action_server:/home/yixin/ros2_ws/install/examples_rclpy_minimal_action_client:/home/yixin/ros2_ws/install/examples_rclpy_guard_conditions:/home/yixin/ros2_ws/install/examples_rclpy_executors:/opt/ros/jazzy DEBUGINFOD_URLS=https://debuginfod.ubuntu.com /usr/bin/cmake --build /home/yixin/ros2_ws/build/polygon_base -- -j8 -l8
[21.590s] Invoking command in '/home/yixin/ros2_ws/build/polygon_base': CMAKE_PREFIX_PATH=${CMAKE_PREFIX_PATH}:/home/yixin/ros2_ws/install/py_srvcli:/home/yixin/ros2_ws/install/py_pubsub:/home/yixin/ros2_ws/install/python_parameters:/home/yixin/ros2_ws/install/my_python_package:/home/yixin/ros2_ws/install/launch_testing_examples:/home/yixin/ros2_ws/install/examples_rclpy_pointcloud_publisher:/home/yixin/ros2_ws/install/examples_rclpy_minimal_subscriber:/home/yixin/ros2_ws/install/examples_rclpy_minimal_service:/home/yixin/ros2_ws/install/examples_rclpy_minimal_publisher:/home/yixin/ros2_ws/install/examples_rclpy_minimal_client:/home/yixin/ros2_ws/install/examples_rclpy_minimal_action_server:/home/yixin/ros2_ws/install/examples_rclpy_minimal_action_client:/home/yixin/ros2_ws/install/examples_rclpy_guard_conditions:/home/yixin/ros2_ws/install/examples_rclpy_executors:/opt/ros/jazzy DEBUGINFOD_URLS=https://debuginfod.ubuntu.com /usr/bin/cmake --install /home/yixin/ros2_ws/build/polygon_base
[22.039s] -- Install configuration: ""
[22.039s] -- Up-to-date: /home/yixin/ros2_ws/install/polygon_base/include/polygon_base
[22.039s] -- Up-to-date: /home/yixin/ros2_ws/install/polygon_base/include/polygon_base/polygon_base
[22.039s] -- Up-to-date: /home/yixin/ros2_ws/install/polygon_base/include/polygon_base/polygon_base/regular_polygon.hpp
[22.039s] -- Up-to-date: /home/yixin/ros2_ws/install/polygon_base/share/polygon_base/cmake/export_polygon_base.cmake
[22.039s] -- Installing: /home/yixin/ros2_ws/install/polygon_base/lib/polygon_base/area_node
[22.039s] -- Set non-toolchain portion of runtime path of "/home/yixin/ros2_ws/install/polygon_base/lib/polygon_base/area_node" to ""
[22.040s] -- Up-to-date: /home/yixin/ros2_ws/install/polygon_base/share/ament_index/resource_index/package_run_dependencies/polygon_base
[22.040s] -- Up-to-date: /home/yixin/ros2_ws/install/polygon_base/share/ament_index/resource_index/parent_prefix_path/polygon_base
[22.040s] -- Up-to-date: /home/yixin/ros2_ws/install/polygon_base/share/polygon_base/environment/ament_prefix_path.sh
[22.040s] -- Up-to-date: /home/yixin/ros2_ws/install/polygon_base/share/polygon_base/environment/ament_prefix_path.dsv
[22.040s] -- Up-to-date: /home/yixin/ros2_ws/install/polygon_base/share/polygon_base/environment/path.sh
[22.040s] -- Up-to-date: /home/yixin/ros2_ws/install/polygon_base/share/polygon_base/environment/path.dsv
[22.040s] -- Up-to-date: /home/yixin/ros2_ws/install/polygon_base/share/polygon_base/local_setup.bash
[22.040s] -- Up-to-date: /home/yixin/ros2_ws/install/polygon_base/share/polygon_base/local_setup.sh
[22.040s] -- Up-to-date: /home/yixin/ros2_ws/install/polygon_base/share/polygon_base/local_setup.zsh
[22.040s] -- Up-to-date: /home/yixin/ros2_ws/install/polygon_base/share/polygon_base/local_setup.dsv
[22.040s] -- Installing: /home/yixin/ros2_ws/install/polygon_base/share/polygon_base/package.dsv
[22.040s] -- Up-to-date: /home/yixin/ros2_ws/install/polygon_base/share/ament_index/resource_index/packages/polygon_base
[22.040s] -- Up-to-date: /home/yixin/ros2_ws/install/polygon_base/share/polygon_base/cmake/export_polygon_baseExport.cmake
[22.041s] -- Up-to-date: /home/yixin/ros2_ws/install/polygon_base/share/polygon_base/cmake/ament_cmake_export_include_directories-extras.cmake
[22.041s] -- Up-to-date: /home/yixin/ros2_ws/install/polygon_base/share/polygon_base/cmake/ament_cmake_export_targets-extras.cmake
[22.041s] -- Up-to-date: /home/yixin/ros2_ws/install/polygon_base/share/polygon_base/cmake/polygon_baseConfig.cmake
[22.041s] -- Up-to-date: /home/yixin/ros2_ws/install/polygon_base/share/polygon_base/cmake/polygon_baseConfig-version.cmake
[22.041s] -- Up-to-date: /home/yixin/ros2_ws/install/polygon_base/share/polygon_base/package.xml
[22.049s] Invoked command in '/home/yixin/ros2_ws/build/polygon_base' returned '0': CMAKE_PREFIX_PATH=${CMAKE_PREFIX_PATH}:/home/yixin/ros2_ws/install/py_srvcli:/home/yixin/ros2_ws/install/py_pubsub:/home/yixin/ros2_ws/install/python_parameters:/home/yixin/ros2_ws/install/my_python_package:/home/yixin/ros2_ws/install/launch_testing_examples:/home/yixin/ros2_ws/install/examples_rclpy_pointcloud_publisher:/home/yixin/ros2_ws/install/examples_rclpy_minimal_subscriber:/home/yixin/ros2_ws/install/examples_rclpy_minimal_service:/home/yixin/ros2_ws/install/examples_rclpy_minimal_publisher:/home/yixin/ros2_ws/install/examples_rclpy_minimal_client:/home/yixin/ros2_ws/install/examples_rclpy_minimal_action_server:/home/yixin/ros2_ws/install/examples_rclpy_minimal_action_client:/home/yixin/ros2_ws/install/examples_rclpy_guard_conditions:/home/yixin/ros2_ws/install/examples_rclpy_executors:/opt/ros/jazzy DEBUGINFOD_URLS=https://debuginfod.ubuntu.com /usr/bin/cmake --install /home/yixin/ros2_ws/build/polygon_base
