[0.194s] Invoking command in '/home/yixin/ros2_ws/build/cpp_parameters': CMAKE_PREFIX_PATH=${CMAKE_PREFIX_PATH}:/home/yixin/ros2_ws/install/py_srvcli:/home/yixin/ros2_ws/install/py_pubsub:/home/yixin/ros2_ws/install/python_parameters:/home/yixin/ros2_ws/install/my_python_package:/home/yixin/ros2_ws/install/launch_testing_examples:/home/yixin/ros2_ws/install/examples_rclpy_pointcloud_publisher:/home/yixin/ros2_ws/install/examples_rclpy_minimal_subscriber:/home/yixin/ros2_ws/install/examples_rclpy_minimal_service:/home/yixin/ros2_ws/install/examples_rclpy_minimal_publisher:/home/yixin/ros2_ws/install/examples_rclpy_minimal_client:/home/yixin/ros2_ws/install/examples_rclpy_minimal_action_server:/home/yixin/ros2_ws/install/examples_rclpy_minimal_action_client:/home/yixin/ros2_ws/install/examples_rclpy_guard_conditions:/home/yixin/ros2_ws/install/examples_rclpy_executors:/opt/ros/jazzy DEBUGINFOD_URLS=https://debuginfod.ubuntu.com /usr/bin/cmake --build /home/yixin/ros2_ws/build/cpp_parameters -- -j8 -l8
[0.617s] [ 50%] [32mBuilding CXX object CMakeFiles/minimal_param_node.dir/src/cpp_parameters_node.cpp.o[0m
[24.084s] [100%] [32m[1mLinking CXX executable minimal_param_node[0m
[24.906s] [100%] Built target minimal_param_node
[24.963s] Invoked command in '/home/yixin/ros2_ws/build/cpp_parameters' returned '0': CMAKE_PREFIX_PATH=${CMAKE_PREFIX_PATH}:/home/yixin/ros2_ws/install/py_srvcli:/home/yixin/ros2_ws/install/py_pubsub:/home/yixin/ros2_ws/install/python_parameters:/home/yixin/ros2_ws/install/my_python_package:/home/yixin/ros2_ws/install/launch_testing_examples:/home/yixin/ros2_ws/install/examples_rclpy_pointcloud_publisher:/home/yixin/ros2_ws/install/examples_rclpy_minimal_subscriber:/home/yixin/ros2_ws/install/examples_rclpy_minimal_service:/home/yixin/ros2_ws/install/examples_rclpy_minimal_publisher:/home/yixin/ros2_ws/install/examples_rclpy_minimal_client:/home/yixin/ros2_ws/install/examples_rclpy_minimal_action_server:/home/yixin/ros2_ws/install/examples_rclpy_minimal_action_client:/home/yixin/ros2_ws/install/examples_rclpy_guard_conditions:/home/yixin/ros2_ws/install/examples_rclpy_executors:/opt/ros/jazzy DEBUGINFOD_URLS=https://debuginfod.ubuntu.com /usr/bin/cmake --build /home/yixin/ros2_ws/build/cpp_parameters -- -j8 -l8
[24.966s] Invoking command in '/home/yixin/ros2_ws/build/cpp_parameters': CMAKE_PREFIX_PATH=${CMAKE_PREFIX_PATH}:/home/yixin/ros2_ws/install/py_srvcli:/home/yixin/ros2_ws/install/py_pubsub:/home/yixin/ros2_ws/install/python_parameters:/home/yixin/ros2_ws/install/my_python_package:/home/yixin/ros2_ws/install/launch_testing_examples:/home/yixin/ros2_ws/install/examples_rclpy_pointcloud_publisher:/home/yixin/ros2_ws/install/examples_rclpy_minimal_subscriber:/home/yixin/ros2_ws/install/examples_rclpy_minimal_service:/home/yixin/ros2_ws/install/examples_rclpy_minimal_publisher:/home/yixin/ros2_ws/install/examples_rclpy_minimal_client:/home/yixin/ros2_ws/install/examples_rclpy_minimal_action_server:/home/yixin/ros2_ws/install/examples_rclpy_minimal_action_client:/home/yixin/ros2_ws/install/examples_rclpy_guard_conditions:/home/yixin/ros2_ws/install/examples_rclpy_executors:/opt/ros/jazzy DEBUGINFOD_URLS=https://debuginfod.ubuntu.com /usr/bin/cmake --install /home/yixin/ros2_ws/build/cpp_parameters
[30.384s] -- Install configuration: ""
[30.384s] -- Installing: /home/yixin/ros2_ws/install/cpp_parameters/lib/cpp_parameters/minimal_param_node
[30.384s] -- Set non-toolchain portion of runtime path of "/home/yixin/ros2_ws/install/cpp_parameters/lib/cpp_parameters/minimal_param_node" to ""
[30.384s] -- Up-to-date: /home/yixin/ros2_ws/install/cpp_parameters/share/cpp_parameters/launch
[30.384s] -- Up-to-date: /home/yixin/ros2_ws/install/cpp_parameters/share/cpp_parameters/launch/cpp_parameters_launch.py
[30.385s] -- Up-to-date: /home/yixin/ros2_ws/install/cpp_parameters/share/ament_index/resource_index/package_run_dependencies/cpp_parameters
[30.385s] -- Up-to-date: /home/yixin/ros2_ws/install/cpp_parameters/share/ament_index/resource_index/parent_prefix_path/cpp_parameters
[30.385s] -- Up-to-date: /home/yixin/ros2_ws/install/cpp_parameters/share/cpp_parameters/environment/ament_prefix_path.sh
[30.385s] -- Up-to-date: /home/yixin/ros2_ws/install/cpp_parameters/share/cpp_parameters/environment/ament_prefix_path.dsv
[30.385s] -- Up-to-date: /home/yixin/ros2_ws/install/cpp_parameters/share/cpp_parameters/environment/path.sh
[30.385s] -- Up-to-date: /home/yixin/ros2_ws/install/cpp_parameters/share/cpp_parameters/environment/path.dsv
[30.385s] -- Up-to-date: /home/yixin/ros2_ws/install/cpp_parameters/share/cpp_parameters/local_setup.bash
[30.385s] -- Up-to-date: /home/yixin/ros2_ws/install/cpp_parameters/share/cpp_parameters/local_setup.sh
[30.385s] -- Up-to-date: /home/yixin/ros2_ws/install/cpp_parameters/share/cpp_parameters/local_setup.zsh
[30.385s] -- Up-to-date: /home/yixin/ros2_ws/install/cpp_parameters/share/cpp_parameters/local_setup.dsv
[30.390s] -- Installing: /home/yixin/ros2_ws/install/cpp_parameters/share/cpp_parameters/package.dsv
[30.390s] -- Up-to-date: /home/yixin/ros2_ws/install/cpp_parameters/share/ament_index/resource_index/packages/cpp_parameters
[30.390s] -- Up-to-date: /home/yixin/ros2_ws/install/cpp_parameters/share/cpp_parameters/cmake/cpp_parametersConfig.cmake
[30.390s] -- Up-to-date: /home/yixin/ros2_ws/install/cpp_parameters/share/cpp_parameters/cmake/cpp_parametersConfig-version.cmake
[30.390s] -- Up-to-date: /home/yixin/ros2_ws/install/cpp_parameters/share/cpp_parameters/package.xml
[30.397s] Invoked command in '/home/yixin/ros2_ws/build/cpp_parameters' returned '0': CMAKE_PREFIX_PATH=${CMAKE_PREFIX_PATH}:/home/yixin/ros2_ws/install/py_srvcli:/home/yixin/ros2_ws/install/py_pubsub:/home/yixin/ros2_ws/install/python_parameters:/home/yixin/ros2_ws/install/my_python_package:/home/yixin/ros2_ws/install/launch_testing_examples:/home/yixin/ros2_ws/install/examples_rclpy_pointcloud_publisher:/home/yixin/ros2_ws/install/examples_rclpy_minimal_subscriber:/home/yixin/ros2_ws/install/examples_rclpy_minimal_service:/home/yixin/ros2_ws/install/examples_rclpy_minimal_publisher:/home/yixin/ros2_ws/install/examples_rclpy_minimal_client:/home/yixin/ros2_ws/install/examples_rclpy_minimal_action_server:/home/yixin/ros2_ws/install/examples_rclpy_minimal_action_client:/home/yixin/ros2_ws/install/examples_rclpy_guard_conditions:/home/yixin/ros2_ws/install/examples_rclpy_executors:/opt/ros/jazzy DEBUGINFOD_URLS=https://debuginfod.ubuntu.com /usr/bin/cmake --install /home/yixin/ros2_ws/build/cpp_parameters
