[2.459s] Invoking command in '/home/yixin/ros2_ws/src/my_python_package': DEBUGINFOD_URLS=https://debuginfod.ubuntu.com PYTHONPATH=/home/yixin/ros2_ws/build/my_python_package/prefix_override:/usr/lib/python3/dist-packages/colcon_core/task/python/colcon_distutils_commands:/home/yixin/ros2_ws/install/my_python_package/lib/python3.12/site-packages:${PYTHONPATH} /usr/bin/python3 -W ignore:setup.py install is deprecated -W ignore:easy_install command is deprecated setup.py egg_info --egg-base ../../build/my_python_package build --build-base /home/yixin/ros2_ws/build/my_python_package/build install --record /home/yixin/ros2_ws/build/my_python_package/install.log --single-version-externally-managed install_data
[3.344s] running egg_info
[3.387s] writing ../../build/my_python_package/my_python_package.egg-info/PKG-INFO
[3.387s] writing dependency_links to ../../build/my_python_package/my_python_package.egg-info/dependency_links.txt
[3.387s] writing entry points to ../../build/my_python_package/my_python_package.egg-info/entry_points.txt
[3.387s] writing requirements to ../../build/my_python_package/my_python_package.egg-info/requires.txt
[3.387s] writing top-level names to ../../build/my_python_package/my_python_package.egg-info/top_level.txt
[3.464s] reading manifest file '../../build/my_python_package/my_python_package.egg-info/SOURCES.txt'
[3.464s] adding license file 'LICENSE'
[3.464s] writing manifest file '../../build/my_python_package/my_python_package.egg-info/SOURCES.txt'
[3.464s] running build
[3.465s] running build_py
[3.469s] running install
[3.478s] running install_lib
[3.523s] running install_data
[3.524s] running install_egg_info
[3.565s] removing '/home/yixin/ros2_ws/install/my_python_package/lib/python3.12/site-packages/my_python_package-0.0.0-py3.12.egg-info' (and everything under it)
[3.570s] Copying ../../build/my_python_package/my_python_package.egg-info to /home/yixin/ros2_ws/install/my_python_package/lib/python3.12/site-packages/my_python_package-0.0.0-py3.12.egg-info
[3.576s] running install_scripts
[3.902s] Installing my_node script to /home/yixin/ros2_ws/install/my_python_package/lib/my_python_package
[3.902s] writing list of installed files to '/home/yixin/ros2_ws/build/my_python_package/install.log'
[4.061s] Invoked command in '/home/yixin/ros2_ws/src/my_python_package' returned '0': DEBUGINFOD_URLS=https://debuginfod.ubuntu.com PYTHONPATH=/home/yixin/ros2_ws/build/my_python_package/prefix_override:/usr/lib/python3/dist-packages/colcon_core/task/python/colcon_distutils_commands:/home/yixin/ros2_ws/install/my_python_package/lib/python3.12/site-packages:${PYTHONPATH} /usr/bin/python3 -W ignore:setup.py install is deprecated -W ignore:easy_install command is deprecated setup.py egg_info --egg-base ../../build/my_python_package build --build-base /home/yixin/ros2_ws/build/my_python_package/build install --record /home/yixin/ros2_ws/build/my_python_package/install.log --single-version-externally-managed install_data
