[01m[K/home/yixin/ros2_ws/src/more_interfaces/src/subscriber_address_book.cpp:[m[K In constructor ‘[01m[KAddressBookSubscriber::[01;32m[KAddressBookSubscriber[m[K()[m[K’:
[01m[K/home/yixin/ros2_ws/src/more_interfaces/src/subscriber_address_book.cpp:41:5:[m[K [01;31m[Kerror: [m[K‘[01m[Ksubscription_[m[K’ was not declared in this scope; did you mean ‘[01m[Krmw_subscription_t[m[K’?
   41 |     [01;31m[Ksubscription_[m[K = this->create_subscription<more_interfaces::msg::AddressBook>(    // CHANGE
      |     [01;31m[K^~~~~~~~~~~~~[m[K
      |     [32m[Krmw_subscription_t[m[K
[01m[K/home/yixin/ros2_ws/src/more_interfaces/src/subscriber_address_book.cpp:[m[K At global scope:
[01m[K/home/yixin/ros2_ws/src/more_interfaces/src/subscriber_address_book.cpp:49:1:[m[K [01;31m[Kerror: [m[Kexpected unqualified-id before ‘[01m[Kprivate[m[K’
   49 | [01;31m[Kprivate[m[K:
      | [01;31m[K^~~~~~~[m[K
[01m[K/home/yixin/ros2_ws/src/more_interfaces/src/subscriber_address_book.cpp:52:1:[m[K [01;31m[Kerror: [m[Kexpected declaration before ‘[01m[K}[m[K’ token
   52 | [01;31m[K}[m[K;
      | [01;31m[K^[m[K
[01m[K/home/yixin/ros2_ws/src/more_interfaces/src/subscriber_address_book.cpp:[m[K In function ‘[01m[Kint[01;32m[K main[m[K(int, char**)[m[K’:
[01m[K/home/yixin/ros2_ws/src/more_interfaces/src/subscriber_address_book.cpp:57:15:[m[K [01;31m[Kerror: [m[Kno matching function for call to ‘[01m[Kspin(std::shared_ptr<AddressBookSubscriber()>)[m[K’
   57 |   [01;31m[Krclcpp::spin(std::make_shared<AddressBookSubscriber()>())[m[K;
      |   [01;31m[K~~~~~~~~~~~~^~~~~~~~~~~~~~~~~~~~~~~~~~~~~~~~~~~~~~~~~~~~~[m[K
In file included from [01m[K/opt/ros/jazzy/include/rclcpp/rclcpp/rclcpp.hpp:176[m[K,
                 from [01m[K/home/yixin/ros2_ws/src/more_interfaces/src/subscriber_address_book.cpp:17[m[K:
[01m[K/opt/ros/jazzy/include/rclcpp/rclcpp/executors.hpp:59:1:[m[K [01;36m[Knote: [m[Kcandidate: ‘[01m[Kvoid rclcpp::[01;32m[Kspin[m[K(node_interfaces::NodeBaseInterface::SharedPtr)[m[K’
   59 | [01;36m[Kspin[m[K(rclcpp::node_interfaces::NodeBaseInterface::SharedPtr node_ptr);
      | [01;36m[K^~~~[m[K
[01m[K/opt/ros/jazzy/include/rclcpp/rclcpp/executors.hpp:59:60:[m[K [01;36m[Knote: [m[K  no known conversion for argument 1 from ‘[01m[Kshared_ptr<[01;32m[KAddressBookSubscriber()[m[K>[m[K’ to ‘[01m[Kshared_ptr<[01;32m[Krclcpp::node_interfaces::NodeBaseInterface[m[K>[m[K’
   59 | spin([01;36m[Krclcpp::node_interfaces::NodeBaseInterface::SharedPtr node_ptr[m[K);
      |      [01;36m[K~~~~~~~~~~~~~~~~~~~~~~~~~~~~~~~~~~~~~~~~~~~~~~~~~~~~~~^~~~~~~~[m[K
[01m[K/opt/ros/jazzy/include/rclcpp/rclcpp/executors.hpp:63:1:[m[K [01;36m[Knote: [m[Kcandidate: ‘[01m[Kvoid rclcpp::[01;32m[Kspin[m[K(Node::SharedPtr)[m[K’
   63 | [01;36m[Kspin[m[K(rclcpp::Node::SharedPtr node_ptr);
      | [01;36m[K^~~~[m[K
[01m[K/opt/ros/jazzy/include/rclcpp/rclcpp/executors.hpp:63:30:[m[K [01;36m[Knote: [m[K  no known conversion for argument 1 from ‘[01m[Kshared_ptr<[01;32m[KAddressBookSubscriber()[m[K>[m[K’ to ‘[01m[Kshared_ptr<[01;32m[Krclcpp::Node[m[K>[m[K’
   63 | spin([01;36m[Krclcpp::Node::SharedPtr node_ptr[m[K);
      |      [01;36m[K~~~~~~~~~~~~~~~~~~~~~~~~^~~~~~~~[m[K
In file included from [01m[K/usr/include/c++/13/bits/shared_ptr_base.h:60[m[K,
                 from [01m[K/usr/include/c++/13/bits/shared_ptr.h:53[m[K,
                 from [01m[K/usr/include/c++/13/memory:80[m[K,
                 from [01m[K/home/yixin/ros2_ws/src/more_interfaces/src/subscriber_address_book.cpp:15[m[K:
/usr/include/c++/13/ext/aligned_buffer.h: In instantiation of ‘[01m[Kstruct __gnu_cxx::__aligned_buffer<AddressBookSubscriber()>[m[K’:
[01m[K/usr/include/c++/13/bits/shared_ptr_base.h:591:35:[m[K   required from ‘[01m[Kclass std::_Sp_counted_ptr_inplace<AddressBookSubscriber(), std::allocator<void>, __gnu_cxx::_S_atomic>::_Impl[m[K’
[01m[K/usr/include/c++/13/bits/shared_ptr_base.h:652:13:[m[K   required from ‘[01m[Kclass std::_Sp_counted_ptr_inplace<AddressBookSubscriber(), std::allocator<void>, __gnu_cxx::_S_atomic>[m[K’
[01m[K/usr/include/c++/13/bits/shared_ptr_base.h:968:43:[m[K   required from ‘[01m[Kstd::__shared_count<_Lp>::[01;32m[K__shared_count[m[K(_Tp*&, std::_Sp_alloc_shared_tag<_Alloc>, _Args&& ...) [35m[K[with _Tp = AddressBookSubscriber(); _Alloc = std::allocator<void>; _Args = {}; __gnu_cxx::_Lock_policy _Lp = __gnu_cxx::_S_atomic][m[K[m[K’
[01m[K/usr/include/c++/13/bits/shared_ptr_base.h:1712:14:[m[K   required from ‘[01m[Kstd::__shared_ptr<_Tp, _Lp>::[01;32m[K__shared_ptr[m[K(std::_Sp_alloc_shared_tag<_Tp>, _Args&& ...) [35m[K[with _Alloc = std::allocator<void>; _Args = {}; _Tp = AddressBookSubscriber(); __gnu_cxx::_Lock_policy _Lp = __gnu_cxx::_S_atomic][m[K[m[K’
[01m[K/usr/include/c++/13/bits/shared_ptr.h:464:59:[m[K   required from ‘[01m[Kstd::shared_ptr<_Tp>::[01;32m[Kshared_ptr[m[K(std::_Sp_alloc_shared_tag<_Tp>, _Args&& ...) [35m[K[with _Alloc = std::allocator<void>; _Args = {}; _Tp = AddressBookSubscriber()][m[K[m[K’
[01m[K/usr/include/c++/13/bits/shared_ptr.h:1009:14:[m[K   required from ‘[01m[Kstd::shared_ptr<typename std::enable_if<(! std::is_array< <template-parameter-1-1> >::value), _Tp>::type> std::[01;32m[Kmake_shared[m[K(_Args&& ...) [35m[K[with _Tp = AddressBookSubscriber(); _Args = {}; typename enable_if<(! is_array< <template-parameter-1-1> >::value), _Tp>::type = AddressBookSubscriber()][m[K[m[K’
[01m[K/home/yixin/ros2_ws/src/more_interfaces/src/subscriber_address_book.cpp:57:57:[m[K   required from here
[01m[K/usr/include/c++/13/ext/aligned_buffer.h:93:28:[m[K [01;31m[Kerror: [m[Kcould not convert template argument ‘[01m[Ksizeof (AddressBookSubscriber())[m[K’ from ‘[01m[Klong unsigned int[m[K’ to ‘[01m[Klong unsigned int[m[K’
   93 |     : std::aligned_storage<[01;31m[Ksizeof(_Tp)[m[K, __alignof__(_Tp)>
      |                            [01;31m[K^~~~~~~~~~~[m[K
[01m[K/usr/include/c++/13/ext/aligned_buffer.h:93:28:[m[K [01;31m[Kerror: [m[Kcould not convert template argument ‘[01m[Ksizeof (AddressBookSubscriber())[m[K’ from ‘[01m[Klong unsigned int[m[K’ to ‘[01m[Klong unsigned int[m[K’
gmake[2]: *** [CMakeFiles/subscriber_address_book.dir/build.make:76: CMakeFiles/subscriber_address_book.dir/src/subscriber_address_book.cpp.o] Error 1
gmake[1]: *** [CMakeFiles/Makefile2:674: CMakeFiles/subscriber_address_book.dir/all] Error 2
gmake: *** [Makefile:146: all] Error 2
