[0.042s] Invoking command in '/home/yixin/ros2_ws/build/more_interfaces': CMAKE_PREFIX_PATH=${CMAKE_PREFIX_PATH}:/home/yixin/ros2_ws/install/py_srvcli:/home/yixin/ros2_ws/install/py_pubsub:/home/yixin/ros2_ws/install/python_parameters:/home/yixin/ros2_ws/install/my_python_package:/home/yixin/ros2_ws/install/launch_testing_examples:/home/yixin/ros2_ws/install/examples_rclpy_pointcloud_publisher:/home/yixin/ros2_ws/install/examples_rclpy_minimal_subscriber:/home/yixin/ros2_ws/install/examples_rclpy_minimal_service:/home/yixin/ros2_ws/install/examples_rclpy_minimal_publisher:/home/yixin/ros2_ws/install/examples_rclpy_minimal_client:/home/yixin/ros2_ws/install/examples_rclpy_minimal_action_server:/home/yixin/ros2_ws/install/examples_rclpy_minimal_action_client:/home/yixin/ros2_ws/install/examples_rclpy_guard_conditions:/home/yixin/ros2_ws/install/examples_rclpy_executors:/opt/ros/jazzy DEBUGINFOD_URLS=https://debuginfod.ubuntu.com /usr/bin/cmake --build /home/yixin/ros2_ws/build/more_interfaces -- -j8 -l8
[0.140s] -- Found ament_cmake: 2.5.6 (/opt/ros/jazzy/share/ament_cmake/cmake)
[0.491s] -- Found rosidl_default_generators: 1.6.1 (/opt/ros/jazzy/share/rosidl_default_generators/cmake)
[0.517s] -- Using all available rosidl_typesupport_c: rosidl_typesupport_fastrtps_c;rosidl_typesupport_introspection_c
[0.637s] -- Using all available rosidl_typesupport_cpp: rosidl_typesupport_fastrtps_cpp;rosidl_typesupport_introspection_cpp
[0.733s] -- Found rosidl_adapter: 4.6.9 (/opt/ros/jazzy/share/rosidl_adapter/cmake)
[0.739s] -- Found rclcpp: 28.1.21 (/opt/ros/jazzy/share/rclcpp/cmake)
[0.941s] -- Found rmw_implementation_cmake: 7.3.3 (/opt/ros/jazzy/share/rmw_implementation_cmake/cmake)
[0.949s] -- Found rmw_fastrtps_cpp: 8.4.4 (/opt/ros/jazzy/share/rmw_fastrtps_cpp/cmake)
[1.155s] -- Using RMW implementation 'rmw_fastrtps_cpp' as default
[2.100s] -- Found ament_cmake_ros: 0.12.1 (/opt/ros/jazzy/share/ament_cmake_ros/cmake)
[2.380s] -- Using all available rosidl_typesupport_c: rosidl_typesupport_fastrtps_c;rosidl_typesupport_introspection_c
[2.739s] -- Using all available rosidl_typesupport_cpp: rosidl_typesupport_fastrtps_cpp;rosidl_typesupport_introspection_cpp
[2.742s] -- Found python_cmake_module: 0.11.1 (/opt/ros/jazzy/share/python_cmake_module/cmake)
[3.569s] -- Found Python3: /usr/bin/python3 (found version "3.12.3") found components: Interpreter Development NumPy Development.Module Development.Embed 
[3.699s] -- Found Python3: /usr/bin/python3 (found version "3.12.3") found components: Interpreter 
[3.713s] -- Found ament_lint_auto: 0.17.5 (/opt/ros/jazzy/share/ament_lint_auto/cmake)
[3.750s] -- Added test 'cppcheck' to perform static code analysis on C / C++ code
[3.751s] -- Configured cppcheck include dirs: 
[3.751s] -- Configured cppcheck exclude dirs and/or files: 
[3.754s] -- Added test 'lint_cmake' to check CMake code style
[3.758s] -- Added test 'uncrustify' to check C / C++ code style
[3.758s] -- Configured uncrustify additional arguments: 
[3.759s] -- Added test 'xmllint' to check XML markup files
[3.767s] -- Configuring done (3.6s)
[3.907s] -- Generating done (0.1s)
[3.962s] -- Build files have been written to: /home/yixin/ros2_ws/build/more_interfaces
[4.095s] [  5%] Built target more_interfaces__rs
[4.095s] [  5%] Built target more_interfaces__rosidl_generator_type_description
[4.132s] [  5%] Built target ament_cmake_python_copy_more_interfaces
[4.171s] [  7%] Built target more_interfaces__cpp
[4.182s] [ 20%] Built target more_interfaces__rosidl_generator_c
[4.286s] [ 35%] Built target more_interfaces__rosidl_typesupport_fastrtps_c
[4.287s] [ 35%] Built target more_interfaces__rosidl_typesupport_introspection_c
[4.312s] [ 43%] Built target more_interfaces__rosidl_typesupport_introspection_cpp
[4.314s] [ 51%] Built target more_interfaces__rosidl_typesupport_cpp
[4.314s] [ 58%] Built target more_interfaces__rosidl_typesupport_c
[4.324s] [ 66%] Built target more_interfaces__rosidl_typesupport_fastrtps_cpp
[4.398s] [ 69%] [32mBuilding CXX object CMakeFiles/subscriber_address_book.dir/src/subscriber_address_book.cpp.o[0m
[4.412s] [ 69%] Built target more_interfaces
[4.434s] [ 74%] Built target publish_address_book
[4.494s] [ 76%] Built target more_interfaces__py
[4.587s] [ 82%] Built target more_interfaces__rosidl_generator_py
[4.691s] [ 87%] Built target more_interfaces_s__rosidl_typesupport_c
[4.697s] [ 92%] Built target more_interfaces_s__rosidl_typesupport_introspection_c
[4.702s] [ 97%] Built target more_interfaces_s__rosidl_typesupport_fastrtps_c
[4.908s] running egg_info
[4.971s] writing more_interfaces.egg-info/PKG-INFO
[4.972s] writing dependency_links to more_interfaces.egg-info/dependency_links.txt
[4.973s] writing top-level names to more_interfaces.egg-info/top_level.txt
[5.153s] reading manifest file 'more_interfaces.egg-info/SOURCES.txt'
[5.155s] writing manifest file 'more_interfaces.egg-info/SOURCES.txt'
[5.248s] [ 97%] Built target ament_cmake_python_build_more_interfaces_egg
[9.481s] [01m[K/home/yixin/ros2_ws/src/more_interfaces/src/subscriber_address_book.cpp:[m[K In constructor ‘[01m[KAddressBookSubscriber::[01;32m[KAddressBookSubscriber[m[K()[m[K’:
[9.481s] [01m[K/home/yixin/ros2_ws/src/more_interfaces/src/subscriber_address_book.cpp:41:5:[m[K [01;31m[Kerror: [m[K‘[01m[Ksubscription_[m[K’ was not declared in this scope; did you mean ‘[01m[Krmw_subscription_t[m[K’?
[9.482s]    41 |     [01;31m[Ksubscription_[m[K = this->create_subscription<more_interfaces::msg::AddressBook>(    // CHANGE
[9.482s]       |     [01;31m[K^~~~~~~~~~~~~[m[K
[9.482s]       |     [32m[Krmw_subscription_t[m[K
[9.509s] [01m[K/home/yixin/ros2_ws/src/more_interfaces/src/subscriber_address_book.cpp:[m[K At global scope:
[9.511s] [01m[K/home/yixin/ros2_ws/src/more_interfaces/src/subscriber_address_book.cpp:49:1:[m[K [01;31m[Kerror: [m[Kexpected unqualified-id before ‘[01m[Kprivate[m[K’
[9.511s]    49 | [01;31m[Kprivate[m[K:
[9.511s]       | [01;31m[K^~~~~~~[m[K
[9.511s] [01m[K/home/yixin/ros2_ws/src/more_interfaces/src/subscriber_address_book.cpp:52:1:[m[K [01;31m[Kerror: [m[Kexpected declaration before ‘[01m[K}[m[K’ token
[9.512s]    52 | [01;31m[K}[m[K;
[9.512s]       | [01;31m[K^[m[K
[9.512s] [01m[K/home/yixin/ros2_ws/src/more_interfaces/src/subscriber_address_book.cpp:[m[K In function ‘[01m[Kint[01;32m[K main[m[K(int, char**)[m[K’:
[9.512s] [01m[K/home/yixin/ros2_ws/src/more_interfaces/src/subscriber_address_book.cpp:57:15:[m[K [01;31m[Kerror: [m[Kno matching function for call to ‘[01m[Kspin(std::shared_ptr<AddressBookSubscriber()>)[m[K’
[9.512s]    57 |   [01;31m[Krclcpp::spin(std::make_shared<AddressBookSubscriber()>())[m[K;
[9.512s]       |   [01;31m[K~~~~~~~~~~~~^~~~~~~~~~~~~~~~~~~~~~~~~~~~~~~~~~~~~~~~~~~~~[m[K
[9.512s] In file included from [01m[K/opt/ros/jazzy/include/rclcpp/rclcpp/rclcpp.hpp:176[m[K,
[9.512s]                  from [01m[K/home/yixin/ros2_ws/src/more_interfaces/src/subscriber_address_book.cpp:17[m[K:
[9.512s] [01m[K/opt/ros/jazzy/include/rclcpp/rclcpp/executors.hpp:59:1:[m[K [01;36m[Knote: [m[Kcandidate: ‘[01m[Kvoid rclcpp::[01;32m[Kspin[m[K(node_interfaces::NodeBaseInterface::SharedPtr)[m[K’
[9.512s]    59 | [01;36m[Kspin[m[K(rclcpp::node_interfaces::NodeBaseInterface::SharedPtr node_ptr);
[9.512s]       | [01;36m[K^~~~[m[K
[9.512s] [01m[K/opt/ros/jazzy/include/rclcpp/rclcpp/executors.hpp:59:60:[m[K [01;36m[Knote: [m[K  no known conversion for argument 1 from ‘[01m[Kshared_ptr<[01;32m[KAddressBookSubscriber()[m[K>[m[K’ to ‘[01m[Kshared_ptr<[01;32m[Krclcpp::node_interfaces::NodeBaseInterface[m[K>[m[K’
[9.512s]    59 | spin([01;36m[Krclcpp::node_interfaces::NodeBaseInterface::SharedPtr node_ptr[m[K);
[9.512s]       |      [01;36m[K~~~~~~~~~~~~~~~~~~~~~~~~~~~~~~~~~~~~~~~~~~~~~~~~~~~~~~^~~~~~~~[m[K
[9.513s] [01m[K/opt/ros/jazzy/include/rclcpp/rclcpp/executors.hpp:63:1:[m[K [01;36m[Knote: [m[Kcandidate: ‘[01m[Kvoid rclcpp::[01;32m[Kspin[m[K(Node::SharedPtr)[m[K’
[9.513s]    63 | [01;36m[Kspin[m[K(rclcpp::Node::SharedPtr node_ptr);
[9.513s]       | [01;36m[K^~~~[m[K
[9.513s] [01m[K/opt/ros/jazzy/include/rclcpp/rclcpp/executors.hpp:63:30:[m[K [01;36m[Knote: [m[K  no known conversion for argument 1 from ‘[01m[Kshared_ptr<[01;32m[KAddressBookSubscriber()[m[K>[m[K’ to ‘[01m[Kshared_ptr<[01;32m[Krclcpp::Node[m[K>[m[K’
[9.513s]    63 | spin([01;36m[Krclcpp::Node::SharedPtr node_ptr[m[K);
[9.513s]       |      [01;36m[K~~~~~~~~~~~~~~~~~~~~~~~~^~~~~~~~[m[K
[9.953s] In file included from [01m[K/usr/include/c++/13/bits/shared_ptr_base.h:60[m[K,
[9.953s]                  from [01m[K/usr/include/c++/13/bits/shared_ptr.h:53[m[K,
[9.953s]                  from [01m[K/usr/include/c++/13/memory:80[m[K,
[9.953s]                  from [01m[K/home/yixin/ros2_ws/src/more_interfaces/src/subscriber_address_book.cpp:15[m[K:
[9.953s] /usr/include/c++/13/ext/aligned_buffer.h: In instantiation of ‘[01m[Kstruct __gnu_cxx::__aligned_buffer<AddressBookSubscriber()>[m[K’:
[9.953s] [01m[K/usr/include/c++/13/bits/shared_ptr_base.h:591:35:[m[K   required from ‘[01m[Kclass std::_Sp_counted_ptr_inplace<AddressBookSubscriber(), std::allocator<void>, __gnu_cxx::_S_atomic>::_Impl[m[K’
[9.953s] [01m[K/usr/include/c++/13/bits/shared_ptr_base.h:652:13:[m[K   required from ‘[01m[Kclass std::_Sp_counted_ptr_inplace<AddressBookSubscriber(), std::allocator<void>, __gnu_cxx::_S_atomic>[m[K’
[9.953s] [01m[K/usr/include/c++/13/bits/shared_ptr_base.h:968:43:[m[K   required from ‘[01m[Kstd::__shared_count<_Lp>::[01;32m[K__shared_count[m[K(_Tp*&, std::_Sp_alloc_shared_tag<_Alloc>, _Args&& ...) [35m[K[with _Tp = AddressBookSubscriber(); _Alloc = std::allocator<void>; _Args = {}; __gnu_cxx::_Lock_policy _Lp = __gnu_cxx::_S_atomic][m[K[m[K’
[9.953s] [01m[K/usr/include/c++/13/bits/shared_ptr_base.h:1712:14:[m[K   required from ‘[01m[Kstd::__shared_ptr<_Tp, _Lp>::[01;32m[K__shared_ptr[m[K(std::_Sp_alloc_shared_tag<_Tp>, _Args&& ...) [35m[K[with _Alloc = std::allocator<void>; _Args = {}; _Tp = AddressBookSubscriber(); __gnu_cxx::_Lock_policy _Lp = __gnu_cxx::_S_atomic][m[K[m[K’
[9.953s] [01m[K/usr/include/c++/13/bits/shared_ptr.h:464:59:[m[K   required from ‘[01m[Kstd::shared_ptr<_Tp>::[01;32m[Kshared_ptr[m[K(std::_Sp_alloc_shared_tag<_Tp>, _Args&& ...) [35m[K[with _Alloc = std::allocator<void>; _Args = {}; _Tp = AddressBookSubscriber()][m[K[m[K’
[9.953s] [01m[K/usr/include/c++/13/bits/shared_ptr.h:1009:14:[m[K   required from ‘[01m[Kstd::shared_ptr<typename std::enable_if<(! std::is_array< <template-parameter-1-1> >::value), _Tp>::type> std::[01;32m[Kmake_shared[m[K(_Args&& ...) [35m[K[with _Tp = AddressBookSubscriber(); _Args = {}; typename enable_if<(! is_array< <template-parameter-1-1> >::value), _Tp>::type = AddressBookSubscriber()][m[K[m[K’
[9.953s] [01m[K/home/yixin/ros2_ws/src/more_interfaces/src/subscriber_address_book.cpp:57:57:[m[K   required from here
[9.953s] [01m[K/usr/include/c++/13/ext/aligned_buffer.h:93:28:[m[K [01;31m[Kerror: [m[Kcould not convert template argument ‘[01m[Ksizeof (AddressBookSubscriber())[m[K’ from ‘[01m[Klong unsigned int[m[K’ to ‘[01m[Klong unsigned int[m[K’
[9.953s]    93 |     : std::aligned_storage<[01;31m[Ksizeof(_Tp)[m[K, __alignof__(_Tp)>
[9.953s]       |                            [01;31m[K^~~~~~~~~~~[m[K
[9.953s] [01m[K/usr/include/c++/13/ext/aligned_buffer.h:93:28:[m[K [01;31m[Kerror: [m[Kcould not convert template argument ‘[01m[Ksizeof (AddressBookSubscriber())[m[K’ from ‘[01m[Klong unsigned int[m[K’ to ‘[01m[Klong unsigned int[m[K’
[11.445s] gmake[2]: *** [CMakeFiles/subscriber_address_book.dir/build.make:76: CMakeFiles/subscriber_address_book.dir/src/subscriber_address_book.cpp.o] Error 1
[11.445s] gmake[1]: *** [CMakeFiles/Makefile2:674: CMakeFiles/subscriber_address_book.dir/all] Error 2
[11.446s] gmake: *** [Makefile:146: all] Error 2
[11.449s] Invoked command in '/home/yixin/ros2_ws/build/more_interfaces' returned '2': CMAKE_PREFIX_PATH=${CMAKE_PREFIX_PATH}:/home/yixin/ros2_ws/install/py_srvcli:/home/yixin/ros2_ws/install/py_pubsub:/home/yixin/ros2_ws/install/python_parameters:/home/yixin/ros2_ws/install/my_python_package:/home/yixin/ros2_ws/install/launch_testing_examples:/home/yixin/ros2_ws/install/examples_rclpy_pointcloud_publisher:/home/yixin/ros2_ws/install/examples_rclpy_minimal_subscriber:/home/yixin/ros2_ws/install/examples_rclpy_minimal_service:/home/yixin/ros2_ws/install/examples_rclpy_minimal_publisher:/home/yixin/ros2_ws/install/examples_rclpy_minimal_client:/home/yixin/ros2_ws/install/examples_rclpy_minimal_action_server:/home/yixin/ros2_ws/install/examples_rclpy_minimal_action_client:/home/yixin/ros2_ws/install/examples_rclpy_guard_conditions:/home/yixin/ros2_ws/install/examples_rclpy_executors:/opt/ros/jazzy DEBUGINFOD_URLS=https://debuginfod.ubuntu.com /usr/bin/cmake --build /home/yixin/ros2_ws/build/more_interfaces -- -j8 -l8
