[ 12%] [32mBuilding CXX object CMakeFiles/action_client.dir/src/fibonacci_action_client.cpp.o[0m
[ 25%] [32m[1mLinking CXX shared library libaction_client.so[0m
[ 25%] Built target action_client
[ 37%] [32mBuilding CXX object CMakeFiles/fibonacci_action_server.dir/rclcpp_components/node_main_fibonacci_action_server.cpp.o[0m
[ 50%] [32m[1mLinking CXX executable fibonacci_action_server[0m
[ 50%] Built target fibonacci_action_server
[ 62%] [32mBuilding CXX object CMakeFiles/action_server.dir/src/fibonacci_action_server.cpp.o[0m
[ 75%] [32m[1mLinking CXX shared library libaction_server.so[0m
[ 75%] Built target action_server
[ 87%] [32mBuilding CXX object CMakeFiles/fibonacci_action_client.dir/rclcpp_components/node_main_fibonacci_action_client.cpp.o[0m
[100%] [32m[1mLinking CXX executable fibonacci_action_client[0m
[100%] Built target fibonacci_action_client
-- Install configuration: ""
-- Installing: /home/yixin/ros2_ws/install/custom_action_cpp/lib/custom_action_cpp/fibonacci_action_client
-- Set non-toolchain portion of runtime path of "/home/yixin/ros2_ws/install/custom_action_cpp/lib/custom_action_cpp/fibonacci_action_client" to ""
-- Installing: /home/yixin/ros2_ws/install/custom_action_cpp/lib/libaction_client.so
-- Set non-toolchain portion of runtime path of "/home/yixin/ros2_ws/install/custom_action_cpp/lib/libaction_client.so" to ""
-- Installing: /home/yixin/ros2_ws/install/custom_action_cpp/lib/custom_action_cpp/fibonacci_action_server
-- Set non-toolchain portion of runtime path of "/home/yixin/ros2_ws/install/custom_action_cpp/lib/custom_action_cpp/fibonacci_action_server" to ""
-- Installing: /home/yixin/ros2_ws/install/custom_action_cpp/lib/libaction_server.so
-- Set non-toolchain portion of runtime path of "/home/yixin/ros2_ws/install/custom_action_cpp/lib/libaction_server.so" to ""
-- Up-to-date: /home/yixin/ros2_ws/install/custom_action_cpp/share/ament_index/resource_index/package_run_dependencies/custom_action_cpp
-- Up-to-date: /home/yixin/ros2_ws/install/custom_action_cpp/share/ament_index/resource_index/parent_prefix_path/custom_action_cpp
-- Up-to-date: /home/yixin/ros2_ws/install/custom_action_cpp/share/custom_action_cpp/environment/ament_prefix_path.sh
-- Up-to-date: /home/yixin/ros2_ws/install/custom_action_cpp/share/custom_action_cpp/environment/ament_prefix_path.dsv
-- Up-to-date: /home/yixin/ros2_ws/install/custom_action_cpp/share/custom_action_cpp/environment/path.sh
-- Up-to-date: /home/yixin/ros2_ws/install/custom_action_cpp/share/custom_action_cpp/environment/path.dsv
-- Up-to-date: /home/yixin/ros2_ws/install/custom_action_cpp/share/custom_action_cpp/local_setup.bash
-- Up-to-date: /home/yixin/ros2_ws/install/custom_action_cpp/share/custom_action_cpp/local_setup.sh
-- Up-to-date: /home/yixin/ros2_ws/install/custom_action_cpp/share/custom_action_cpp/local_setup.zsh
-- Up-to-date: /home/yixin/ros2_ws/install/custom_action_cpp/share/custom_action_cpp/local_setup.dsv
-- Installing: /home/yixin/ros2_ws/install/custom_action_cpp/share/custom_action_cpp/package.dsv
-- Up-to-date: /home/yixin/ros2_ws/install/custom_action_cpp/share/ament_index/resource_index/packages/custom_action_cpp
-- Up-to-date: /home/yixin/ros2_ws/install/custom_action_cpp/share/ament_index/resource_index/rclcpp_components/custom_action_cpp
-- Up-to-date: /home/yixin/ros2_ws/install/custom_action_cpp/share/custom_action_cpp/cmake/custom_action_cppConfig.cmake
-- Up-to-date: /home/yixin/ros2_ws/install/custom_action_cpp/share/custom_action_cpp/cmake/custom_action_cppConfig-version.cmake
-- Up-to-date: /home/yixin/ros2_ws/install/custom_action_cpp/share/custom_action_cpp/package.xml
