[  5%] Built target more_interfaces__rs
[  5%] Built target more_interfaces__rosidl_generator_type_description
[  5%] Built target ament_cmake_python_copy_more_interfaces
[  7%] Built target more_interfaces__cpp
[ 20%] Built target more_interfaces__rosidl_generator_c
[ 28%] Built target more_interfaces__rosidl_typesupport_c
[ 35%] Built target more_interfaces__rosidl_typesupport_fastrtps_c
[ 43%] Built target more_interfaces__rosidl_typesupport_fastrtps_cpp
[ 58%] Built target more_interfaces__rosidl_typesupport_cpp
[ 58%] Built target more_interfaces__rosidl_typesupport_introspection_c
[ 66%] Built target more_interfaces__rosidl_typesupport_introspection_cpp
[ 66%] Built target more_interfaces
[ 71%] Built target publish_address_book
[ 74%] [32mBuilding CXX object CMakeFiles/subscriber_address_book.dir/src/subscriber_address_book.cpp.o[0m
[ 76%] Built target more_interfaces__py
[ 82%] Built target more_interfaces__rosidl_generator_py
[ 87%] Built target more_interfaces_s__rosidl_typesupport_fastrtps_c
[ 92%] Built target more_interfaces_s__rosidl_typesupport_c
[ 97%] Built target more_interfaces_s__rosidl_typesupport_introspection_c
running egg_info
writing more_interfaces.egg-info/PKG-INFO
writing dependency_links to more_interfaces.egg-info/dependency_links.txt
writing top-level names to more_interfaces.egg-info/top_level.txt
reading manifest file 'more_interfaces.egg-info/SOURCES.txt'
writing manifest file 'more_interfaces.egg-info/SOURCES.txt'
[ 97%] Built target ament_cmake_python_build_more_interfaces_egg
