[0.040s] Invoking command in '/home/yixin/ros2_ws/build/more_interfaces': CMAKE_PREFIX_PATH=${CMAKE_PREFIX_PATH}:/home/yixin/ros2_ws/install/py_srvcli:/home/yixin/ros2_ws/install/py_pubsub:/home/yixin/ros2_ws/install/python_parameters:/home/yixin/ros2_ws/install/my_python_package:/home/yixin/ros2_ws/install/launch_testing_examples:/home/yixin/ros2_ws/install/examples_rclpy_pointcloud_publisher:/home/yixin/ros2_ws/install/examples_rclpy_minimal_subscriber:/home/yixin/ros2_ws/install/examples_rclpy_minimal_service:/home/yixin/ros2_ws/install/examples_rclpy_minimal_publisher:/home/yixin/ros2_ws/install/examples_rclpy_minimal_client:/home/yixin/ros2_ws/install/examples_rclpy_minimal_action_server:/home/yixin/ros2_ws/install/examples_rclpy_minimal_action_client:/home/yixin/ros2_ws/install/examples_rclpy_guard_conditions:/home/yixin/ros2_ws/install/examples_rclpy_executors:/opt/ros/jazzy DEBUGINFOD_URLS=https://debuginfod.ubuntu.com /usr/bin/cmake --build /home/yixin/ros2_ws/build/more_interfaces -- -j8 -l8
[0.260s] [  5%] Built target more_interfaces__rs
[0.260s] [  5%] Built target more_interfaces__rosidl_generator_type_description
[0.304s] [  5%] Built target ament_cmake_python_copy_more_interfaces
[0.349s] [  7%] Built target more_interfaces__cpp
[0.357s] [ 20%] Built target more_interfaces__rosidl_generator_c
[0.457s] [ 28%] Built target more_interfaces__rosidl_typesupport_c
[0.470s] [ 35%] Built target more_interfaces__rosidl_typesupport_fastrtps_c
[0.477s] [ 43%] Built target more_interfaces__rosidl_typesupport_fastrtps_cpp
[0.503s] [ 58%] Built target more_interfaces__rosidl_typesupport_cpp
[0.504s] [ 58%] Built target more_interfaces__rosidl_typesupport_introspection_c
[0.513s] [ 66%] Built target more_interfaces__rosidl_typesupport_introspection_cpp
[0.614s] [ 66%] Built target more_interfaces
[0.620s] [ 71%] Built target publish_address_book
[0.646s] [ 74%] [32mBuilding CXX object CMakeFiles/subscriber_address_book.dir/src/subscriber_address_book.cpp.o[0m
[0.701s] [ 76%] Built target more_interfaces__py
[0.788s] [ 82%] Built target more_interfaces__rosidl_generator_py
[0.885s] [ 87%] Built target more_interfaces_s__rosidl_typesupport_fastrtps_c
[0.893s] [ 92%] Built target more_interfaces_s__rosidl_typesupport_c
[0.895s] [ 97%] Built target more_interfaces_s__rosidl_typesupport_introspection_c
[1.104s] running egg_info
[1.172s] writing more_interfaces.egg-info/PKG-INFO
[1.173s] writing dependency_links to more_interfaces.egg-info/dependency_links.txt
[1.174s] writing top-level names to more_interfaces.egg-info/top_level.txt
[1.363s] reading manifest file 'more_interfaces.egg-info/SOURCES.txt'
[1.365s] writing manifest file 'more_interfaces.egg-info/SOURCES.txt'
[1.459s] [ 97%] Built target ament_cmake_python_build_more_interfaces_egg
[6.524s] [01m[K/home/yixin/ros2_ws/src/more_interfaces/src/subscriber_address_book.cpp:[m[K In constructor ‘[01m[KAddressBookSubscriber::[01;32m[KAddressBookSubscriber[m[K()[m[K’:
[6.525s] [01m[K/home/yixin/ros2_ws/src/more_interfaces/src/subscriber_address_book.cpp:41:5:[m[K [01;31m[Kerror: [m[K‘[01m[Ksubscription_[m[K’ was not declared in this scope; did you mean ‘[01m[Krmw_subscription_t[m[K’?
[6.525s]    41 |     [01;31m[Ksubscription_[m[K = this->create_subscription<more_interfaces::msg::AddressBook>(    // CHANGE
[6.525s]       |     [01;31m[K^~~~~~~~~~~~~[m[K
[6.525s]       |     [32m[Krmw_subscription_t[m[K
[6.587s] [01m[K/home/yixin/ros2_ws/src/more_interfaces/src/subscriber_address_book.cpp:[m[K At global scope:
[6.588s] [01m[K/home/yixin/ros2_ws/src/more_interfaces/src/subscriber_address_book.cpp:49:1:[m[K [01;31m[Kerror: [m[Kexpected unqualified-id before ‘[01m[Kprivate[m[K’
[6.588s]    49 | [01;31m[Kprivate[m[K:
[6.588s]       | [01;31m[K^~~~~~~[m[K
[6.588s] [01m[K/home/yixin/ros2_ws/src/more_interfaces/src/subscriber_address_book.cpp:52:1:[m[K [01;31m[Kerror: [m[Kexpected declaration before ‘[01m[K}[m[K’ token
[6.589s]    52 | [01;31m[K}[m[K;
[6.589s]       | [01;31m[K^[m[K
[6.592s] [01m[K/home/yixin/ros2_ws/src/more_interfaces/src/subscriber_address_book.cpp:[m[K In function ‘[01m[Kint[01;32m[K main[m[K(int, char**)[m[K’:
[6.592s] [01m[K/home/yixin/ros2_ws/src/more_interfaces/src/subscriber_address_book.cpp:57:15:[m[K [01;31m[Kerror: [m[Kno matching function for call to ‘[01m[Kspin(std::shared_ptr<AddressBookSubscriber()>)[m[K’
[6.593s]    57 |   [01;31m[Krclcpp::spin(std::make_shared<AddressBookSubscriber()>())[m[K;
[6.593s]       |   [01;31m[K~~~~~~~~~~~~^~~~~~~~~~~~~~~~~~~~~~~~~~~~~~~~~~~~~~~~~~~~~[m[K
[6.593s] In file included from [01m[K/opt/ros/jazzy/include/rclcpp/rclcpp/rclcpp.hpp:176[m[K,
[6.593s]                  from [01m[K/home/yixin/ros2_ws/src/more_interfaces/src/subscriber_address_book.cpp:17[m[K:
[6.593s] [01m[K/opt/ros/jazzy/include/rclcpp/rclcpp/executors.hpp:59:1:[m[K [01;36m[Knote: [m[Kcandidate: ‘[01m[Kvoid rclcpp::[01;32m[Kspin[m[K(node_interfaces::NodeBaseInterface::SharedPtr)[m[K’
[6.594s]    59 | [01;36m[Kspin[m[K(rclcpp::node_interfaces::NodeBaseInterface::SharedPtr node_ptr);
[6.594s]       | [01;36m[K^~~~[m[K
[6.594s] [01m[K/opt/ros/jazzy/include/rclcpp/rclcpp/executors.hpp:59:60:[m[K [01;36m[Knote: [m[K  no known conversion for argument 1 from ‘[01m[Kshared_ptr<[01;32m[KAddressBookSubscriber()[m[K>[m[K’ to ‘[01m[Kshared_ptr<[01;32m[Krclcpp::node_interfaces::NodeBaseInterface[m[K>[m[K’
[6.594s]    59 | spin([01;36m[Krclcpp::node_interfaces::NodeBaseInterface::SharedPtr node_ptr[m[K);
[6.594s]       |      [01;36m[K~~~~~~~~~~~~~~~~~~~~~~~~~~~~~~~~~~~~~~~~~~~~~~~~~~~~~~^~~~~~~~[m[K
[6.594s] [01m[K/opt/ros/jazzy/include/rclcpp/rclcpp/executors.hpp:63:1:[m[K [01;36m[Knote: [m[Kcandidate: ‘[01m[Kvoid rclcpp::[01;32m[Kspin[m[K(Node::SharedPtr)[m[K’
[6.595s]    63 | [01;36m[Kspin[m[K(rclcpp::Node::SharedPtr node_ptr);
[6.595s]       | [01;36m[K^~~~[m[K
[6.595s] [01m[K/opt/ros/jazzy/include/rclcpp/rclcpp/executors.hpp:63:30:[m[K [01;36m[Knote: [m[K  no known conversion for argument 1 from ‘[01m[Kshared_ptr<[01;32m[KAddressBookSubscriber()[m[K>[m[K’ to ‘[01m[Kshared_ptr<[01;32m[Krclcpp::Node[m[K>[m[K’
[6.595s]    63 | spin([01;36m[Krclcpp::Node::SharedPtr node_ptr[m[K);
[6.595s]       |      [01;36m[K~~~~~~~~~~~~~~~~~~~~~~~~^~~~~~~~[m[K
[7.581s] In file included from [01m[K/usr/include/c++/13/bits/shared_ptr_base.h:60[m[K,
[7.581s]                  from [01m[K/usr/include/c++/13/bits/shared_ptr.h:53[m[K,
[7.581s]                  from [01m[K/usr/include/c++/13/memory:80[m[K,
[7.581s]                  from [01m[K/home/yixin/ros2_ws/src/more_interfaces/src/subscriber_address_book.cpp:15[m[K:
[7.582s] /usr/include/c++/13/ext/aligned_buffer.h: In instantiation of ‘[01m[Kstruct __gnu_cxx::__aligned_buffer<AddressBookSubscriber()>[m[K’:
[7.582s] [01m[K/usr/include/c++/13/bits/shared_ptr_base.h:591:35:[m[K   required from ‘[01m[Kclass std::_Sp_counted_ptr_inplace<AddressBookSubscriber(), std::allocator<void>, __gnu_cxx::_S_atomic>::_Impl[m[K’
[7.582s] [01m[K/usr/include/c++/13/bits/shared_ptr_base.h:652:13:[m[K   required from ‘[01m[Kclass std::_Sp_counted_ptr_inplace<AddressBookSubscriber(), std::allocator<void>, __gnu_cxx::_S_atomic>[m[K’
[7.582s] [01m[K/usr/include/c++/13/bits/shared_ptr_base.h:968:43:[m[K   required from ‘[01m[Kstd::__shared_count<_Lp>::[01;32m[K__shared_count[m[K(_Tp*&, std::_Sp_alloc_shared_tag<_Alloc>, _Args&& ...) [35m[K[with _Tp = AddressBookSubscriber(); _Alloc = std::allocator<void>; _Args = {}; __gnu_cxx::_Lock_policy _Lp = __gnu_cxx::_S_atomic][m[K[m[K’
[7.582s] [01m[K/usr/include/c++/13/bits/shared_ptr_base.h:1712:14:[m[K   required from ‘[01m[Kstd::__shared_ptr<_Tp, _Lp>::[01;32m[K__shared_ptr[m[K(std::_Sp_alloc_shared_tag<_Tp>, _Args&& ...) [35m[K[with _Alloc = std::allocator<void>; _Args = {}; _Tp = AddressBookSubscriber(); __gnu_cxx::_Lock_policy _Lp = __gnu_cxx::_S_atomic][m[K[m[K’
[7.583s] [01m[K/usr/include/c++/13/bits/shared_ptr.h:464:59:[m[K   required from ‘[01m[Kstd::shared_ptr<_Tp>::[01;32m[Kshared_ptr[m[K(std::_Sp_alloc_shared_tag<_Tp>, _Args&& ...) [35m[K[with _Alloc = std::allocator<void>; _Args = {}; _Tp = AddressBookSubscriber()][m[K[m[K’
[7.583s] [01m[K/usr/include/c++/13/bits/shared_ptr.h:1009:14:[m[K   required from ‘[01m[Kstd::shared_ptr<typename std::enable_if<(! std::is_array< <template-parameter-1-1> >::value), _Tp>::type> std::[01;32m[Kmake_shared[m[K(_Args&& ...) [35m[K[with _Tp = AddressBookSubscriber(); _Args = {}; typename enable_if<(! is_array< <template-parameter-1-1> >::value), _Tp>::type = AddressBookSubscriber()][m[K[m[K’
[7.583s] [01m[K/home/yixin/ros2_ws/src/more_interfaces/src/subscriber_address_book.cpp:57:57:[m[K   required from here
[7.583s] [01m[K/usr/include/c++/13/ext/aligned_buffer.h:93:28:[m[K [01;31m[Kerror: [m[Kcould not convert template argument ‘[01m[Ksizeof (AddressBookSubscriber())[m[K’ from ‘[01m[Klong unsigned int[m[K’ to ‘[01m[Klong unsigned int[m[K’
[7.583s]    93 |     : std::aligned_storage<[01;31m[Ksizeof(_Tp)[m[K, __alignof__(_Tp)>
[7.583s]       |                            [01;31m[K^~~~~~~~~~~[m[K
[7.584s] [01m[K/usr/include/c++/13/ext/aligned_buffer.h:93:28:[m[K [01;31m[Kerror: [m[Kcould not convert template argument ‘[01m[Ksizeof (AddressBookSubscriber())[m[K’ from ‘[01m[Klong unsigned int[m[K’ to ‘[01m[Klong unsigned int[m[K’
[9.622s] gmake[2]: *** [CMakeFiles/subscriber_address_book.dir/build.make:76: CMakeFiles/subscriber_address_book.dir/src/subscriber_address_book.cpp.o] Error 1
[9.622s] gmake[1]: *** [CMakeFiles/Makefile2:674: CMakeFiles/subscriber_address_book.dir/all] Error 2
[9.622s] gmake: *** [Makefile:146: all] Error 2
[9.625s] Invoked command in '/home/yixin/ros2_ws/build/more_interfaces' returned '2': CMAKE_PREFIX_PATH=${CMAKE_PREFIX_PATH}:/home/yixin/ros2_ws/install/py_srvcli:/home/yixin/ros2_ws/install/py_pubsub:/home/yixin/ros2_ws/install/python_parameters:/home/yixin/ros2_ws/install/my_python_package:/home/yixin/ros2_ws/install/launch_testing_examples:/home/yixin/ros2_ws/install/examples_rclpy_pointcloud_publisher:/home/yixin/ros2_ws/install/examples_rclpy_minimal_subscriber:/home/yixin/ros2_ws/install/examples_rclpy_minimal_service:/home/yixin/ros2_ws/install/examples_rclpy_minimal_publisher:/home/yixin/ros2_ws/install/examples_rclpy_minimal_client:/home/yixin/ros2_ws/install/examples_rclpy_minimal_action_server:/home/yixin/ros2_ws/install/examples_rclpy_minimal_action_client:/home/yixin/ros2_ws/install/examples_rclpy_guard_conditions:/home/yixin/ros2_ws/install/examples_rclpy_executors:/opt/ros/jazzy DEBUGINFOD_URLS=https://debuginfod.ubuntu.com /usr/bin/cmake --build /home/yixin/ros2_ws/build/more_interfaces -- -j8 -l8
