[0.063s] Invoking command in '/home/yixin/ros2_ws/build/vincent_driver': CMAKE_PREFIX_PATH=${CMAKE_PREFIX_PATH}:/home/yixin/ros2_ws/install/py_srvcli:/home/yixin/ros2_ws/install/py_pubsub:/home/yixin/ros2_ws/install/python_parameters:/home/yixin/ros2_ws/install/my_python_package:/home/yixin/ros2_ws/install/launch_testing_examples:/home/yixin/ros2_ws/install/examples_rclpy_pointcloud_publisher:/home/yixin/ros2_ws/install/examples_rclpy_minimal_subscriber:/home/yixin/ros2_ws/install/examples_rclpy_minimal_service:/home/yixin/ros2_ws/install/examples_rclpy_minimal_publisher:/home/yixin/ros2_ws/install/examples_rclpy_minimal_client:/home/yixin/ros2_ws/install/examples_rclpy_minimal_action_server:/home/yixin/ros2_ws/install/examples_rclpy_minimal_action_client:/home/yixin/ros2_ws/install/examples_rclpy_guard_conditions:/home/yixin/ros2_ws/install/examples_rclpy_executors:/opt/ros/jazzy DEBUGINFOD_URLS=https://debuginfod.ubuntu.com /usr/bin/cmake --build /home/yixin/ros2_ws/build/vincent_driver -- -j8 -l8
[1.834s] [ 50%] [32mBuilding CXX object CMakeFiles/vincent_driver_component.dir/src/vincent_driver.cpp.o[0m
[7.391s] [100%] [32m[1mLinking CXX shared library libvincent_driver_component.so[0m
[7.782s] [100%] Built target vincent_driver_component
[7.893s] Invoked command in '/home/yixin/ros2_ws/build/vincent_driver' returned '0': CMAKE_PREFIX_PATH=${CMAKE_PREFIX_PATH}:/home/yixin/ros2_ws/install/py_srvcli:/home/yixin/ros2_ws/install/py_pubsub:/home/yixin/ros2_ws/install/python_parameters:/home/yixin/ros2_ws/install/my_python_package:/home/yixin/ros2_ws/install/launch_testing_examples:/home/yixin/ros2_ws/install/examples_rclpy_pointcloud_publisher:/home/yixin/ros2_ws/install/examples_rclpy_minimal_subscriber:/home/yixin/ros2_ws/install/examples_rclpy_minimal_service:/home/yixin/ros2_ws/install/examples_rclpy_minimal_publisher:/home/yixin/ros2_ws/install/examples_rclpy_minimal_client:/home/yixin/ros2_ws/install/examples_rclpy_minimal_action_server:/home/yixin/ros2_ws/install/examples_rclpy_minimal_action_client:/home/yixin/ros2_ws/install/examples_rclpy_guard_conditions:/home/yixin/ros2_ws/install/examples_rclpy_executors:/opt/ros/jazzy DEBUGINFOD_URLS=https://debuginfod.ubuntu.com /usr/bin/cmake --build /home/yixin/ros2_ws/build/vincent_driver -- -j8 -l8
[7.894s] Invoking command in '/home/yixin/ros2_ws/build/vincent_driver': CMAKE_PREFIX_PATH=${CMAKE_PREFIX_PATH}:/home/yixin/ros2_ws/install/py_srvcli:/home/yixin/ros2_ws/install/py_pubsub:/home/yixin/ros2_ws/install/python_parameters:/home/yixin/ros2_ws/install/my_python_package:/home/yixin/ros2_ws/install/launch_testing_examples:/home/yixin/ros2_ws/install/examples_rclpy_pointcloud_publisher:/home/yixin/ros2_ws/install/examples_rclpy_minimal_subscriber:/home/yixin/ros2_ws/install/examples_rclpy_minimal_service:/home/yixin/ros2_ws/install/examples_rclpy_minimal_publisher:/home/yixin/ros2_ws/install/examples_rclpy_minimal_client:/home/yixin/ros2_ws/install/examples_rclpy_minimal_action_server:/home/yixin/ros2_ws/install/examples_rclpy_minimal_action_client:/home/yixin/ros2_ws/install/examples_rclpy_guard_conditions:/home/yixin/ros2_ws/install/examples_rclpy_executors:/opt/ros/jazzy DEBUGINFOD_URLS=https://debuginfod.ubuntu.com /usr/bin/cmake --install /home/yixin/ros2_ws/build/vincent_driver
[14.076s] -- Install configuration: ""
[14.077s] -- Installing: /home/yixin/ros2_ws/install/vincent_driver/lib/libvincent_driver_component.so
[14.077s] -- Set non-toolchain portion of runtime path of "/home/yixin/ros2_ws/install/vincent_driver/lib/libvincent_driver_component.so" to ""
[14.077s] -- Up-to-date: /home/yixin/ros2_ws/install/vincent_driver/share/ament_index/resource_index/package_run_dependencies/vincent_driver
[14.077s] -- Up-to-date: /home/yixin/ros2_ws/install/vincent_driver/share/ament_index/resource_index/parent_prefix_path/vincent_driver
[14.077s] -- Up-to-date: /home/yixin/ros2_ws/install/vincent_driver/share/vincent_driver/environment/ament_prefix_path.sh
[14.079s] -- Up-to-date: /home/yixin/ros2_ws/install/vincent_driver/share/vincent_driver/environment/ament_prefix_path.dsv
[14.079s] -- Up-to-date: /home/yixin/ros2_ws/install/vincent_driver/share/vincent_driver/environment/path.sh
[14.079s] -- Up-to-date: /home/yixin/ros2_ws/install/vincent_driver/share/vincent_driver/environment/path.dsv
[14.079s] -- Up-to-date: /home/yixin/ros2_ws/install/vincent_driver/share/vincent_driver/local_setup.bash
[14.079s] -- Up-to-date: /home/yixin/ros2_ws/install/vincent_driver/share/vincent_driver/local_setup.sh
[14.079s] -- Up-to-date: /home/yixin/ros2_ws/install/vincent_driver/share/vincent_driver/local_setup.zsh
[14.079s] -- Up-to-date: /home/yixin/ros2_ws/install/vincent_driver/share/vincent_driver/local_setup.dsv
[14.079s] -- Installing: /home/yixin/ros2_ws/install/vincent_driver/share/vincent_driver/package.dsv
[14.080s] -- Up-to-date: /home/yixin/ros2_ws/install/vincent_driver/share/ament_index/resource_index/packages/vincent_driver
[14.080s] -- Up-to-date: /home/yixin/ros2_ws/install/vincent_driver/share/ament_index/resource_index/rclcpp_components/vincent_driver
[14.080s] -- Up-to-date: /home/yixin/ros2_ws/install/vincent_driver/share/vincent_driver/cmake/vincent_driverConfig.cmake
[14.080s] -- Up-to-date: /home/yixin/ros2_ws/install/vincent_driver/share/vincent_driver/cmake/vincent_driverConfig-version.cmake
[14.080s] -- Up-to-date: /home/yixin/ros2_ws/install/vincent_driver/share/vincent_driver/package.xml
[14.080s] Invoked command in '/home/yixin/ros2_ws/build/vincent_driver' returned '0': CMAKE_PREFIX_PATH=${CMAKE_PREFIX_PATH}:/home/yixin/ros2_ws/install/py_srvcli:/home/yixin/ros2_ws/install/py_pubsub:/home/yixin/ros2_ws/install/python_parameters:/home/yixin/ros2_ws/install/my_python_package:/home/yixin/ros2_ws/install/launch_testing_examples:/home/yixin/ros2_ws/install/examples_rclpy_pointcloud_publisher:/home/yixin/ros2_ws/install/examples_rclpy_minimal_subscriber:/home/yixin/ros2_ws/install/examples_rclpy_minimal_service:/home/yixin/ros2_ws/install/examples_rclpy_minimal_publisher:/home/yixin/ros2_ws/install/examples_rclpy_minimal_client:/home/yixin/ros2_ws/install/examples_rclpy_minimal_action_server:/home/yixin/ros2_ws/install/examples_rclpy_minimal_action_client:/home/yixin/ros2_ws/install/examples_rclpy_guard_conditions:/home/yixin/ros2_ws/install/examples_rclpy_executors:/opt/ros/jazzy DEBUGINFOD_URLS=https://debuginfod.ubuntu.com /usr/bin/cmake --install /home/yixin/ros2_ws/build/vincent_driver
