[0.056s] Invoking command in '/home/yixin/ros2_ws/build/turtlesim': CMAKE_PREFIX_PATH=${CMAKE_PREFIX_PATH}:/home/yixin/ros2_ws/install/py_srvcli:/home/yixin/ros2_ws/install/py_pubsub:/home/yixin/ros2_ws/install/python_parameters:/home/yixin/ros2_ws/install/my_python_package:/home/yixin/ros2_ws/install/launch_testing_examples:/home/yixin/ros2_ws/install/examples_rclpy_pointcloud_publisher:/home/yixin/ros2_ws/install/examples_rclpy_minimal_subscriber:/home/yixin/ros2_ws/install/examples_rclpy_minimal_service:/home/yixin/ros2_ws/install/examples_rclpy_minimal_publisher:/home/yixin/ros2_ws/install/examples_rclpy_minimal_client:/home/yixin/ros2_ws/install/examples_rclpy_minimal_action_server:/home/yixin/ros2_ws/install/examples_rclpy_minimal_action_client:/home/yixin/ros2_ws/install/examples_rclpy_guard_conditions:/home/yixin/ros2_ws/install/examples_rclpy_executors:/opt/ros/jazzy DEBUGINFOD_URLS=https://debuginfod.ubuntu.com /usr/bin/cmake --build /home/yixin/ros2_ws/build/turtlesim -- -j8 -l8
[1.553s] [  0%] Built target turtlesim__rosidl_generator_type_description
[1.553s] [  0%] Built target ament_cmake_python_copy_turtlesim
[1.553s] [ 23%] Built target turtlesim__rosidl_generator_c
[1.553s] running egg_info
[1.554s] writing turtlesim.egg-info/PKG-INFO
[1.554s] writing dependency_links to turtlesim.egg-info/dependency_links.txt
[1.554s] writing top-level names to turtlesim.egg-info/top_level.txt
[1.554s] reading manifest file 'turtlesim.egg-info/SOURCES.txt'
[1.554s] writing manifest file 'turtlesim.egg-info/SOURCES.txt'
[1.620s] [ 23%] Built target ament_cmake_python_build_turtlesim_egg
[1.730s] [ 32%] Built target turtlesim__rosidl_typesupport_c
[1.826s] [ 41%] Built target turtlesim__rosidl_typesupport_introspection_c
[1.941s] [ 49%] Built target turtlesim__rosidl_typesupport_fastrtps_c
[2.022s] [ 50%] Built target turtlesim__cpp
[2.143s] [ 59%] Built target turtlesim__rosidl_typesupport_cpp
[2.270s] [ 67%] Built target turtlesim__rosidl_typesupport_introspection_cpp
[2.365s] [ 69%] Built target mimic
[2.437s] [ 70%] Built target draw_square
[2.537s] [ 72%] Built target turtle_teleop_key
[2.673s] [ 77%] Built target turtlesim_node
[2.778s] [ 86%] Built target turtlesim__rosidl_typesupport_fastrtps_cpp
[2.878s] [ 86%] Built target turtlesim
[2.981s] [ 86%] Built target turtlesim__py
[3.107s] [ 94%] Built target turtlesim__rosidl_generator_py
[3.170s] [ 96%] Built target turtlesim_s__rosidl_typesupport_fastrtps_c
[3.273s] [ 98%] Built target turtlesim_s__rosidl_typesupport_c
[3.364s] [100%] Built target turtlesim_s__rosidl_typesupport_introspection_c
[3.465s] Invoked command in '/home/yixin/ros2_ws/build/turtlesim' returned '0': CMAKE_PREFIX_PATH=${CMAKE_PREFIX_PATH}:/home/yixin/ros2_ws/install/py_srvcli:/home/yixin/ros2_ws/install/py_pubsub:/home/yixin/ros2_ws/install/python_parameters:/home/yixin/ros2_ws/install/my_python_package:/home/yixin/ros2_ws/install/launch_testing_examples:/home/yixin/ros2_ws/install/examples_rclpy_pointcloud_publisher:/home/yixin/ros2_ws/install/examples_rclpy_minimal_subscriber:/home/yixin/ros2_ws/install/examples_rclpy_minimal_service:/home/yixin/ros2_ws/install/examples_rclpy_minimal_publisher:/home/yixin/ros2_ws/install/examples_rclpy_minimal_client:/home/yixin/ros2_ws/install/examples_rclpy_minimal_action_server:/home/yixin/ros2_ws/install/examples_rclpy_minimal_action_client:/home/yixin/ros2_ws/install/examples_rclpy_guard_conditions:/home/yixin/ros2_ws/install/examples_rclpy_executors:/opt/ros/jazzy DEBUGINFOD_URLS=https://debuginfod.ubuntu.com /usr/bin/cmake --build /home/yixin/ros2_ws/build/turtlesim -- -j8 -l8
[3.466s] Invoking command in '/home/yixin/ros2_ws/build/turtlesim': CMAKE_PREFIX_PATH=${CMAKE_PREFIX_PATH}:/home/yixin/ros2_ws/install/py_srvcli:/home/yixin/ros2_ws/install/py_pubsub:/home/yixin/ros2_ws/install/python_parameters:/home/yixin/ros2_ws/install/my_python_package:/home/yixin/ros2_ws/install/launch_testing_examples:/home/yixin/ros2_ws/install/examples_rclpy_pointcloud_publisher:/home/yixin/ros2_ws/install/examples_rclpy_minimal_subscriber:/home/yixin/ros2_ws/install/examples_rclpy_minimal_service:/home/yixin/ros2_ws/install/examples_rclpy_minimal_publisher:/home/yixin/ros2_ws/install/examples_rclpy_minimal_client:/home/yixin/ros2_ws/install/examples_rclpy_minimal_action_server:/home/yixin/ros2_ws/install/examples_rclpy_minimal_action_client:/home/yixin/ros2_ws/install/examples_rclpy_guard_conditions:/home/yixin/ros2_ws/install/examples_rclpy_executors:/opt/ros/jazzy DEBUGINFOD_URLS=https://debuginfod.ubuntu.com /usr/bin/cmake --install /home/yixin/ros2_ws/build/turtlesim
[9.410s] -- Install configuration: ""
[9.411s] -- Up-to-date: /home/yixin/ros2_ws/install/turtlesim/share/ament_index/resource_index/rosidl_interfaces/turtlesim
[9.413s] -- Up-to-date: /home/yixin/ros2_ws/install/turtlesim/share/turtlesim/action/RotateAbsolute.json
[9.413s] -- Up-to-date: /home/yixin/ros2_ws/install/turtlesim/share/turtlesim/msg/Color.json
[9.413s] -- Up-to-date: /home/yixin/ros2_ws/install/turtlesim/share/turtlesim/msg/Pose.json
[9.413s] -- Up-to-date: /home/yixin/ros2_ws/install/turtlesim/share/turtlesim/srv/Kill.json
[9.413s] -- Up-to-date: /home/yixin/ros2_ws/install/turtlesim/share/turtlesim/srv/SetPen.json
[9.413s] -- Up-to-date: /home/yixin/ros2_ws/install/turtlesim/share/turtlesim/srv/Spawn.json
[9.414s] -- Up-to-date: /home/yixin/ros2_ws/install/turtlesim/share/turtlesim/srv/TeleportAbsolute.json
[9.414s] -- Up-to-date: /home/yixin/ros2_ws/install/turtlesim/share/turtlesim/srv/TeleportRelative.json
[9.414s] -- Up-to-date: /home/yixin/ros2_ws/install/turtlesim/include/turtlesim/turtlesim
[9.414s] -- Up-to-date: /home/yixin/ros2_ws/install/turtlesim/include/turtlesim/turtlesim/action
[9.414s] -- Up-to-date: /home/yixin/ros2_ws/install/turtlesim/include/turtlesim/turtlesim/action/detail
[9.414s] -- Up-to-date: /home/yixin/ros2_ws/install/turtlesim/include/turtlesim/turtlesim/action/detail/rotate_absolute__description.c
[9.414s] -- Up-to-date: /home/yixin/ros2_ws/install/turtlesim/include/turtlesim/turtlesim/action/detail/rotate_absolute__struct.h
[9.414s] -- Up-to-date: /home/yixin/ros2_ws/install/turtlesim/include/turtlesim/turtlesim/action/detail/rotate_absolute__type_support.h
[9.414s] -- Up-to-date: /home/yixin/ros2_ws/install/turtlesim/include/turtlesim/turtlesim/action/detail/rotate_absolute__functions.h
[9.414s] -- Up-to-date: /home/yixin/ros2_ws/install/turtlesim/include/turtlesim/turtlesim/action/detail/rotate_absolute__type_support.c
[9.414s] -- Up-to-date: /home/yixin/ros2_ws/install/turtlesim/include/turtlesim/turtlesim/action/detail/rotate_absolute__functions.c
[9.414s] -- Up-to-date: /home/yixin/ros2_ws/install/turtlesim/include/turtlesim/turtlesim/action/rotate_absolute.h
[9.415s] -- Up-to-date: /home/yixin/ros2_ws/install/turtlesim/include/turtlesim/turtlesim/msg
[9.415s] -- Up-to-date: /home/yixin/ros2_ws/install/turtlesim/include/turtlesim/turtlesim/msg/color.h
[9.415s] -- Up-to-date: /home/yixin/ros2_ws/install/turtlesim/include/turtlesim/turtlesim/msg/pose.h
[9.415s] -- Up-to-date: /home/yixin/ros2_ws/install/turtlesim/include/turtlesim/turtlesim/msg/rosidl_generator_c__visibility_control.h
[9.415s] -- Up-to-date: /home/yixin/ros2_ws/install/turtlesim/include/turtlesim/turtlesim/msg/detail
[9.415s] -- Up-to-date: /home/yixin/ros2_ws/install/turtlesim/include/turtlesim/turtlesim/msg/detail/pose__functions.h
[9.415s] -- Up-to-date: /home/yixin/ros2_ws/install/turtlesim/include/turtlesim/turtlesim/msg/detail/pose__struct.h
[9.415s] -- Up-to-date: /home/yixin/ros2_ws/install/turtlesim/include/turtlesim/turtlesim/msg/detail/color__type_support.c
[9.415s] -- Up-to-date: /home/yixin/ros2_ws/install/turtlesim/include/turtlesim/turtlesim/msg/detail/pose__type_support.c
[9.415s] -- Up-to-date: /home/yixin/ros2_ws/install/turtlesim/include/turtlesim/turtlesim/msg/detail/pose__description.c
[9.415s] -- Up-to-date: /home/yixin/ros2_ws/install/turtlesim/include/turtlesim/turtlesim/msg/detail/color__functions.h
[9.415s] -- Up-to-date: /home/yixin/ros2_ws/install/turtlesim/include/turtlesim/turtlesim/msg/detail/pose__functions.c
[9.416s] -- Up-to-date: /home/yixin/ros2_ws/install/turtlesim/include/turtlesim/turtlesim/msg/detail/color__type_support.h
[9.416s] -- Up-to-date: /home/yixin/ros2_ws/install/turtlesim/include/turtlesim/turtlesim/msg/detail/color__struct.h
[9.416s] -- Up-to-date: /home/yixin/ros2_ws/install/turtlesim/include/turtlesim/turtlesim/msg/detail/pose__type_support.h
[9.416s] -- Up-to-date: /home/yixin/ros2_ws/install/turtlesim/include/turtlesim/turtlesim/msg/detail/color__description.c
[9.416s] -- Up-to-date: /home/yixin/ros2_ws/install/turtlesim/include/turtlesim/turtlesim/msg/detail/color__functions.c
[9.420s] -- Up-to-date: /home/yixin/ros2_ws/install/turtlesim/include/turtlesim/turtlesim/srv
[9.420s] -- Up-to-date: /home/yixin/ros2_ws/install/turtlesim/include/turtlesim/turtlesim/srv/teleport_relative.h
[9.425s] -- Up-to-date: /home/yixin/ros2_ws/install/turtlesim/include/turtlesim/turtlesim/srv/detail
[9.425s] -- Up-to-date: /home/yixin/ros2_ws/install/turtlesim/include/turtlesim/turtlesim/srv/detail/set_pen__functions.h
[9.425s] -- Up-to-date: /home/yixin/ros2_ws/install/turtlesim/include/turtlesim/turtlesim/srv/detail/set_pen__description.c
[9.426s] -- Up-to-date: /home/yixin/ros2_ws/install/turtlesim/include/turtlesim/turtlesim/srv/detail/teleport_relative__type_support.h
[9.426s] -- Up-to-date: /home/yixin/ros2_ws/install/turtlesim/include/turtlesim/turtlesim/srv/detail/spawn__type_support.h
[9.426s] -- Up-to-date: /home/yixin/ros2_ws/install/turtlesim/include/turtlesim/turtlesim/srv/detail/set_pen__struct.h
[9.426s] -- Installing: /home/yixin/ros2_ws/install/turtlesim/include/turtlesim/turtlesim/srv/detail/set_pen__type_support.c
[9.426s] -- Up-to-date: /home/yixin/ros2_ws/install/turtlesim/include/turtlesim/turtlesim/srv/detail/kill__struct.h
[9.426s] -- Up-to-date: /home/yixin/ros2_ws/install/turtlesim/include/turtlesim/turtlesim/srv/detail/kill__type_support.c
[9.426s] -- Up-to-date: /home/yixin/ros2_ws/install/turtlesim/include/turtlesim/turtlesim/srv/detail/spawn__functions.h
[9.426s] -- Installing: /home/yixin/ros2_ws/install/turtlesim/include/turtlesim/turtlesim/srv/detail/teleport_absolute__type_support.c
[9.426s] -- Up-to-date: /home/yixin/ros2_ws/install/turtlesim/include/turtlesim/turtlesim/srv/detail/teleport_relative__type_support.c
[9.426s] -- Up-to-date: /home/yixin/ros2_ws/install/turtlesim/include/turtlesim/turtlesim/srv/detail/kill__type_support.h
[9.426s] -- Up-to-date: /home/yixin/ros2_ws/install/turtlesim/include/turtlesim/turtlesim/srv/detail/spawn__struct.h
[9.426s] -- Up-to-date: /home/yixin/ros2_ws/install/turtlesim/include/turtlesim/turtlesim/srv/detail/teleport_absolute__description.c
[9.427s] -- Up-to-date: /home/yixin/ros2_ws/install/turtlesim/include/turtlesim/turtlesim/srv/detail/teleport_relative__struct.h
[9.427s] -- Installing: /home/yixin/ros2_ws/install/turtlesim/include/turtlesim/turtlesim/srv/detail/spawn__type_support.c
[9.427s] -- Up-to-date: /home/yixin/ros2_ws/install/turtlesim/include/turtlesim/turtlesim/srv/detail/kill__functions.c
[9.427s] -- Up-to-date: /home/yixin/ros2_ws/install/turtlesim/include/turtlesim/turtlesim/srv/detail/kill__description.c
[9.427s] -- Up-to-date: /home/yixin/ros2_ws/install/turtlesim/include/turtlesim/turtlesim/srv/detail/teleport_relative__functions.c
[9.427s] -- Up-to-date: /home/yixin/ros2_ws/install/turtlesim/include/turtlesim/turtlesim/srv/detail/teleport_absolute__struct.h
[9.427s] -- Up-to-date: /home/yixin/ros2_ws/install/turtlesim/include/turtlesim/turtlesim/srv/detail/teleport_absolute__functions.h
[9.427s] -- Up-to-date: /home/yixin/ros2_ws/install/turtlesim/include/turtlesim/turtlesim/srv/detail/set_pen__type_support.h
[9.427s] -- Up-to-date: /home/yixin/ros2_ws/install/turtlesim/include/turtlesim/turtlesim/srv/detail/set_pen__functions.c
[9.429s] -- Up-to-date: /home/yixin/ros2_ws/install/turtlesim/include/turtlesim/turtlesim/srv/detail/spawn__description.c
[9.430s] -- Up-to-date: /home/yixin/ros2_ws/install/turtlesim/include/turtlesim/turtlesim/srv/detail/spawn__functions.c
[9.430s] -- Up-to-date: /home/yixin/ros2_ws/install/turtlesim/include/turtlesim/turtlesim/srv/detail/teleport_relative__functions.h
[9.430s] -- Up-to-date: /home/yixin/ros2_ws/install/turtlesim/include/turtlesim/turtlesim/srv/detail/kill__functions.h
[9.430s] -- Up-to-date: /home/yixin/ros2_ws/install/turtlesim/include/turtlesim/turtlesim/srv/detail/teleport_relative__description.c
[9.430s] -- Up-to-date: /home/yixin/ros2_ws/install/turtlesim/include/turtlesim/turtlesim/srv/detail/teleport_absolute__functions.c
[9.430s] -- Up-to-date: /home/yixin/ros2_ws/install/turtlesim/include/turtlesim/turtlesim/srv/detail/teleport_absolute__type_support.h
[9.430s] -- Up-to-date: /home/yixin/ros2_ws/install/turtlesim/include/turtlesim/turtlesim/srv/kill.h
[9.430s] -- Up-to-date: /home/yixin/ros2_ws/install/turtlesim/include/turtlesim/turtlesim/srv/teleport_absolute.h
[9.431s] -- Up-to-date: /home/yixin/ros2_ws/install/turtlesim/include/turtlesim/turtlesim/srv/spawn.h
[9.431s] -- Up-to-date: /home/yixin/ros2_ws/install/turtlesim/include/turtlesim/turtlesim/srv/set_pen.h
[9.431s] -- Up-to-date: /home/yixin/ros2_ws/install/turtlesim/share/turtlesim/environment/library_path.sh
[9.431s] -- Up-to-date: /home/yixin/ros2_ws/install/turtlesim/share/turtlesim/environment/library_path.dsv
[9.431s] -- Up-to-date: /home/yixin/ros2_ws/install/turtlesim/lib/libturtlesim__rosidl_generator_c.so
[9.431s] -- Up-to-date: /home/yixin/ros2_ws/install/turtlesim/include/turtlesim/turtlesim
[9.431s] -- Up-to-date: /home/yixin/ros2_ws/install/turtlesim/include/turtlesim/turtlesim/action
[9.431s] -- Up-to-date: /home/yixin/ros2_ws/install/turtlesim/include/turtlesim/turtlesim/action/detail
[9.431s] -- Up-to-date: /home/yixin/ros2_ws/install/turtlesim/include/turtlesim/turtlesim/action/detail/rotate_absolute__rosidl_typesupport_fastrtps_c.h
[9.431s] -- Up-to-date: /home/yixin/ros2_ws/install/turtlesim/include/turtlesim/turtlesim/msg
[9.432s] -- Up-to-date: /home/yixin/ros2_ws/install/turtlesim/include/turtlesim/turtlesim/msg/detail
[9.432s] -- Up-to-date: /home/yixin/ros2_ws/install/turtlesim/include/turtlesim/turtlesim/msg/detail/pose__rosidl_typesupport_fastrtps_c.h
[9.432s] -- Up-to-date: /home/yixin/ros2_ws/install/turtlesim/include/turtlesim/turtlesim/msg/detail/color__rosidl_typesupport_fastrtps_c.h
[9.432s] -- Up-to-date: /home/yixin/ros2_ws/install/turtlesim/include/turtlesim/turtlesim/msg/rosidl_typesupport_fastrtps_c__visibility_control.h
[9.432s] -- Up-to-date: /home/yixin/ros2_ws/install/turtlesim/include/turtlesim/turtlesim/srv
[9.432s] -- Up-to-date: /home/yixin/ros2_ws/install/turtlesim/include/turtlesim/turtlesim/srv/detail
[9.437s] -- Up-to-date: /home/yixin/ros2_ws/install/turtlesim/include/turtlesim/turtlesim/srv/detail/kill__rosidl_typesupport_fastrtps_c.h
[9.437s] -- Up-to-date: /home/yixin/ros2_ws/install/turtlesim/include/turtlesim/turtlesim/srv/detail/set_pen__rosidl_typesupport_fastrtps_c.h
[9.437s] -- Up-to-date: /home/yixin/ros2_ws/install/turtlesim/include/turtlesim/turtlesim/srv/detail/teleport_relative__rosidl_typesupport_fastrtps_c.h
[9.438s] -- Up-to-date: /home/yixin/ros2_ws/install/turtlesim/include/turtlesim/turtlesim/srv/detail/spawn__rosidl_typesupport_fastrtps_c.h
[9.438s] -- Up-to-date: /home/yixin/ros2_ws/install/turtlesim/include/turtlesim/turtlesim/srv/detail/teleport_absolute__rosidl_typesupport_fastrtps_c.h
[9.438s] -- Up-to-date: /home/yixin/ros2_ws/install/turtlesim/lib/libturtlesim__rosidl_typesupport_fastrtps_c.so
[9.438s] -- Up-to-date: /home/yixin/ros2_ws/install/turtlesim/include/turtlesim/turtlesim
[9.438s] -- Up-to-date: /home/yixin/ros2_ws/install/turtlesim/include/turtlesim/turtlesim/action
[9.438s] -- Up-to-date: /home/yixin/ros2_ws/install/turtlesim/include/turtlesim/turtlesim/action/detail
[9.438s] -- Up-to-date: /home/yixin/ros2_ws/install/turtlesim/include/turtlesim/turtlesim/action/detail/rotate_absolute__builder.hpp
[9.438s] -- Up-to-date: /home/yixin/ros2_ws/install/turtlesim/include/turtlesim/turtlesim/action/detail/rotate_absolute__type_support.hpp
[9.438s] -- Up-to-date: /home/yixin/ros2_ws/install/turtlesim/include/turtlesim/turtlesim/action/detail/rotate_absolute__traits.hpp
[9.438s] -- Up-to-date: /home/yixin/ros2_ws/install/turtlesim/include/turtlesim/turtlesim/action/detail/rotate_absolute__struct.hpp
[9.438s] -- Up-to-date: /home/yixin/ros2_ws/install/turtlesim/include/turtlesim/turtlesim/action/rotate_absolute.hpp
[9.439s] -- Up-to-date: /home/yixin/ros2_ws/install/turtlesim/include/turtlesim/turtlesim/msg
[9.439s] -- Up-to-date: /home/yixin/ros2_ws/install/turtlesim/include/turtlesim/turtlesim/msg/pose.hpp
[9.439s] -- Up-to-date: /home/yixin/ros2_ws/install/turtlesim/include/turtlesim/turtlesim/msg/detail
[9.439s] -- Up-to-date: /home/yixin/ros2_ws/install/turtlesim/include/turtlesim/turtlesim/msg/detail/pose__type_support.hpp
[9.439s] -- Up-to-date: /home/yixin/ros2_ws/install/turtlesim/include/turtlesim/turtlesim/msg/detail/pose__builder.hpp
[9.439s] -- Up-to-date: /home/yixin/ros2_ws/install/turtlesim/include/turtlesim/turtlesim/msg/detail/color__struct.hpp
[9.439s] -- Up-to-date: /home/yixin/ros2_ws/install/turtlesim/include/turtlesim/turtlesim/msg/detail/pose__struct.hpp
[9.439s] -- Up-to-date: /home/yixin/ros2_ws/install/turtlesim/include/turtlesim/turtlesim/msg/detail/color__builder.hpp
[9.439s] -- Up-to-date: /home/yixin/ros2_ws/install/turtlesim/include/turtlesim/turtlesim/msg/detail/color__traits.hpp
[9.439s] -- Up-to-date: /home/yixin/ros2_ws/install/turtlesim/include/turtlesim/turtlesim/msg/detail/pose__traits.hpp
[9.439s] -- Up-to-date: /home/yixin/ros2_ws/install/turtlesim/include/turtlesim/turtlesim/msg/detail/color__type_support.hpp
[9.439s] -- Up-to-date: /home/yixin/ros2_ws/install/turtlesim/include/turtlesim/turtlesim/msg/rosidl_generator_cpp__visibility_control.hpp
[9.439s] -- Up-to-date: /home/yixin/ros2_ws/install/turtlesim/include/turtlesim/turtlesim/msg/color.hpp
[9.440s] -- Up-to-date: /home/yixin/ros2_ws/install/turtlesim/include/turtlesim/turtlesim/srv
[9.440s] -- Up-to-date: /home/yixin/ros2_ws/install/turtlesim/include/turtlesim/turtlesim/srv/detail
[9.440s] -- Up-to-date: /home/yixin/ros2_ws/install/turtlesim/include/turtlesim/turtlesim/srv/detail/set_pen__type_support.hpp
[9.440s] -- Up-to-date: /home/yixin/ros2_ws/install/turtlesim/include/turtlesim/turtlesim/srv/detail/spawn__struct.hpp
[9.440s] -- Up-to-date: /home/yixin/ros2_ws/install/turtlesim/include/turtlesim/turtlesim/srv/detail/spawn__traits.hpp
[9.445s] -- Up-to-date: /home/yixin/ros2_ws/install/turtlesim/include/turtlesim/turtlesim/srv/detail/kill__traits.hpp
[9.445s] -- Up-to-date: /home/yixin/ros2_ws/install/turtlesim/include/turtlesim/turtlesim/srv/detail/spawn__type_support.hpp
[9.445s] -- Up-to-date: /home/yixin/ros2_ws/install/turtlesim/include/turtlesim/turtlesim/srv/detail/set_pen__builder.hpp
[9.445s] -- Up-to-date: /home/yixin/ros2_ws/install/turtlesim/include/turtlesim/turtlesim/srv/detail/teleport_relative__traits.hpp
[9.445s] -- Up-to-date: /home/yixin/ros2_ws/install/turtlesim/include/turtlesim/turtlesim/srv/detail/teleport_absolute__type_support.hpp
[9.445s] -- Up-to-date: /home/yixin/ros2_ws/install/turtlesim/include/turtlesim/turtlesim/srv/detail/teleport_relative__struct.hpp
[9.445s] -- Up-to-date: /home/yixin/ros2_ws/install/turtlesim/include/turtlesim/turtlesim/srv/detail/set_pen__struct.hpp
[9.445s] -- Up-to-date: /home/yixin/ros2_ws/install/turtlesim/include/turtlesim/turtlesim/srv/detail/teleport_absolute__struct.hpp
[9.445s] -- Up-to-date: /home/yixin/ros2_ws/install/turtlesim/include/turtlesim/turtlesim/srv/detail/kill__struct.hpp
[9.445s] -- Up-to-date: /home/yixin/ros2_ws/install/turtlesim/include/turtlesim/turtlesim/srv/detail/teleport_absolute__traits.hpp
[9.446s] -- Up-to-date: /home/yixin/ros2_ws/install/turtlesim/include/turtlesim/turtlesim/srv/detail/set_pen__traits.hpp
[9.446s] -- Up-to-date: /home/yixin/ros2_ws/install/turtlesim/include/turtlesim/turtlesim/srv/detail/spawn__builder.hpp
[9.446s] -- Up-to-date: /home/yixin/ros2_ws/install/turtlesim/include/turtlesim/turtlesim/srv/detail/teleport_relative__builder.hpp
[9.446s] -- Up-to-date: /home/yixin/ros2_ws/install/turtlesim/include/turtlesim/turtlesim/srv/detail/kill__builder.hpp
[9.446s] -- Up-to-date: /home/yixin/ros2_ws/install/turtlesim/include/turtlesim/turtlesim/srv/detail/teleport_absolute__builder.hpp
[9.446s] -- Up-to-date: /home/yixin/ros2_ws/install/turtlesim/include/turtlesim/turtlesim/srv/detail/kill__type_support.hpp
[9.446s] -- Up-to-date: /home/yixin/ros2_ws/install/turtlesim/include/turtlesim/turtlesim/srv/detail/teleport_relative__type_support.hpp
[9.446s] -- Up-to-date: /home/yixin/ros2_ws/install/turtlesim/include/turtlesim/turtlesim/srv/kill.hpp
[9.446s] -- Up-to-date: /home/yixin/ros2_ws/install/turtlesim/include/turtlesim/turtlesim/srv/set_pen.hpp
[9.446s] -- Up-to-date: /home/yixin/ros2_ws/install/turtlesim/include/turtlesim/turtlesim/srv/teleport_absolute.hpp
[9.447s] -- Up-to-date: /home/yixin/ros2_ws/install/turtlesim/include/turtlesim/turtlesim/srv/spawn.hpp
[9.447s] -- Up-to-date: /home/yixin/ros2_ws/install/turtlesim/include/turtlesim/turtlesim/srv/teleport_relative.hpp
[9.447s] -- Up-to-date: /home/yixin/ros2_ws/install/turtlesim/include/turtlesim/turtlesim
[9.447s] -- Up-to-date: /home/yixin/ros2_ws/install/turtlesim/include/turtlesim/turtlesim/action
[9.447s] -- Up-to-date: /home/yixin/ros2_ws/install/turtlesim/include/turtlesim/turtlesim/action/detail
[9.447s] -- Up-to-date: /home/yixin/ros2_ws/install/turtlesim/include/turtlesim/turtlesim/action/detail/dds_fastrtps
[9.447s] -- Up-to-date: /home/yixin/ros2_ws/install/turtlesim/include/turtlesim/turtlesim/action/detail/rotate_absolute__rosidl_typesupport_fastrtps_cpp.hpp
[9.447s] -- Up-to-date: /home/yixin/ros2_ws/install/turtlesim/include/turtlesim/turtlesim/msg
[9.447s] -- Up-to-date: /home/yixin/ros2_ws/install/turtlesim/include/turtlesim/turtlesim/msg/detail
[9.447s] -- Up-to-date: /home/yixin/ros2_ws/install/turtlesim/include/turtlesim/turtlesim/msg/detail/pose__rosidl_typesupport_fastrtps_cpp.hpp
[9.448s] -- Up-to-date: /home/yixin/ros2_ws/install/turtlesim/include/turtlesim/turtlesim/msg/detail/dds_fastrtps
[9.448s] -- Up-to-date: /home/yixin/ros2_ws/install/turtlesim/include/turtlesim/turtlesim/msg/detail/color__rosidl_typesupport_fastrtps_cpp.hpp
[9.448s] -- Up-to-date: /home/yixin/ros2_ws/install/turtlesim/include/turtlesim/turtlesim/msg/rosidl_typesupport_fastrtps_cpp__visibility_control.h
[9.448s] -- Up-to-date: /home/yixin/ros2_ws/install/turtlesim/include/turtlesim/turtlesim/srv
[9.453s] -- Up-to-date: /home/yixin/ros2_ws/install/turtlesim/include/turtlesim/turtlesim/srv/detail
[9.457s] -- Up-to-date: /home/yixin/ros2_ws/install/turtlesim/include/turtlesim/turtlesim/srv/detail/set_pen__rosidl_typesupport_fastrtps_cpp.hpp
[9.457s] -- Up-to-date: /home/yixin/ros2_ws/install/turtlesim/include/turtlesim/turtlesim/srv/detail/teleport_absolute__rosidl_typesupport_fastrtps_cpp.hpp
[9.457s] -- Up-to-date: /home/yixin/ros2_ws/install/turtlesim/include/turtlesim/turtlesim/srv/detail/spawn__rosidl_typesupport_fastrtps_cpp.hpp
[9.458s] -- Up-to-date: /home/yixin/ros2_ws/install/turtlesim/include/turtlesim/turtlesim/srv/detail/dds_fastrtps
[9.458s] -- Up-to-date: /home/yixin/ros2_ws/install/turtlesim/include/turtlesim/turtlesim/srv/detail/teleport_relative__rosidl_typesupport_fastrtps_cpp.hpp
[9.458s] -- Up-to-date: /home/yixin/ros2_ws/install/turtlesim/include/turtlesim/turtlesim/srv/detail/kill__rosidl_typesupport_fastrtps_cpp.hpp
[9.458s] -- Up-to-date: /home/yixin/ros2_ws/install/turtlesim/lib/libturtlesim__rosidl_typesupport_fastrtps_cpp.so
[9.458s] -- Up-to-date: /home/yixin/ros2_ws/install/turtlesim/include/turtlesim/turtlesim
[9.458s] -- Up-to-date: /home/yixin/ros2_ws/install/turtlesim/include/turtlesim/turtlesim/action
[9.458s] -- Up-to-date: /home/yixin/ros2_ws/install/turtlesim/include/turtlesim/turtlesim/action/detail
[9.458s] -- Up-to-date: /home/yixin/ros2_ws/install/turtlesim/include/turtlesim/turtlesim/action/detail/rotate_absolute__rosidl_typesupport_introspection_c.h
[9.458s] -- Up-to-date: /home/yixin/ros2_ws/install/turtlesim/include/turtlesim/turtlesim/action/detail/rotate_absolute__type_support.c
[9.458s] -- Up-to-date: /home/yixin/ros2_ws/install/turtlesim/include/turtlesim/turtlesim/msg
[9.458s] -- Up-to-date: /home/yixin/ros2_ws/install/turtlesim/include/turtlesim/turtlesim/msg/detail
[9.459s] -- Up-to-date: /home/yixin/ros2_ws/install/turtlesim/include/turtlesim/turtlesim/msg/detail/color__type_support.c
[9.459s] -- Up-to-date: /home/yixin/ros2_ws/install/turtlesim/include/turtlesim/turtlesim/msg/detail/pose__type_support.c
[9.459s] -- Up-to-date: /home/yixin/ros2_ws/install/turtlesim/include/turtlesim/turtlesim/msg/detail/pose__rosidl_typesupport_introspection_c.h
[9.459s] -- Up-to-date: /home/yixin/ros2_ws/install/turtlesim/include/turtlesim/turtlesim/msg/detail/color__rosidl_typesupport_introspection_c.h
[9.459s] -- Up-to-date: /home/yixin/ros2_ws/install/turtlesim/include/turtlesim/turtlesim/msg/rosidl_typesupport_introspection_c__visibility_control.h
[9.459s] -- Up-to-date: /home/yixin/ros2_ws/install/turtlesim/include/turtlesim/turtlesim/srv
[9.459s] -- Up-to-date: /home/yixin/ros2_ws/install/turtlesim/include/turtlesim/turtlesim/srv/detail
[9.459s] -- Installing: /home/yixin/ros2_ws/install/turtlesim/include/turtlesim/turtlesim/srv/detail/set_pen__type_support.c
[9.459s] -- Up-to-date: /home/yixin/ros2_ws/install/turtlesim/include/turtlesim/turtlesim/srv/detail/kill__type_support.c
[9.459s] -- Installing: /home/yixin/ros2_ws/install/turtlesim/include/turtlesim/turtlesim/srv/detail/teleport_absolute__type_support.c
[9.459s] -- Up-to-date: /home/yixin/ros2_ws/install/turtlesim/include/turtlesim/turtlesim/srv/detail/set_pen__rosidl_typesupport_introspection_c.h
[9.460s] -- Up-to-date: /home/yixin/ros2_ws/install/turtlesim/include/turtlesim/turtlesim/srv/detail/teleport_relative__type_support.c
[9.460s] -- Installing: /home/yixin/ros2_ws/install/turtlesim/include/turtlesim/turtlesim/srv/detail/spawn__type_support.c
[9.460s] -- Up-to-date: /home/yixin/ros2_ws/install/turtlesim/include/turtlesim/turtlesim/srv/detail/teleport_relative__rosidl_typesupport_introspection_c.h
[9.460s] -- Up-to-date: /home/yixin/ros2_ws/install/turtlesim/include/turtlesim/turtlesim/srv/detail/teleport_absolute__rosidl_typesupport_introspection_c.h
[9.461s] -- Up-to-date: /home/yixin/ros2_ws/install/turtlesim/include/turtlesim/turtlesim/srv/detail/spawn__rosidl_typesupport_introspection_c.h
[9.463s] -- Up-to-date: /home/yixin/ros2_ws/install/turtlesim/include/turtlesim/turtlesim/srv/detail/kill__rosidl_typesupport_introspection_c.h
[9.463s] -- Up-to-date: /home/yixin/ros2_ws/install/turtlesim/lib/libturtlesim__rosidl_typesupport_introspection_c.so
[9.463s] -- Up-to-date: /home/yixin/ros2_ws/install/turtlesim/lib/libturtlesim__rosidl_typesupport_c.so
[9.463s] -- Up-to-date: /home/yixin/ros2_ws/install/turtlesim/include/turtlesim/turtlesim
[9.463s] -- Up-to-date: /home/yixin/ros2_ws/install/turtlesim/include/turtlesim/turtlesim/action
[9.463s] -- Up-to-date: /home/yixin/ros2_ws/install/turtlesim/include/turtlesim/turtlesim/action/detail
[9.463s] -- Up-to-date: /home/yixin/ros2_ws/install/turtlesim/include/turtlesim/turtlesim/action/detail/rotate_absolute__type_support.cpp
[9.463s] -- Up-to-date: /home/yixin/ros2_ws/install/turtlesim/include/turtlesim/turtlesim/action/detail/rotate_absolute__rosidl_typesupport_introspection_cpp.hpp
[9.463s] -- Up-to-date: /home/yixin/ros2_ws/install/turtlesim/include/turtlesim/turtlesim/msg
[9.464s] -- Up-to-date: /home/yixin/ros2_ws/install/turtlesim/include/turtlesim/turtlesim/msg/detail
[9.464s] -- Up-to-date: /home/yixin/ros2_ws/install/turtlesim/include/turtlesim/turtlesim/msg/detail/color__rosidl_typesupport_introspection_cpp.hpp
[9.464s] -- Up-to-date: /home/yixin/ros2_ws/install/turtlesim/include/turtlesim/turtlesim/msg/detail/color__type_support.cpp
[9.464s] -- Up-to-date: /home/yixin/ros2_ws/install/turtlesim/include/turtlesim/turtlesim/msg/detail/pose__rosidl_typesupport_introspection_cpp.hpp
[9.464s] -- Up-to-date: /home/yixin/ros2_ws/install/turtlesim/include/turtlesim/turtlesim/msg/detail/pose__type_support.cpp
[9.464s] -- Up-to-date: /home/yixin/ros2_ws/install/turtlesim/include/turtlesim/turtlesim/srv
[9.464s] -- Up-to-date: /home/yixin/ros2_ws/install/turtlesim/include/turtlesim/turtlesim/srv/detail
[9.464s] -- Up-to-date: /home/yixin/ros2_ws/install/turtlesim/include/turtlesim/turtlesim/srv/detail/set_pen__rosidl_typesupport_introspection_cpp.hpp
[9.464s] -- Up-to-date: /home/yixin/ros2_ws/install/turtlesim/include/turtlesim/turtlesim/srv/detail/teleport_absolute__rosidl_typesupport_introspection_cpp.hpp
[9.464s] -- Up-to-date: /home/yixin/ros2_ws/install/turtlesim/include/turtlesim/turtlesim/srv/detail/spawn__rosidl_typesupport_introspection_cpp.hpp
[9.464s] -- Up-to-date: /home/yixin/ros2_ws/install/turtlesim/include/turtlesim/turtlesim/srv/detail/set_pen__type_support.cpp
[9.465s] -- Up-to-date: /home/yixin/ros2_ws/install/turtlesim/include/turtlesim/turtlesim/srv/detail/kill__rosidl_typesupport_introspection_cpp.hpp
[9.465s] -- Up-to-date: /home/yixin/ros2_ws/install/turtlesim/include/turtlesim/turtlesim/srv/detail/spawn__type_support.cpp
[9.465s] -- Up-to-date: /home/yixin/ros2_ws/install/turtlesim/include/turtlesim/turtlesim/srv/detail/teleport_relative__rosidl_typesupport_introspection_cpp.hpp
[9.465s] -- Up-to-date: /home/yixin/ros2_ws/install/turtlesim/include/turtlesim/turtlesim/srv/detail/kill__type_support.cpp
[9.469s] -- Up-to-date: /home/yixin/ros2_ws/install/turtlesim/include/turtlesim/turtlesim/srv/detail/teleport_absolute__type_support.cpp
[9.469s] -- Up-to-date: /home/yixin/ros2_ws/install/turtlesim/include/turtlesim/turtlesim/srv/detail/teleport_relative__type_support.cpp
[9.472s] -- Up-to-date: /home/yixin/ros2_ws/install/turtlesim/lib/libturtlesim__rosidl_typesupport_introspection_cpp.so
[9.472s] -- Up-to-date: /home/yixin/ros2_ws/install/turtlesim/lib/libturtlesim__rosidl_typesupport_cpp.so
[9.472s] -- Up-to-date: /home/yixin/ros2_ws/install/turtlesim/share/turtlesim/environment/pythonpath.sh
[9.472s] -- Up-to-date: /home/yixin/ros2_ws/install/turtlesim/share/turtlesim/environment/pythonpath.dsv
[9.472s] -- Up-to-date: /home/yixin/ros2_ws/install/turtlesim/lib/python3.12/site-packages/turtlesim-1.8.3-py3.12.egg-info
[9.472s] -- Installing: /home/yixin/ros2_ws/install/turtlesim/lib/python3.12/site-packages/turtlesim-1.8.3-py3.12.egg-info/top_level.txt
[9.472s] -- Installing: /home/yixin/ros2_ws/install/turtlesim/lib/python3.12/site-packages/turtlesim-1.8.3-py3.12.egg-info/dependency_links.txt
[9.472s] -- Installing: /home/yixin/ros2_ws/install/turtlesim/lib/python3.12/site-packages/turtlesim-1.8.3-py3.12.egg-info/PKG-INFO
[9.472s] -- Installing: /home/yixin/ros2_ws/install/turtlesim/lib/python3.12/site-packages/turtlesim-1.8.3-py3.12.egg-info/SOURCES.txt
[9.472s] -- Up-to-date: /home/yixin/ros2_ws/install/turtlesim/lib/python3.12/site-packages/turtlesim
[9.473s] -- Up-to-date: /home/yixin/ros2_ws/install/turtlesim/lib/python3.12/site-packages/turtlesim/_turtlesim_s.ep.rosidl_typesupport_c.c
[9.473s] -- Up-to-date: /home/yixin/ros2_ws/install/turtlesim/lib/python3.12/site-packages/turtlesim/__init__.py
[9.473s] -- Up-to-date: /home/yixin/ros2_ws/install/turtlesim/lib/python3.12/site-packages/turtlesim/turtlesim_s__rosidl_typesupport_c.so
[9.473s] -- Up-to-date: /home/yixin/ros2_ws/install/turtlesim/lib/python3.12/site-packages/turtlesim/_turtlesim_s.ep.rosidl_typesupport_fastrtps_c.c
[9.473s] -- Up-to-date: /home/yixin/ros2_ws/install/turtlesim/lib/python3.12/site-packages/turtlesim/action
[9.473s] -- Up-to-date: /home/yixin/ros2_ws/install/turtlesim/lib/python3.12/site-packages/turtlesim/action/_rotate_absolute.py
[9.473s] -- Up-to-date: /home/yixin/ros2_ws/install/turtlesim/lib/python3.12/site-packages/turtlesim/action/__init__.py
[9.473s] -- Up-to-date: /home/yixin/ros2_ws/install/turtlesim/lib/python3.12/site-packages/turtlesim/action/_rotate_absolute_s.c
[9.473s] -- Up-to-date: /home/yixin/ros2_ws/install/turtlesim/lib/python3.12/site-packages/turtlesim/msg
[9.473s] -- Up-to-date: /home/yixin/ros2_ws/install/turtlesim/lib/python3.12/site-packages/turtlesim/msg/_pose.py
[9.473s] -- Up-to-date: /home/yixin/ros2_ws/install/turtlesim/lib/python3.12/site-packages/turtlesim/msg/_pose_s.c
[9.473s] -- Up-to-date: /home/yixin/ros2_ws/install/turtlesim/lib/python3.12/site-packages/turtlesim/msg/__init__.py
[9.474s] -- Up-to-date: /home/yixin/ros2_ws/install/turtlesim/lib/python3.12/site-packages/turtlesim/msg/_color_s.c
[9.474s] -- Up-to-date: /home/yixin/ros2_ws/install/turtlesim/lib/python3.12/site-packages/turtlesim/msg/_color.py
[9.474s] -- Up-to-date: /home/yixin/ros2_ws/install/turtlesim/lib/python3.12/site-packages/turtlesim/turtlesim_s__rosidl_typesupport_fastrtps_c.so
[9.474s] -- Up-to-date: /home/yixin/ros2_ws/install/turtlesim/lib/python3.12/site-packages/turtlesim/_turtlesim_s.ep.rosidl_typesupport_introspection_c.c
[9.474s] -- Up-to-date: /home/yixin/ros2_ws/install/turtlesim/lib/python3.12/site-packages/turtlesim/turtlesim_s__rosidl_typesupport_introspection_c.so
[9.474s] -- Up-to-date: /home/yixin/ros2_ws/install/turtlesim/lib/python3.12/site-packages/turtlesim/srv
[9.474s] -- Up-to-date: /home/yixin/ros2_ws/install/turtlesim/lib/python3.12/site-packages/turtlesim/srv/_kill.py
[9.474s] -- Up-to-date: /home/yixin/ros2_ws/install/turtlesim/lib/python3.12/site-packages/turtlesim/srv/_spawn.py
[9.474s] -- Up-to-date: /home/yixin/ros2_ws/install/turtlesim/lib/python3.12/site-packages/turtlesim/srv/_teleport_absolute.py
[9.474s] -- Up-to-date: /home/yixin/ros2_ws/install/turtlesim/lib/python3.12/site-packages/turtlesim/srv/_kill_s.c
[9.474s] -- Up-to-date: /home/yixin/ros2_ws/install/turtlesim/lib/python3.12/site-packages/turtlesim/srv/_teleport_absolute_s.c
[9.475s] -- Up-to-date: /home/yixin/ros2_ws/install/turtlesim/lib/python3.12/site-packages/turtlesim/srv/_set_pen.py
[9.475s] -- Up-to-date: /home/yixin/ros2_ws/install/turtlesim/lib/python3.12/site-packages/turtlesim/srv/_spawn_s.c
[9.475s] -- Up-to-date: /home/yixin/ros2_ws/install/turtlesim/lib/python3.12/site-packages/turtlesim/srv/__init__.py
[9.475s] -- Up-to-date: /home/yixin/ros2_ws/install/turtlesim/lib/python3.12/site-packages/turtlesim/srv/_set_pen_s.c
[9.475s] -- Up-to-date: /home/yixin/ros2_ws/install/turtlesim/lib/python3.12/site-packages/turtlesim/srv/_teleport_relative_s.c
[9.475s] -- Up-to-date: /home/yixin/ros2_ws/install/turtlesim/lib/python3.12/site-packages/turtlesim/srv/_teleport_relative.py
[9.552s] Listing '/home/yixin/ros2_ws/install/turtlesim/lib/python3.12/site-packages/turtlesim'...
[9.553s] Listing '/home/yixin/ros2_ws/install/turtlesim/lib/python3.12/site-packages/turtlesim/action'...
[9.553s] Listing '/home/yixin/ros2_ws/install/turtlesim/lib/python3.12/site-packages/turtlesim/msg'...
[9.553s] Listing '/home/yixin/ros2_ws/install/turtlesim/lib/python3.12/site-packages/turtlesim/srv'...
[9.570s] -- Up-to-date: /home/yixin/ros2_ws/install/turtlesim/lib/python3.12/site-packages/turtlesim/turtlesim_s__rosidl_typesupport_fastrtps_c.so
[9.570s] -- Up-to-date: /home/yixin/ros2_ws/install/turtlesim/lib/python3.12/site-packages/turtlesim/turtlesim_s__rosidl_typesupport_introspection_c.so
[9.572s] -- Up-to-date: /home/yixin/ros2_ws/install/turtlesim/lib/python3.12/site-packages/turtlesim/turtlesim_s__rosidl_typesupport_c.so
[9.574s] -- Up-to-date: /home/yixin/ros2_ws/install/turtlesim/lib/libturtlesim__rosidl_generator_py.so
[9.574s] -- Up-to-date: /home/yixin/ros2_ws/install/turtlesim/share/turtlesim/action/RotateAbsolute.idl
[9.575s] -- Up-to-date: /home/yixin/ros2_ws/install/turtlesim/share/turtlesim/msg/Color.idl
[9.576s] -- Up-to-date: /home/yixin/ros2_ws/install/turtlesim/share/turtlesim/msg/Pose.idl
[9.576s] -- Up-to-date: /home/yixin/ros2_ws/install/turtlesim/share/turtlesim/srv/Kill.idl
[9.577s] -- Up-to-date: /home/yixin/ros2_ws/install/turtlesim/share/turtlesim/srv/SetPen.idl
[9.578s] -- Up-to-date: /home/yixin/ros2_ws/install/turtlesim/share/turtlesim/srv/Spawn.idl
[9.580s] -- Up-to-date: /home/yixin/ros2_ws/install/turtlesim/share/turtlesim/srv/TeleportAbsolute.idl
[9.580s] -- Up-to-date: /home/yixin/ros2_ws/install/turtlesim/share/turtlesim/srv/TeleportRelative.idl
[9.581s] -- Up-to-date: /home/yixin/ros2_ws/install/turtlesim/share/turtlesim/action/RotateAbsolute.action
[9.582s] -- Up-to-date: /home/yixin/ros2_ws/install/turtlesim/share/turtlesim/msg/Color.msg
[9.582s] -- Up-to-date: /home/yixin/ros2_ws/install/turtlesim/share/turtlesim/msg/Pose.msg
[9.583s] -- Up-to-date: /home/yixin/ros2_ws/install/turtlesim/share/turtlesim/srv/Kill.srv
[9.584s] -- Up-to-date: /home/yixin/ros2_ws/install/turtlesim/share/turtlesim/srv/SetPen.srv
[9.584s] -- Up-to-date: /home/yixin/ros2_ws/install/turtlesim/share/turtlesim/srv/Spawn.srv
[9.585s] -- Up-to-date: /home/yixin/ros2_ws/install/turtlesim/share/turtlesim/srv/TeleportAbsolute.srv
[9.586s] -- Up-to-date: /home/yixin/ros2_ws/install/turtlesim/share/turtlesim/srv/TeleportRelative.srv
[9.587s] -- Up-to-date: /home/yixin/ros2_ws/install/turtlesim/lib/turtlesim/turtlesim_node
[9.588s] -- Up-to-date: /home/yixin/ros2_ws/install/turtlesim/lib/turtlesim/turtle_teleop_key
[9.592s] -- Up-to-date: /home/yixin/ros2_ws/install/turtlesim/lib/turtlesim/draw_square
[9.594s] -- Up-to-date: /home/yixin/ros2_ws/install/turtlesim/lib/turtlesim/mimic
[9.596s] -- Up-to-date: /home/yixin/ros2_ws/install/turtlesim/share/turtlesim/images
[9.596s] -- Up-to-date: /home/yixin/ros2_ws/install/turtlesim/share/turtlesim/images/dashing.png
[9.598s] -- Up-to-date: /home/yixin/ros2_ws/install/turtlesim/share/turtlesim/images/ardent.png
[9.598s] -- Up-to-date: /home/yixin/ros2_ws/install/turtlesim/share/turtlesim/images/crystal.png
[9.598s] -- Up-to-date: /home/yixin/ros2_ws/install/turtlesim/share/turtlesim/images/eloquent.png
[9.598s] -- Up-to-date: /home/yixin/ros2_ws/install/turtlesim/share/turtlesim/images/bouncy.png
[9.603s] -- Up-to-date: /home/yixin/ros2_ws/install/turtlesim/share/turtlesim/images/galactic.png
[9.603s] -- Up-to-date: /home/yixin/ros2_ws/install/turtlesim/share/turtlesim/images/rolling.png
[9.603s] -- Up-to-date: /home/yixin/ros2_ws/install/turtlesim/share/turtlesim/images/humble.png
[9.603s] -- Up-to-date: /home/yixin/ros2_ws/install/turtlesim/share/turtlesim/images/foxy.png
[9.603s] -- Up-to-date: /home/yixin/ros2_ws/install/turtlesim/share/turtlesim/images/jazzy.png
[9.603s] -- Up-to-date: /home/yixin/ros2_ws/install/turtlesim/share/turtlesim/images/iron.png
[9.603s] -- Up-to-date: /home/yixin/ros2_ws/install/turtlesim/share/turtlesim/launch
[9.603s] -- Up-to-date: /home/yixin/ros2_ws/install/turtlesim/share/turtlesim/launch/multisim.launch.py
[9.611s] -- Up-to-date: /home/yixin/ros2_ws/install/turtlesim/share/ament_index/resource_index/package_run_dependencies/turtlesim
[9.611s] -- Up-to-date: /home/yixin/ros2_ws/install/turtlesim/share/ament_index/resource_index/parent_prefix_path/turtlesim
[9.612s] -- Up-to-date: /home/yixin/ros2_ws/install/turtlesim/share/turtlesim/environment/ament_prefix_path.sh
[9.612s] -- Up-to-date: /home/yixin/ros2_ws/install/turtlesim/share/turtlesim/environment/ament_prefix_path.dsv
[9.612s] -- Up-to-date: /home/yixin/ros2_ws/install/turtlesim/share/turtlesim/environment/path.sh
[9.612s] -- Up-to-date: /home/yixin/ros2_ws/install/turtlesim/share/turtlesim/environment/path.dsv
[9.612s] -- Up-to-date: /home/yixin/ros2_ws/install/turtlesim/share/turtlesim/local_setup.bash
[9.612s] -- Up-to-date: /home/yixin/ros2_ws/install/turtlesim/share/turtlesim/local_setup.sh
[9.612s] -- Up-to-date: /home/yixin/ros2_ws/install/turtlesim/share/turtlesim/local_setup.zsh
[9.617s] -- Up-to-date: /home/yixin/ros2_ws/install/turtlesim/share/turtlesim/local_setup.dsv
[9.618s] -- Installing: /home/yixin/ros2_ws/install/turtlesim/share/turtlesim/package.dsv
[9.618s] -- Up-to-date: /home/yixin/ros2_ws/install/turtlesim/share/ament_index/resource_index/packages/turtlesim
[9.618s] -- Up-to-date: /home/yixin/ros2_ws/install/turtlesim/share/turtlesim/cmake/export_turtlesim__rosidl_generator_cExport.cmake
[9.618s] -- Up-to-date: /home/yixin/ros2_ws/install/turtlesim/share/turtlesim/cmake/export_turtlesim__rosidl_generator_cExport-noconfig.cmake
[9.618s] -- Up-to-date: /home/yixin/ros2_ws/install/turtlesim/share/turtlesim/cmake/export_turtlesim__rosidl_typesupport_fastrtps_cExport.cmake
[9.621s] -- Up-to-date: /home/yixin/ros2_ws/install/turtlesim/share/turtlesim/cmake/export_turtlesim__rosidl_typesupport_fastrtps_cExport-noconfig.cmake
[9.621s] -- Up-to-date: /home/yixin/ros2_ws/install/turtlesim/share/turtlesim/cmake/export_turtlesim__rosidl_generator_cppExport.cmake
[9.621s] -- Up-to-date: /home/yixin/ros2_ws/install/turtlesim/share/turtlesim/cmake/export_turtlesim__rosidl_typesupport_fastrtps_cppExport.cmake
[9.623s] -- Up-to-date: /home/yixin/ros2_ws/install/turtlesim/share/turtlesim/cmake/export_turtlesim__rosidl_typesupport_fastrtps_cppExport-noconfig.cmake
[9.624s] -- Up-to-date: /home/yixin/ros2_ws/install/turtlesim/share/turtlesim/cmake/turtlesim__rosidl_typesupport_introspection_cExport.cmake
[9.624s] -- Up-to-date: /home/yixin/ros2_ws/install/turtlesim/share/turtlesim/cmake/turtlesim__rosidl_typesupport_introspection_cExport-noconfig.cmake
[9.627s] -- Up-to-date: /home/yixin/ros2_ws/install/turtlesim/share/turtlesim/cmake/turtlesim__rosidl_typesupport_cExport.cmake
[9.627s] -- Up-to-date: /home/yixin/ros2_ws/install/turtlesim/share/turtlesim/cmake/turtlesim__rosidl_typesupport_cExport-noconfig.cmake
[9.627s] -- Up-to-date: /home/yixin/ros2_ws/install/turtlesim/share/turtlesim/cmake/turtlesim__rosidl_typesupport_introspection_cppExport.cmake
[9.627s] -- Up-to-date: /home/yixin/ros2_ws/install/turtlesim/share/turtlesim/cmake/turtlesim__rosidl_typesupport_introspection_cppExport-noconfig.cmake
[9.630s] -- Up-to-date: /home/yixin/ros2_ws/install/turtlesim/share/turtlesim/cmake/turtlesim__rosidl_typesupport_cppExport.cmake
[9.631s] -- Up-to-date: /home/yixin/ros2_ws/install/turtlesim/share/turtlesim/cmake/turtlesim__rosidl_typesupport_cppExport-noconfig.cmake
[9.632s] -- Up-to-date: /home/yixin/ros2_ws/install/turtlesim/share/turtlesim/cmake/export_turtlesim__rosidl_generator_pyExport.cmake
[9.632s] -- Up-to-date: /home/yixin/ros2_ws/install/turtlesim/share/turtlesim/cmake/export_turtlesim__rosidl_generator_pyExport-noconfig.cmake
[9.632s] -- Up-to-date: /home/yixin/ros2_ws/install/turtlesim/share/turtlesim/cmake/rosidl_cmake-extras.cmake
[9.636s] -- Up-to-date: /home/yixin/ros2_ws/install/turtlesim/share/turtlesim/cmake/ament_cmake_export_dependencies-extras.cmake
[9.637s] -- Up-to-date: /home/yixin/ros2_ws/install/turtlesim/share/turtlesim/cmake/ament_cmake_export_include_directories-extras.cmake
[9.637s] -- Up-to-date: /home/yixin/ros2_ws/install/turtlesim/share/turtlesim/cmake/ament_cmake_export_libraries-extras.cmake
[9.637s] -- Up-to-date: /home/yixin/ros2_ws/install/turtlesim/share/turtlesim/cmake/ament_cmake_export_targets-extras.cmake
[9.637s] -- Up-to-date: /home/yixin/ros2_ws/install/turtlesim/share/turtlesim/cmake/rosidl_cmake_export_typesupport_targets-extras.cmake
[9.637s] -- Up-to-date: /home/yixin/ros2_ws/install/turtlesim/share/turtlesim/cmake/rosidl_cmake_export_typesupport_libraries-extras.cmake
[9.637s] -- Up-to-date: /home/yixin/ros2_ws/install/turtlesim/share/turtlesim/cmake/turtlesimConfig.cmake
[9.637s] -- Up-to-date: /home/yixin/ros2_ws/install/turtlesim/share/turtlesim/cmake/turtlesimConfig-version.cmake
[9.637s] -- Up-to-date: /home/yixin/ros2_ws/install/turtlesim/share/turtlesim/package.xml
[9.642s] Invoked command in '/home/yixin/ros2_ws/build/turtlesim' returned '0': CMAKE_PREFIX_PATH=${CMAKE_PREFIX_PATH}:/home/yixin/ros2_ws/install/py_srvcli:/home/yixin/ros2_ws/install/py_pubsub:/home/yixin/ros2_ws/install/python_parameters:/home/yixin/ros2_ws/install/my_python_package:/home/yixin/ros2_ws/install/launch_testing_examples:/home/yixin/ros2_ws/install/examples_rclpy_pointcloud_publisher:/home/yixin/ros2_ws/install/examples_rclpy_minimal_subscriber:/home/yixin/ros2_ws/install/examples_rclpy_minimal_service:/home/yixin/ros2_ws/install/examples_rclpy_minimal_publisher:/home/yixin/ros2_ws/install/examples_rclpy_minimal_client:/home/yixin/ros2_ws/install/examples_rclpy_minimal_action_server:/home/yixin/ros2_ws/install/examples_rclpy_minimal_action_client:/home/yixin/ros2_ws/install/examples_rclpy_guard_conditions:/home/yixin/ros2_ws/install/examples_rclpy_executors:/opt/ros/jazzy DEBUGINFOD_URLS=https://debuginfod.ubuntu.com /usr/bin/cmake --install /home/yixin/ros2_ws/build/turtlesim
